 PhysXCommon_64

 Timestamp is 66f979c2 (Mon Sep 30 00:01:06 2024)

 Preferred load address is 0000000180000000

 Start         Length     Name                   Class
 0001:00000000 000029e0H .text$di                CODE
 0001:000029e0 001182a0H .text$mn                CODE
 0001:0011ac80 00000036H .text$mn$00             CODE
 0001:0011acb6 00000092H .text$x                 CODE
 0002:00000000 00000188H .idata$5                DATA
 0002:00000188 00000038H .00cfg                  DATA
 0002:000001c0 00000008H .CRT$XCA                DATA
 0002:000001c8 00001428H .CRT$XCU                DATA
 0002:000015f0 00000008H .CRT$XCZ                DATA
 0002:000015f8 00000008H .CRT$XIA                DATA
 0002:00001600 00000008H .CRT$XIZ                DATA
 0002:00001608 00000008H .CRT$XPA                DATA
 0002:00001610 00000008H .CRT$XPZ                DATA
 0002:00001618 00000008H .CRT$XTA                DATA
 0002:00001620 00000010H .CRT$XTZ                DATA
 0002:00001628 00000000H .gehcont$y              DATA
 0002:00001628 00000000H .gfids$y                DATA
 0002:00001630 000043d0H .rdata                  DATA
 0002:00005a00 00000000H .rdata$CastGuardVftablesA DATA
 0002:00005a00 00000000H .rdata$CastGuardVftablesC DATA
 0002:00005a00 00000074H .rdata$r                DATA
 0002:00005a74 00000110H .rdata$voltmd           DATA
 0002:00005b84 000003dcH .rdata$zzzdbg           DATA
 0002:00005f60 00000008H .rtc$IAA                DATA
 0002:00005f68 00000008H .rtc$IZZ                DATA
 0002:00005f70 00000008H .rtc$TAA                DATA
 0002:00005f78 00000008H .rtc$TZZ                DATA
 0002:00005f80 0000b560H .xdata                  DATA
 0002:000114e0 00000020H .didat$2                DATA
 0002:00011500 00000020H .didat$3                DATA
 0002:00011520 00000088H .didat$4                DATA
 0002:000115a8 00000318H .didat$6                DATA
 0002:000118c0 00000090H .didat$7                DATA
 0002:00011950 0000a0dcH .edata                  DATA
 0002:0001ba2c 00000078H .idata$2                DATA
 0002:0001baa4 00000014H .idata$3                DATA
 0002:0001bab8 00000188H .idata$4                DATA
 0002:0001bc40 000003daH .idata$6                DATA
 0003:00000000 00000a70H .data                   DATA
 0003:00000a70 00000578H .data$r                 DATA
 0003:00000fe8 00000020H .data$rs                DATA
 0003:00001008 00000088H .didat$5                DATA
 0003:00001090 000029a0H .bss                    DATA
 0004:00000000 00005a30H .pdata                  DATA
 0005:00000000 00002208H _RDATA                  DATA
 0006:00000000 000000a0H .rsrc$01                DATA
 0006:000000a0 000004b0H .rsrc$02                DATA

  Address         Publics by Value              Rva+Base               Lib:Object

 0000:00000000       __AbsoluteZero             0000000000000000     <absolute>
 0000:00000000       ___safe_se_handler_count   0000000000000000     <absolute>
 0000:00000000       ___safe_se_handler_table   0000000000000000     <absolute>
 0000:00000000       __arm64x_extra_rfe_table   0000000000000000     <absolute>
 0000:00000000       __arm64x_extra_rfe_table_size 0000000000000000     <absolute>
 0000:00000000       __arm64x_native_entrypoint 0000000000000000     <absolute>
 0000:00000000       __arm64x_redirection_metadata 0000000000000000     <absolute>
 0000:00000000       __arm64x_redirection_metadata_count 0000000000000000     <absolute>
 0000:00000000       __dynamic_value_reloc_table 0000000000000000     <absolute>
 0000:00000000       __enclave_config           0000000000000000     <absolute>
 0000:00000000       __guard_check_icall_a64n_fptr 0000000000000000     <absolute>
 0000:00000000       __guard_eh_cont_count      0000000000000000     <absolute>
 0000:00000000       __guard_eh_cont_table      0000000000000000     <absolute>
 0000:00000000       __guard_fids_count         0000000000000000     <absolute>
 0000:00000000       __guard_fids_table         0000000000000000     <absolute>
 0000:00000000       __guard_iat_count          0000000000000000     <absolute>
 0000:00000000       __guard_iat_table          0000000000000000     <absolute>
 0000:00000000       __guard_longjmp_count      0000000000000000     <absolute>
 0000:00000000       __guard_longjmp_table      0000000000000000     <absolute>
 0000:00000000       __hybrid_auxiliary_delayload_iat 0000000000000000     <absolute>
 0000:00000000       __hybrid_auxiliary_delayload_iat_copy 0000000000000000     <absolute>
 0000:00000000       __hybrid_auxiliary_iat     0000000000000000     <absolute>
 0000:00000000       __hybrid_auxiliary_iat_copy 0000000000000000     <absolute>
 0000:00000000       __hybrid_code_map          0000000000000000     <absolute>
 0000:00000000       __hybrid_code_map_count    0000000000000000     <absolute>
 0000:00000000       __x64_code_ranges_to_entry_points 0000000000000000     <absolute>
 0000:00000000       __x64_code_ranges_to_entry_points_count 0000000000000000     <absolute>
 0000:00000100       __guard_flags              0000000000000100     <absolute>
 0000:00000000       __ImageBase                0000000180000000     <linker-defined>
 0001:000029e0       ??_ECollection@Cm@physx@@UEAAPEAXI@Z 00000001800039e0 f i CmCollection.obj
 0001:000029e0       ??_GCollection@Cm@physx@@UEAAPEAXI@Z 00000001800039e0 f i CmCollection.obj
 0001:00002a90       ??_EPxCollection@physx@@MEAAPEAXI@Z 0000000180003a90 f i CmCollection.obj
 0001:00002a90       ??_GPxCollection@physx@@MEAAPEAXI@Z 0000000180003a90 f i CmCollection.obj
 0001:00002ac0       ?PxCreateCollection@@YAPEAVPxCollection@physx@@XZ 0000000180003ac0 f   CmCollection.obj
 0001:00002bc0       ?add@Collection@Cm@physx@@UEAAXAEAVPxBase@3@_K@Z 0000000180003bc0 f   CmCollection.obj
 0001:00002cb0       ?add@Collection@Cm@physx@@UEAAXAEAVPxCollection@3@@Z 0000000180003cb0 f   CmCollection.obj
 0001:00002e50       ?addId@Collection@Cm@physx@@UEAAXAEAVPxBase@3@_K@Z 0000000180003e50 f   CmCollection.obj
 0001:00002f80       ?contains@Collection@Cm@physx@@UEBA_NAEAVPxBase@3@@Z 0000000180003f80 f   CmCollection.obj
 0001:00003030       ?create@?$HashBase@V?$Pair@$$CB_KPEAVPxBase@physx@@@shdfnd@physx@@_KU?$Hash@_K@23@UGetKey@?$HashMapBase@_KPEAVPxBase@physx@@U?$Hash@_K@shdfnd@2@VNonTrackingAllocator@42@@internal@23@VNonTrackingAllocator@23@$00@internal@shdfnd@physx@@QEAAPEAV?$Pair@$$CB_KPEAVPxBase@physx@@@34@AEB_KAEA_N@Z 0000000180004030 f i CmCollection.obj
 0001:00003030       ?create@?$HashBase@V?$Pair@QEAVPxBase@physx@@_K@shdfnd@physx@@PEAVPxBase@3@U?$Hash@PEAVPxBase@physx@@@23@UGetKey@?$HashMapBase@PEAVPxBase@physx@@_KU?$Hash@PEAVPxBase@physx@@@shdfnd@2@VNonTrackingAllocator@42@@internal@23@VNonTrackingAllocator@23@$00@internal@shdfnd@physx@@QEAAPEAV?$Pair@QEAVPxBase@physx@@_K@34@AEBQEAVPxBase@4@AEA_N@Z 0000000180004030 f i CmCollection.obj
 0001:000031c0       ?erase@?$HashBase@V?$Pair@$$CB_KPEAVPxBase@physx@@@shdfnd@physx@@_KU?$Hash@_K@23@UGetKey@?$HashMapBase@_KPEAVPxBase@physx@@U?$Hash@_K@shdfnd@2@VNonTrackingAllocator@42@@internal@23@VNonTrackingAllocator@23@$00@internal@shdfnd@physx@@QEAA_NAEB_K@Z 00000001800041c0 f i CmCollection.obj
 0001:000031c0       ?erase@?$HashBase@V?$Pair@QEAVPxBase@physx@@_K@shdfnd@physx@@PEAVPxBase@3@U?$Hash@PEAVPxBase@physx@@@23@UGetKey@?$HashMapBase@PEAVPxBase@physx@@_KU?$Hash@PEAVPxBase@physx@@@shdfnd@2@VNonTrackingAllocator@42@@internal@23@VNonTrackingAllocator@23@$00@internal@shdfnd@physx@@QEAA_NAEBQEAVPxBase@4@@Z 00000001800041c0 f i CmCollection.obj
 0001:00003370       ?find@?$HashMapBase@_KPEAVPxBase@physx@@U?$Hash@_K@shdfnd@2@VNonTrackingAllocator@42@@internal@shdfnd@physx@@QEBAPEBV?$Pair@$$CB_KPEAVPxBase@physx@@@34@AEB_K@Z 0000000180004370 f i CmCollection.obj
 0001:00003410       ?find@Collection@Cm@physx@@UEBAPEAVPxBase@3@_K@Z 0000000180004410 f   CmCollection.obj
 0001:00003440       ?getId@Collection@Cm@physx@@UEBA_KAEBVPxBase@3@@Z 0000000180004440 f   CmCollection.obj
 0001:000034f0       ?getIds@Collection@Cm@physx@@UEBAIPEA_KII@Z 00000001800044f0 f   CmCollection.obj
 0001:000035c0       ?getNbColumns@HeightField@Gu@physx@@UEBAIXZ 00000001800045c0 f   GuBounds.obj
 0001:000035c0       ?getNbIds@Collection@Cm@physx@@UEBAIXZ 00000001800045c0 f   CmCollection.obj
 0001:000035d0       ?getNbObjects@Collection@Cm@physx@@UEBAIXZ 00000001800045d0 f   CmCollection.obj
 0001:000035e0       ?getObject@Collection@Cm@physx@@UEBAAEAVPxBase@3@I@Z 00000001800045e0 f   CmCollection.obj
 0001:000035f0       ?getObjects@Collection@Cm@physx@@UEBAIPEAPEAVPxBase@3@II@Z 00000001800045f0 f   CmCollection.obj
 0001:00003630       ?release@Collection@Cm@physx@@UEAAXXZ 0000000180004630 f i CmCollection.obj
 0001:00003650       ?remove@Collection@Cm@physx@@UEAAXAEAVPxBase@3@@Z 0000000180004650 f   CmCollection.obj
 0001:00003740       ?remove@Collection@Cm@physx@@UEAAXAEAVPxCollection@3@@Z 0000000180004740 f   CmCollection.obj
 0001:00003850       ?removeId@Collection@Cm@physx@@UEAAX_K@Z 0000000180004850 f   CmCollection.obj
 0001:000038d0       ?reserveInternal@?$HashBase@V?$Pair@$$CB_KPEAVPxBase@physx@@@shdfnd@physx@@_KU?$Hash@_K@23@UGetKey@?$HashMapBase@_KPEAVPxBase@physx@@U?$Hash@_K@shdfnd@2@VNonTrackingAllocator@42@@internal@23@VNonTrackingAllocator@23@$00@internal@shdfnd@physx@@AEAAXI@Z 00000001800048d0 f i CmCollection.obj
 0001:000038d0       ?reserveInternal@?$HashBase@V?$Pair@QEAVPxBase@physx@@_K@shdfnd@physx@@PEAVPxBase@3@U?$Hash@PEAVPxBase@physx@@@23@UGetKey@?$HashMapBase@PEAVPxBase@physx@@_KU?$Hash@PEAVPxBase@physx@@@shdfnd@2@VNonTrackingAllocator@42@@internal@23@VNonTrackingAllocator@23@$00@internal@shdfnd@physx@@AEAAXI@Z 00000001800048d0 f i CmCollection.obj
 0001:00003ab0       ??0PtrTable@Cm@physx@@QEAA@W4PxEMPTY@2@@Z 0000000180004ab0 f i CmPtrTable.obj
 0001:00003ad0       ??0PtrTable@Cm@physx@@QEAA@XZ 0000000180004ad0 f   CmPtrTable.obj
 0001:00003ae0       ??1AABBTreeBuildNode@Gu@physx@@QEAA@XZ 0000000180004ae0 f   GuAABBTreeBuild.obj
 0001:00003ae0       ??1Box@Gu@physx@@QEAA@XZ   0000000180004ae0 f   GuBounds.obj
 0001:00003ae0       ??1HeightFieldData@Gu@physx@@QEAA@XZ 0000000180004ae0 f   GuBounds.obj
 0001:00003ae0       ??1MaterialIndicesStruct@physx@@QEAA@XZ 0000000180004ae0 f   GuGeometryUnion.obj
 0001:00003ae0       ??1PtrTable@Cm@physx@@QEAA@XZ 0000000180004ae0 f   CmPtrTable.obj
 0001:00003ae0       ?profile@Callback@RTree@Gu@physx@@UEAAXXZ 0000000180004ae0 f   GuMidphaseRTree.obj
 0001:00003ae0       ?requiresObjects@ConvexMesh@Gu@physx@@UEAAXAEAVPxProcessPxBaseCallback@3@@Z 0000000180004ae0 f   GuConvexMesh.obj
 0001:00003ae0       ?requiresObjects@HeightField@Gu@physx@@UEAAXAEAVPxProcessPxBaseCallback@3@@Z 0000000180004ae0 f   GuHeightField.obj
 0001:00003ae0       ?requiresObjects@TriangleMesh@Gu@physx@@UEAAXAEAVPxProcessPxBaseCallback@3@@Z 0000000180004ae0 f   GuTriangleMesh.obj
 0001:00003ae0       _guard_check_icall_nop     0000000180004ae0 f   MSVCRT:guard_support.obj
 0001:00003af0       ??4CmModuleUpdateLoader@Cm@physx@@QEAAAEAV012@AEBV012@@Z 0000000180004af0 f i CmWindowsModuleUpdateLoader.obj
 0001:00003af0       ??4MaterialIndicesStruct@physx@@QEAAAEAU01@AEBU01@@Z 0000000180004af0 f i GuGeometryUnion.obj
 0001:00003af0       ??4PtrTable@Cm@physx@@QEAAAEAU012@AEBU012@@Z 0000000180004af0 f i CmPtrTable.obj
 0001:00003b00       ?add@PtrTable@Cm@physx@@QEAAXPEAXAEAVPtrTableStorageManager@23@@Z 0000000180004b00 f   CmPtrTable.obj
 0001:00003bc0       ?clear@PtrTable@Cm@physx@@QEAAXAEAVPtrTableStorageManager@23@@Z 0000000180004bc0 f   CmPtrTable.obj
 0001:00003c40       ?exportExtraData@PtrTable@Cm@physx@@QEAAXAEAVPxSerializationContext@3@@Z 0000000180004c40 f   CmPtrTable.obj
 0001:00003c90       ?find@PtrTable@Cm@physx@@QEBAIPEBX@Z 0000000180004c90 f   CmPtrTable.obj
 0001:00003cc0       ?getBinaryMetaData@PtrTable@Cm@physx@@SAXAEAVPxOutputStream@3@@Z 0000000180004cc0 f   CmPtrTable.obj
 0001:00003e70       ?getCount@PtrTable@Cm@physx@@QEBAIXZ 0000000180004e70 f i CmPtrTable.obj
 0001:00003e80       ?getPtrs@PtrTable@Cm@physx@@QEAAPEAPEAXXZ 0000000180004e80 f i CmPtrTable.obj
 0001:00003e80       ?getPtrs@PtrTable@Cm@physx@@QEBAPEBQEAXXZ 0000000180004e80 f i CmPtrTable.obj
 0001:00003e90       ?importExtraData@PtrTable@Cm@physx@@QEAAXAEAVPxDeserializationContext@3@@Z 0000000180004e90 f   CmPtrTable.obj
 0001:00003ec0       ?realloc@PtrTable@Cm@physx@@AEAAXIIAEAVPtrTableStorageManager@23@@Z 0000000180004ec0 f   CmPtrTable.obj
 0001:00003f50       ?replaceWithLast@PtrTable@Cm@physx@@QEAAXIAEAVPtrTableStorageManager@23@@Z 0000000180004f50 f   CmPtrTable.obj
 0001:00004050       ??0RadixSort@Cm@physx@@QEAA@XZ 0000000180005050 f   CmRadixSort.obj
 0001:00004080       ??1RadixSort@Cm@physx@@UEAA@XZ 0000000180005080 f   CmRadixSort.obj
 0001:00004090       ??_ERadixSort@Cm@physx@@UEAAPEAXI@Z 0000000180005090 f i CmRadixSort.obj
 0001:00004120       ?GetNbHits@RadixSort@Cm@physx@@QEBAIXZ 0000000180005120 f i CmRadixSort.obj
 0001:00004130       ?GetNbTotalCalls@RadixSort@Cm@physx@@QEBAIXZ 0000000180005130 f i CmRadixSort.obj
 0001:00004140       ?GetRanks@RadixSort@Cm@physx@@QEBAPEBIXZ 0000000180005140 f i CmRadixSort.obj
 0001:00004140       ?getHeightField@HeightFieldUtil@Gu@physx@@QEBAAEBVHeightField@23@XZ 0000000180005140 f i GuCCTSweepTests.obj
 0001:00004150       ?GetRecyclable@RadixSort@Cm@physx@@QEBAPEAIXZ 0000000180005150 f i CmRadixSort.obj
 0001:00004150       ?GetValencies@BigConvexData@physx@@QEBAPEBUValency@Gu@2@XZ 0000000180005150 f i GuMetaData.obj
 0001:00004150       ?getHeightFieldGeometry@HeightFieldUtil@Gu@physx@@QEBAAEBVPxHeightFieldGeometry@3@XZ 0000000180005150 f i GuCCTSweepTests.obj
 0001:00004150       ?getPos@AABBTreeBuildNode@Gu@physx@@QEBAPEBV123@XZ 0000000180005150 f i GuAABBTreeBuild.obj
 0001:00004160       ?SetBuffers@RadixSort@Cm@physx@@QEAA_NPEAI00PEAPEAI@Z 0000000180005160 f   CmRadixSort.obj
 0001:000041a0       ?Sort@RadixSort@Cm@physx@@QEAAAEAV123@PEBIIW4RadixHint@23@@Z 00000001800051a0 f   CmRadixSort.obj
 0001:00004850       ?Sort@RadixSort@Cm@physx@@QEAAAEAV123@PEBMI@Z 0000000180005850 f   CmRadixSort.obj
 0001:00004ff0       ?invalidateRanks@RadixSort@Cm@physx@@QEAAXXZ 0000000180005ff0 f i CmRadixSort.obj
 0001:00005000       ??0RadixSortBuffered@Cm@physx@@QEAA@XZ 0000000180006000 f   CmRadixSortBuffered.obj
 0001:00005030       ??1RadixSortBuffered@Cm@physx@@UEAA@XZ 0000000180006030 f   CmRadixSortBuffered.obj
 0001:00005060       ??_ERadixSortBuffered@Cm@physx@@UEAAPEAXI@Z 0000000180006060 f i CmRadixSortBuffered.obj
 0001:00005130       ?CheckResize@RadixSortBuffered@Cm@physx@@AEAAXI@Z 0000000180006130 f i CmRadixSortBuffered.obj
 0001:00005170       ?Resize@RadixSortBuffered@Cm@physx@@AEAA_NI@Z 0000000180006170 f   CmRadixSortBuffered.obj
 0001:00005260       ?Sort@RadixSortBuffered@Cm@physx@@QEAAAEAV123@PEBIIW4RadixHint@23@@Z 0000000180006260 f   CmRadixSortBuffered.obj
 0001:00005300       ?Sort@RadixSortBuffered@Cm@physx@@QEAAAEAV123@PEBMI@Z 0000000180006300 f   CmRadixSortBuffered.obj
 0001:00005390       ?reset@RadixSortBuffered@Cm@physx@@QEAAXXZ 0000000180006390 f   CmRadixSortBuffered.obj
 0001:00005410       ??0DebugText@Cm@physx@@QEAA@$$QEAU012@@Z 0000000180006410 f i CmRenderOutput.obj
 0001:00005410       ??0DebugText@Cm@physx@@QEAA@AEBU012@@Z 0000000180006410 f i CmRenderOutput.obj
 0001:000054f0       ??0DebugText@Cm@physx@@QEAA@AEBVPxVec3@2@MPEBDZZ 00000001800064f0 f   CmRenderOutput.obj
 0001:00005550       ??0RenderOutput@Cm@physx@@QEAA@AEAVRenderBuffer@12@@Z 0000000180006550 f i CmRenderOutput.obj
 0001:000055a0       ??0RenderOutput@Cm@physx@@QEAA@AEBV012@@Z 00000001800065a0 f i CmRenderOutput.obj
 0001:00005640       ??4DebugText@Cm@physx@@QEAAAEAU012@$$QEAU012@@Z 0000000180006640 f i CmRenderOutput.obj
 0001:00005640       ??4DebugText@Cm@physx@@QEAAAEAU012@AEBU012@@Z 0000000180006640 f i CmRenderOutput.obj
 0001:00005770       ??6Cm@physx@@YAAEAVRenderOutput@01@AEAV201@AEBUDebugArc@01@@Z 0000000180006770 f   CmRenderOutput.obj
 0001:00005870       ??6Cm@physx@@YAAEAVRenderOutput@01@AEAV201@AEBUDebugArrow@01@@Z 0000000180006870 f   CmRenderOutput.obj
 0001:00005c70       ??6Cm@physx@@YAAEAVRenderOutput@01@AEAV201@AEBUDebugBasis@01@@Z 0000000180006c70 f   CmRenderOutput.obj
 0001:00005d70       ??6Cm@physx@@YAAEAVRenderOutput@01@AEAV201@AEBUDebugBox@01@@Z 0000000180006d70 f   CmRenderOutput.obj
 0001:00006270       ??6Cm@physx@@YAAEAVRenderOutput@01@AEAV201@AEBUDebugCircle@01@@Z 0000000180007270 f   CmRenderOutput.obj
 0001:00006350       ??6RenderOutput@Cm@physx@@QEAAAEAV012@AEBUDebugText@12@@Z 0000000180007350 f   CmRenderOutput.obj
 0001:00006550       ??6RenderOutput@Cm@physx@@QEAAAEAV012@AEBVPxMat44@2@@Z 0000000180007550 f   CmRenderOutput.obj
 0001:000065c0       ??6RenderOutput@Cm@physx@@QEAAAEAV012@AEBVPxTransform@2@@Z 00000001800075c0 f   CmRenderOutput.obj
 0001:00006740       ??6RenderOutput@Cm@physx@@QEAAAEAV012@I@Z 0000000180007740 f   CmRenderOutput.obj
 0001:00006750       ??6RenderOutput@Cm@physx@@QEAAAEAV012@VPxVec3@2@@Z 0000000180007750 f   CmRenderOutput.obj
 0001:00006ca0       ??6RenderOutput@Cm@physx@@QEAAAEAV012@W4Primitive@012@@Z 0000000180007ca0 f   CmRenderOutput.obj
 0001:00006cb0       ?allocate@?$Array@DV?$ReflectionAllocator@D@shdfnd@physx@@@shdfnd@physx@@IEAAPEADI@Z 0000000180007cb0 f i CmRenderOutput.obj
 0001:00006d40       ?allocate@?$Array@UPxDebugLine@physx@@V?$ReflectionAllocator@UPxDebugLine@physx@@@shdfnd@2@@shdfnd@physx@@IEAAPEAUPxDebugLine@3@I@Z 0000000180007d40 f i CmRenderOutput.obj
 0001:00006de0       ?allocate@?$Array@UPxDebugPoint@physx@@V?$ReflectionAllocator@UPxDebugPoint@physx@@@shdfnd@2@@shdfnd@physx@@IEAAPEAUPxDebugPoint@3@I@Z 0000000180007de0 f i CmRenderOutput.obj
 0001:00006e80       ?allocate@?$Array@UPxDebugText@physx@@V?$ReflectionAllocator@UPxDebugText@physx@@@shdfnd@2@@shdfnd@physx@@IEAAPEAUPxDebugText@3@I@Z 0000000180007e80 f i CmRenderOutput.obj
 0001:00006f20       ?allocate@?$Array@UPxDebugTriangle@physx@@V?$ReflectionAllocator@UPxDebugTriangle@physx@@@shdfnd@2@@shdfnd@physx@@IEAAPEAUPxDebugTriangle@3@I@Z 0000000180007f20 f i CmRenderOutput.obj
 0001:00006fc0       ?copy@?$Array@UPxDebugLine@physx@@V?$ReflectionAllocator@UPxDebugLine@physx@@@shdfnd@2@@shdfnd@physx@@KAXPEAUPxDebugLine@3@0PEBU43@@Z 0000000180007fc0 f i CmRenderOutput.obj
 0001:00007170       ?copy@?$Array@UPxDebugPoint@physx@@V?$ReflectionAllocator@UPxDebugPoint@physx@@@shdfnd@2@@shdfnd@physx@@KAXPEAUPxDebugPoint@3@0PEBU43@@Z 0000000180008170 f i CmRenderOutput.obj
 0001:00007270       ?copy@?$Array@UPxDebugText@physx@@V?$ReflectionAllocator@UPxDebugText@physx@@@shdfnd@2@@shdfnd@physx@@KAXPEAUPxDebugText@3@0PEBU43@@Z 0000000180008270 f i CmRenderOutput.obj
 0001:000073e0       ?copy@?$Array@UPxDebugTriangle@physx@@V?$ReflectionAllocator@UPxDebugTriangle@physx@@@shdfnd@2@@shdfnd@physx@@KAXPEAUPxDebugTriangle@3@0PEBU43@@Z 00000001800083e0 f i CmRenderOutput.obj
 0001:000075e0       ?growAndPushBack@?$Array@DV?$ReflectionAllocator@D@shdfnd@physx@@@shdfnd@physx@@IEAAAEADAEBD@Z 00000001800085e0 f i CmRenderOutput.obj
 0001:000076a0       ?growAndPushBack@?$Array@UPxDebugLine@physx@@V?$ReflectionAllocator@UPxDebugLine@physx@@@shdfnd@2@@shdfnd@physx@@IEAAAEAUPxDebugLine@3@AEBU43@@Z 00000001800086a0 f i CmRenderOutput.obj
 0001:00007780       ?growAndPushBack@?$Array@UPxDebugPoint@physx@@V?$ReflectionAllocator@UPxDebugPoint@physx@@@shdfnd@2@@shdfnd@physx@@IEAAAEAUPxDebugPoint@3@AEBU43@@Z 0000000180008780 f i CmRenderOutput.obj
 0001:00007840       ?growAndPushBack@?$Array@UPxDebugText@physx@@V?$ReflectionAllocator@UPxDebugText@physx@@@shdfnd@2@@shdfnd@physx@@IEAAAEAUPxDebugText@3@AEBU43@@Z 0000000180008840 f i CmRenderOutput.obj
 0001:00007910       ?growAndPushBack@?$Array@UPxDebugTriangle@physx@@V?$ReflectionAllocator@UPxDebugTriangle@physx@@@shdfnd@2@@shdfnd@physx@@IEAAAEAUPxDebugTriangle@3@AEBU43@@Z 0000000180008910 f i CmRenderOutput.obj
 0001:00007a10       ?outputCapsule@RenderOutput@Cm@physx@@QEAAAEAV123@MMAEBVPxMat44@3@@Z 0000000180008a10 f   CmRenderOutput.obj
 0001:000084d0       ?outputSegment@RenderOutput@Cm@physx@@QEAAXAEBVPxVec3@3@0@Z 00000001800094d0 f i CmRenderOutput.obj
 0001:00008590       ?recreate@?$Array@DV?$ReflectionAllocator@D@shdfnd@physx@@@shdfnd@physx@@IEAAXI@Z 0000000180009590 f i CmRenderOutput.obj
 0001:00008630       ?recreate@?$Array@UPxDebugLine@physx@@V?$ReflectionAllocator@UPxDebugLine@physx@@@shdfnd@2@@shdfnd@physx@@IEAAXI@Z 0000000180009630 f i CmRenderOutput.obj
 0001:000086c0       ?reserveSegments@RenderOutput@Cm@physx@@QEAAPEAUPxDebugLine@3@I@Z 00000001800096c0 f i CmRenderOutput.obj
 0001:00008720       ??DPxQuat@physx@@QEBA?AV01@AEBV01@@Z 0000000180009720 f i CmVisualization.obj
 0001:00008860       ?visualizeAngularLimit@Cm@physx@@YAXAEAVRenderOutput@12@MAEBVPxTransform@2@MM_N@Z 0000000180009860 f   CmVisualization.obj
 0001:00008a20       ?visualizeDoubleCone@Cm@physx@@YAXAEAVRenderOutput@12@MAEBVPxTransform@2@M_N@Z 0000000180009a20 f   CmVisualization.obj
 0001:00008c80       ?visualizeJointFrames@Cm@physx@@YAXAEAVRenderOutput@12@MAEBVPxTransform@2@1@Z 0000000180009c80 f   CmVisualization.obj
 0001:00008d40       ?visualizeLimitCone@Cm@physx@@YAXAEAVRenderOutput@12@MAEBVPxTransform@2@MM_N@Z 0000000180009d40 f   CmVisualization.obj
 0001:00008fd0       ?visualizeLinearLimit@Cm@physx@@YAXAEAVRenderOutput@12@MAEBVPxTransform@2@1M_N@Z 0000000180009fd0 f   CmVisualization.obj
 0001:00009250       ??0CmModuleUpdateLoader@Cm@physx@@QEAA@PEBD@Z 000000018000a250 f   CmWindowsModuleUpdateLoader.obj
 0001:00009290       ??1CmModuleUpdateLoader@Cm@physx@@QEAA@XZ 000000018000a290 f   CmWindowsModuleUpdateLoader.obj
 0001:000092c0       ?LoadModule@CmModuleUpdateLoader@Cm@physx@@QEAAPEAUHINSTANCE__@@PEBD0@Z 000000018000a2c0 f   CmWindowsModuleUpdateLoader.obj
 0001:000092e0       ?commonDelayHook@@YAP6A_JXZIPEAUDelayLoadInfo@@@Z 000000018000a2e0 f   CmWindowsDelayLoadHook.obj
 0001:000093c0       PxSetPhysXCommonDelayLoadHook 000000018000a3c0 f   CmWindowsDelayLoadHook.obj
 0001:000093d0       ??0Box@Gu@physx@@QEAA@AEBV012@@Z 000000018000a3d0 f i GuBounds.obj
 0001:000093d0       ??4Box@Gu@physx@@QEAAAEBV012@AEBV012@@Z 000000018000a3d0 f i GuBounds.obj
 0001:00009430       ??0Box@Gu@physx@@QEAA@AEBVPxVec3@2@0AEBVPxMat33@2@@Z 000000018000a430 f i GuBounds.obj
 0001:000094a0       ??0AABBTreeBuildNode@Gu@physx@@QEAA@XZ 000000018000a4a0 f i GuAABBTreeBuild.obj
 0001:000094a0       ??0BigConvexData@physx@@QEAA@W4PxEMPTY@1@@Z 000000018000a4a0 f i GuMetaData.obj
 0001:000094a0       ??0Box@Gu@physx@@QEAA@XZ   000000018000a4a0 f i GuBounds.obj
 0001:000094a0       ??0GeometryUnion@Gu@physx@@QEAA@W4PxEMPTY@2@@Z 000000018000a4a0 f i GuGeometryUnion.obj
 0001:000094a0       ??0HeightFieldData@Gu@physx@@QEAA@W4PxEMPTY@2@@Z 000000018000a4a0 f i GuBounds.obj
 0001:000094a0       ??0MaterialIndicesStruct@physx@@QEAA@W4PxEMPTY@1@@Z 000000018000a4a0 f i GuGeometryUnion.obj
 0001:000094a0       ?getAABB@AABBTreeBuildNode@Gu@physx@@QEBAAEBVPxBounds3@3@XZ 000000018000a4a0 f i GuAABBTreeBuild.obj
 0001:000094a0       ?getGeometry@GeometryUnion@Gu@physx@@QEBAAEBVPxGeometry@3@XZ 000000018000a4a0 f i GuGeometryUnion.obj
 0001:000094a0       ?getPaddedBounds@HeightFieldData@Gu@physx@@QEBAAEBVCenterExtentsPadded@23@XZ 000000018000a4a0 f i GuBounds.obj
 0001:000094b0       ??0HeightFieldData@Gu@physx@@QEAA@$$QEAU012@@Z 000000018000a4b0 f i GuBounds.obj
 0001:000094b0       ??0HeightFieldData@Gu@physx@@QEAA@AEBU012@@Z 000000018000a4b0 f i GuBounds.obj
 0001:000094b0       ??4HeightFieldData@Gu@physx@@QEAAAEAU012@$$QEAU012@@Z 000000018000a4b0 f i GuBounds.obj
 0001:000094b0       ??4HeightFieldData@Gu@physx@@QEAAAEAU012@AEBU012@@Z 000000018000a4b0 f i GuBounds.obj
 0001:00009510       ??0HeightFieldData@Gu@physx@@QEAA@XZ 000000018000a510 f i GuBounds.obj
 0001:00009520       ??0PxQuat@physx@@QEAA@AEBVPxMat33@1@@Z 000000018000a520 f i GuBounds.obj
 0001:00009720       ??0ShapeData@Gu@physx@@QEAA@AEBVPxGeometry@2@AEBVPxTransform@2@M@Z 000000018000a720 f   GuBounds.obj
 0001:00009c80       ??1PxConvexMesh@physx@@MEAA@XZ 000000018000ac80 f i GuBounds.obj
 0001:00009c80       ??1PxHeightField@physx@@MEAA@XZ 000000018000ac80 f i GuBounds.obj
 0001:00009c90       ??_EPxBVHStructure@physx@@MEAAPEAXI@Z 000000018000ac90 f i GuBVHStructure.obj
 0001:00009c90       ??_EPxBase@physx@@MEAAPEAXI@Z 000000018000ac90 f i GuBounds.obj
 0001:00009c90       ??_EPxTriangleMesh@physx@@MEAAPEAXI@Z 000000018000ac90 f i GuTriangleMesh.obj
 0001:00009c90       ??_GPxBVHStructure@physx@@MEAAPEAXI@Z 000000018000ac90 f i GuBVHStructure.obj
 0001:00009c90       ??_GPxBase@physx@@MEAAPEAXI@Z 000000018000ac90 f i GuBounds.obj
 0001:00009c90       ??_GPxTriangleMesh@physx@@MEAAPEAXI@Z 000000018000ac90 f i GuTriangleMesh.obj
 0001:00009cc0       ??_H@YAXPEAX_K1P6APEAX0@Z@Z 000000018000acc0 f i GuBounds.obj
 0001:00009d10       ?computeAABBExtent@Box@Gu@physx@@QEBA?AVPxVec3@3@XZ 000000018000ad10 f i GuBounds.obj
 0001:00009dd0       ?computeBounds@Gu@physx@@YAXAEAVPxBounds3@2@AEBVPxGeometry@2@AEBVPxTransform@2@MPEIBVCenterExtentsPadded@12@M@Z 000000018000add0 f   GuBounds.obj
 0001:0000a6b0       ?computeBoundsWithCCDThreshold@Gu@physx@@YAMAEAVVec3p@12@0AEBVPxGeometry@2@AEBVPxTransform@2@PEIBVCenterExtentsPadded@12@@Z 000000018000b6b0 f   GuBounds.obj
 0001:0000a880       ?computeBoxPoints@Box@Gu@physx@@QEBAXPEIAVPxVec3@3@@Z 000000018000b880 f i GuBounds.obj
 0001:0000b840       ?getConcreteTypeName@PxConvexMesh@physx@@UEBAPEBDXZ 000000018000c840 f i GuBounds.obj
 0001:0000b850       ?getConcreteTypeName@PxHeightField@physx@@UEBAPEBDXZ 000000018000c850 f i GuBounds.obj
 0001:0000b860       ?getConvexEdgeThreshold@HeightField@Gu@physx@@UEBAMXZ 000000018000c860 f i GuBounds.obj
 0001:0000b870       ?getFlags@HeightField@Gu@physx@@UEBA?AV?$PxFlags@W4Enum@PxHeightFieldFlag@physx@@G@3@XZ 000000018000c870 f i GuBounds.obj
 0001:0000b880       ?getFormat@HeightField@Gu@physx@@UEBA?AW4Enum@PxHeightFieldFormat@3@XZ 000000018000c880 f i GuBounds.obj
 0001:0000b890       ?getHeight@HeightField@Gu@physx@@UEBAMMM@Z 000000018000c890 f i GuBounds.obj
 0001:0000b8d0       ?getHeightInternal2@HeightField@Gu@physx@@QEBAMIMM@Z 000000018000c8d0 f i GuBounds.obj
 0001:0000ba40       ?getIndexBuffer@ConvexMesh@Gu@physx@@UEBAPEBEXZ 000000018000ca40 f i GuBounds.obj
 0001:0000ba80       ?getNbPolygons@ConvexMesh@Gu@physx@@UEBAIXZ 000000018000ca80 f i GuBounds.obj
 0001:0000ba90       ?getNbRows@HeightField@Gu@physx@@UEBAIXZ 000000018000ca90 f i GuBounds.obj
 0001:0000baa0       ?getNbVertices@ConvexMesh@Gu@physx@@UEBAIXZ 000000018000caa0 f i GuBounds.obj
 0001:0000bab0       ?getSample@HeightField@Gu@physx@@UEBAAEBUPxHeightFieldSample@3@II@Z 000000018000cab0 f i GuBounds.obj
 0001:0000bac0       ?getSampleStride@HeightField@Gu@physx@@UEBAIXZ 000000018000cac0 f i GuBounds.obj
 0001:0000bad0       ?getTimestamp@HeightField@Gu@physx@@UEBAIXZ 000000018000cad0 f i GuBounds.obj
 0001:0000bae0       ?getTransform@Box@Gu@physx@@QEBA?AVPxTransform@3@XZ 000000018000cae0 f i GuBounds.obj
 0001:0000bb40       ?getTriangleMaterialIndex@HeightField@Gu@physx@@UEBAGI@Z 000000018000cb40 f i GuBounds.obj
 0001:0000bb70       ?getTriangleNormal@HeightField@Gu@physx@@UEBA?AVPxVec3@3@I@Z 000000018000cb70 f i GuBounds.obj
 0001:0000bb90       ?getTriangleNormalInternal@HeightField@Gu@physx@@QEBA?AVPxVec3@3@I@Z 000000018000cb90 f i GuBounds.obj
 0001:0000bce0       ?getVertices@ConvexMesh@Gu@physx@@UEBAPEBVPxVec3@3@XZ 000000018000cce0 f i GuBounds.obj
 0001:0000bd00       ?isKindOf@PxBase@physx@@MEBA_NPEBD@Z 000000018000cd00 f i GuBounds.obj
 0001:0000bd30       ?isKindOf@PxConvexMesh@physx@@MEBA_NPEBD@Z 000000018000cd30 f i GuBounds.obj
 0001:0000bd80       ?isKindOf@PxHeightField@physx@@MEBA_NPEBD@Z 000000018000cd80 f i GuBounds.obj
 0001:0000bdd0       ?isReleasable@PxBase@physx@@UEBA_NXZ 000000018000cdd0 f i GuBounds.obj
 0001:0000bde0       ?isValid@Box@Gu@physx@@QEBA_NXZ 000000018000cde0 f i GuBounds.obj
 0001:0000be00       ?preExportDataReset@ConvexMesh@Gu@physx@@QEAAXXZ 000000018000ce00 f i GuBounds.obj
 0001:0000be00       ?preExportDataReset@HeightField@Gu@physx@@QEAAXXZ 000000018000ce00 f i GuBounds.obj
 0001:0000be10       ?rotate@Box@Gu@physx@@QEBA?AVPxVec3@3@AEBV43@@Z 000000018000ce10 f i GuBounds.obj
 0001:0000bea0       ?rotateInv@Box@Gu@physx@@QEBA?AVPxVec3@3@AEBV43@@Z 000000018000cea0 f i GuBounds.obj
 0001:0000bf30       ?setAxes@Box@Gu@physx@@QEAAXAEBVPxVec3@3@00@Z 000000018000cf30 f i GuBounds.obj
 0001:0000bf70       ?setEmpty@Box@Gu@physx@@QEAAXXZ 000000018000cf70 f i GuBounds.obj
 0001:0000bfb0       ?transform@Box@Gu@physx@@QEBA?AVPxVec3@3@AEBV43@@Z 000000018000cfb0 f i GuBounds.obj
 0001:0000c050       ?computeOBBPoints@Gu@physx@@YAXPEIAVPxVec3@2@AEBV32@1111@Z 000000018000d050 f   GuBox.obj
 0001:0000c2d0       ?create@Box@Gu@physx@@QEAAXAEBVCapsule@23@@Z 000000018000d2d0 f   GuBox.obj
 0001:0000c500       ?getBoxEdges@Gu@physx@@YAPEBEXZ 000000018000d500 f   GuBox.obj
 0001:0000c510       ?computeBasis@shdfnd@physx@@YAXAEBVPxVec3@2@0AEAV32@11@Z 000000018000d510 f i GuCapsule.obj
 0001:0000c6b0       ?computeBoxAroundCapsule@Gu@physx@@YAXAEBVCapsule@12@AEAVBox@12@@Z 000000018000d6b0 f   GuCapsule.obj
 0001:0000c800       ??0HeightFieldTraceUtil@Gu@physx@@QEAA@AEBVPxHeightFieldGeometry@2@@Z 000000018000d800 f i GuCCTSweepTests.obj
 0001:0000c800       ??0HeightFieldUtil@Gu@physx@@QEAA@AEBVPxHeightFieldGeometry@2@@Z 000000018000d800 f i GuCCTSweepTests.obj
 0001:0000c840       ??4HeightFieldTraceUtil@Gu@physx@@QEAAAEAV012@$$QEAV012@@Z 000000018000d840 f i GuCCTSweepTests.obj
 0001:0000c840       ??4HeightFieldTraceUtil@Gu@physx@@QEAAAEAV012@AEBV012@@Z 000000018000d840 f i GuCCTSweepTests.obj
 0001:0000c840       ??4HeightFieldUtil@Gu@physx@@QEAAAEAV012@AEBV012@@Z 000000018000d840 f i GuCCTSweepTests.obj
 0001:0000c860       ??4HeightFieldUtil@Gu@physx@@QEAAAEAV012@$$QEAV012@@Z 000000018000d860 f i GuCCTSweepTests.obj
 0001:0000c890       ??_E?$EntityReport@I@Gu@physx@@UEAAPEAXI@Z 000000018000d890 f i GuCCTSweepTests.obj
 0001:0000c890       ??_G?$EntityReport@I@Gu@physx@@UEAAPEAXI@Z 000000018000d890 f i GuCCTSweepTests.obj
 0001:0000c8f0       ?ceilUp@HeightFieldTraceUtil@Gu@physx@@SAMM@Z 000000018000d8f0 f i GuCCTSweepTests.obj
 0001:0000c930       ?computePointNormal@HeightFieldUtil@Gu@physx@@QEBA?AVPxVec3@3@IAEBV43@AEBVPxTransform@3@MMMMAEAM@Z 000000018000d930 f i GuCCTSweepTests.obj
 0001:0000cd50       ?floorDown@HeightFieldTraceUtil@Gu@physx@@SAMM@Z 000000018000dd50 f i GuCCTSweepTests.obj
 0001:0000cd90       ?getFeatureIndex@HeightFieldUtil@Gu@physx@@SAII@Z 000000018000dd90 f i GuCCTSweepTests.obj
 0001:0000cda0       ?getFeatureType@HeightFieldUtil@Gu@physx@@SA?AW4Feature@123@I@Z 000000018000dda0 f i GuCCTSweepTests.obj
 0001:0000cdb0       ?getHeightAtShapePoint@HeightFieldUtil@Gu@physx@@QEBAMMM@Z 000000018000ddb0 f i GuCCTSweepTests.obj
 0001:0000ce10       ?getNormalAtShapePoint@HeightFieldUtil@Gu@physx@@QEBA?AVPxVec3@3@MM@Z 000000018000de10 f i GuCCTSweepTests.obj
 0001:0000ced0       ?getNormal_2@HeightField@Gu@physx@@QEBA?AVPxVec3@3@IMMMMM@Z 000000018000ded0 f i GuCCTSweepTests.obj
 0001:0000cff0       ?getOneOverColumnScale@HeightFieldUtil@Gu@physx@@QEBAMXZ 000000018000dff0 f i GuCCTSweepTests.obj
 0001:0000d000       ?getOneOverHeightScale@HeightFieldUtil@Gu@physx@@QEBAMXZ 000000018000e000 f i GuCCTSweepTests.obj
 0001:0000d010       ?getOneOverRowScale@HeightFieldUtil@Gu@physx@@QEBAMXZ 000000018000e010 f i GuCCTSweepTests.obj
 0001:0000d020       ?getVertexNormal@HeightFieldUtil@Gu@physx@@QEBA?AVPxVec3@3@I@Z 000000018000e020 f i GuCCTSweepTests.obj
 0001:0000d050       ?hf2shapen@HeightFieldUtil@Gu@physx@@QEBA?AVPxVec3@3@AEBV43@@Z 000000018000e050 f i GuCCTSweepTests.obj
 0001:0000d050       ?shape2hfp@HeightFieldUtil@Gu@physx@@QEBA?AVPxVec3@3@AEBV43@@Z 000000018000e050 f i GuCCTSweepTests.obj
 0001:0000d090       ?hf2shapep@HeightFieldUtil@Gu@physx@@QEBA?AVPxVec3@3@AEBV43@@Z 000000018000e090 f i GuCCTSweepTests.obj
 0001:0000d0d0       ?hf2worldn@HeightFieldUtil@Gu@physx@@QEBA?AVPxVec3@3@AEBVPxTransform@3@AEBV43@@Z 000000018000e0d0 f i GuCCTSweepTests.obj
 0001:0000d240       ?hf2worldp@HeightFieldUtil@Gu@physx@@QEBA?AVPxVec3@3@AEBVPxTransform@3@AEBV43@@Z 000000018000e240 f i GuCCTSweepTests.obj
 0001:0000d3c0       ?isCollisionVertex@HeightFieldUtil@Gu@physx@@QEBA_NIII@Z 000000018000e3c0 f i GuCCTSweepTests.obj
 0001:0000d3e0       ?isQueryVertex@HeightFieldUtil@Gu@physx@@QEBA_NIII@Z 000000018000e3e0 f i GuCCTSweepTests.obj
 0001:0000d4a0       ?isShapePointOnHeightField@HeightFieldUtil@Gu@physx@@QEBA_NMM@Z 000000018000e4a0 f i GuCCTSweepTests.obj
 0001:0000d4f0       ?makeFeatureCode@HeightFieldUtil@Gu@physx@@SAIIW4Feature@123@@Z 000000018000e4f0 f i GuCCTSweepTests.obj
 0001:0000d6b0       ?sweepBoxTriangles_Precise@Gu@physx@@YA_NIPEBVPxTriangle@2@_NAEBVPxBoxGeometry@2@AEBVPxTransform@2@AEBVPxVec3@2@MAEAUPxSweepHit@2@PEBIMV?$PxFlags@W4Enum@PxHitFlag@physx@@G@2@@Z 000000018000e6b0 f   GuCCTSweepTests.obj
 0001:0000e470       ?sweepBox_BoxGeom_Precise@@YA_NAEBVPxGeometry@physx@@AEBVPxTransform@2@AEBVPxBoxGeometry@2@1AEBVBox@Gu@2@AEBVPxVec3@2@MAEAUPxSweepHit@2@V?$PxFlags@W4Enum@PxHitFlag@physx@@G@2@M@Z 000000018000f470 f   GuCCTSweepTests.obj
 0001:0000e630       ?sweepBox_CapsuleGeom_Precise@@YA_NAEBVPxGeometry@physx@@AEBVPxTransform@2@AEBVPxBoxGeometry@2@1AEBVBox@Gu@2@AEBVPxVec3@2@MAEAUPxSweepHit@2@V?$PxFlags@W4Enum@PxHitFlag@physx@@G@2@M@Z 000000018000f630 f   GuCCTSweepTests.obj
 0001:0000ea00       ?sweepBox_HeightFieldGeom_Precise@@YA_NAEBVPxGeometry@physx@@AEBVPxTransform@2@AEBVPxBoxGeometry@2@1AEBVBox@Gu@2@AEBVPxVec3@2@MAEAUPxSweepHit@2@V?$PxFlags@W4Enum@PxHitFlag@physx@@G@2@M@Z 000000018000fa00 f   GuCCTSweepTests.obj
 0001:0000edd0       ?sweepBox_SphereGeom_Precise@@YA_NAEBVPxGeometry@physx@@AEBVPxTransform@2@AEBVPxBoxGeometry@2@1AEBVBox@Gu@2@AEBVPxVec3@2@MAEAUPxSweepHit@2@V?$PxFlags@W4Enum@PxHitFlag@physx@@G@2@M@Z 000000018000fdd0 f   GuCCTSweepTests.obj
 0001:0000f0a0       ?sweepCapsule_BoxGeom_Precise@@YA_NAEBVPxGeometry@physx@@AEBVPxTransform@2@AEBVPxCapsuleGeometry@2@1AEBVCapsule@Gu@2@AEBVPxVec3@2@MAEAUPxSweepHit@2@V?$PxFlags@W4Enum@PxHitFlag@physx@@G@2@M@Z 00000001800100a0 f   GuCCTSweepTests.obj
 0001:0000f730       ?computePenetration@PxGeometryQuery@physx@@SA_NAEAVPxVec3@2@AEAMAEBVPxGeometry@2@AEBVPxTransform@2@23@Z 0000000180010730 f   GuGeometryQuery.obj
 0001:0000f810       ?getWorldBounds@PxGeometryQuery@physx@@SA?AVPxBounds3@2@AEBVPxGeometry@2@AEBVPxTransform@2@M@Z 0000000180010810 f   GuGeometryQuery.obj
 0001:0000f870       ?isFinite@PxQuat@physx@@QEBA_NXZ 0000000180010870 f i GuGeometryQuery.obj
 0001:0000f8e0       ?isValid@PxGeometryQuery@physx@@SA_NAEBVPxGeometry@2@@Z 00000001800108e0 f   GuGeometryQuery.obj
 0001:0000fae0       ?overlap@PxGeometryQuery@physx@@SA_NAEBVPxGeometry@2@AEBVPxTransform@2@01@Z 0000000180010ae0 f   GuGeometryQuery.obj
 0001:0000fb80       ?pointDistance@PxGeometryQuery@physx@@SAMAEBVPxVec3@2@AEBVPxGeometry@2@AEBVPxTransform@2@PEAV32@@Z 0000000180010b80 f   GuGeometryQuery.obj
 0001:00010210       ?raycast@PxGeometryQuery@physx@@SAIAEBVPxVec3@2@0AEBVPxGeometry@2@AEBVPxTransform@2@MV?$PxFlags@W4Enum@PxHitFlag@physx@@G@2@IPEIAUPxRaycastHit@2@@Z 0000000180011210 f   GuGeometryQuery.obj
 0001:000102b0       ?sweep@PxGeometryQuery@physx@@SA_NAEBVPxVec3@2@MAEBVPxGeometry@2@AEBVPxTransform@2@12AEAUPxSweepHit@2@V?$PxFlags@W4Enum@PxHitFlag@physx@@G@2@M@Z 00000001800112b0 f   GuGeometryQuery.obj
 0001:000106b0       ??0GeometryUnion@Gu@physx@@QEAA@AEBVPxGeometry@2@@Z 00000001800116b0 f i GuGeometryUnion.obj
 0001:000106d0       ??0GeometryUnion@Gu@physx@@QEAA@XZ 00000001800116d0 f i GuGeometryUnion.obj
 0001:000106e0       ??0MaterialIndicesStruct@physx@@QEAA@XZ 00000001800116e0 f i GuGeometryUnion.obj
 0001:00010700       ??4GeometryUnion@Gu@physx@@QEAAAEAV012@$$QEAV012@@Z 0000000180011700 f i GuGeometryUnion.obj
 0001:00010700       ??4GeometryUnion@Gu@physx@@QEAAAEAV012@AEBV012@@Z 0000000180011700 f i GuGeometryUnion.obj
 0001:00010730       ?allocate@MaterialIndicesStruct@physx@@QEAAXG@Z 0000000180011730 f i GuGeometryUnion.obj
 0001:000107b0       ?deallocate@MaterialIndicesStruct@physx@@QEAAXXZ 00000001800117b0 f i GuGeometryUnion.obj
 0001:00010800       ?getCount@BuildStats@Gu@physx@@QEBAIXZ 0000000180011800 f i GuAABBTreeBuild.obj
 0001:00010800       ?getNumAxes@SeparatingAxes@Gu@physx@@QEBAIXZ 0000000180011800 f i GuMTD.obj
 0001:00010800       ?getType@GeometryUnion@Gu@physx@@QEBA?AW4Enum@PxGeometryType@3@XZ 0000000180011800 f i GuGeometryUnion.obj
 0001:00010810       ?set@GeometryUnion@Gu@physx@@QEAAXAEBVPxGeometry@3@@Z 0000000180011810 f   GuGeometryUnion.obj
 0001:000109e0       ?computeBoundsAroundVertices@Gu@physx@@YAXAEAVPxBounds3@2@IPEIBVPxVec3@2@@Z 00000001800119e0 f   GuInternal.obj
 0001:00010a90       ?computeBoxPoints@Gu@physx@@YAXAEBVPxBounds3@2@PEIAVPxVec3@2@@Z 0000000180011a90 f   GuInternal.obj
 0001:00010b30       ?computeSweptBox@Gu@physx@@YAXAEAVBox@12@AEBVPxVec3@2@1AEBVPxMat33@2@1M@Z 0000000180011b30 f   GuInternal.obj
 0001:00011070       ?getPlane@Gu@physx@@YA?AVPxPlane@2@AEBVPxTransform@2@@Z 0000000180012070 f   GuInternal.obj
 0001:00011120       ??$?_UI@@YAPEAX_KV?$ReflectionAllocator@I@shdfnd@physx@@PEBDH@Z 0000000180012120 f i GuMeshFactory.obj
 0001:000111c0       ??0GuMeshFactory@physx@@QEAA@XZ 00000001800121c0 f   GuMeshFactory.obj
 0001:00011350       ??1GuMeshFactory@physx@@MEAA@XZ 0000000180012350 f   GuMeshFactory.obj
 0001:00011440       ??1MeshDataBase@Gu@physx@@UEAA@XZ 0000000180012440 f i GuMeshFactory.obj
 0001:00011530       ??1TriangleMeshData@Gu@physx@@UEAA@XZ 0000000180012530 f i GuMeshFactory.obj
 0001:00011600       ??_EGuMeshFactory@physx@@MEAAPEAXI@Z 0000000180012600 f i GuMeshFactory.obj
 0001:00011710       ??_EBV4TriangleData@Gu@physx@@UEAAPEAXI@Z 0000000180012710 f i GuMeshFactory.obj
 0001:00011710       ??_GBV4TriangleData@Gu@physx@@UEAAPEAXI@Z 0000000180012710 f i GuMeshFactory.obj
 0001:000117a0       ??_EMeshDataBase@Gu@physx@@UEAAPEAXI@Z 00000001800127a0 f i GuMeshFactory.obj
 0001:000117a0       ??_GMeshDataBase@Gu@physx@@UEAAPEAXI@Z 00000001800127a0 f i GuMeshFactory.obj
 0001:00011810       ??_ERTreeTriangleData@Gu@physx@@UEAAPEAXI@Z 0000000180012810 f i GuMeshFactory.obj
 0001:00011810       ??_GRTreeTriangleData@Gu@physx@@UEAAPEAXI@Z 0000000180012810 f i GuMeshFactory.obj
 0001:000118c0       ??_ETriangleMeshData@Gu@physx@@UEAAPEAXI@Z 00000001800128c0 f i GuMeshFactory.obj
 0001:000118c0       ??_GTriangleMeshData@Gu@physx@@UEAAPEAXI@Z 00000001800128c0 f i GuMeshFactory.obj
 0001:00011930       ?__global_array_delete@@YAXPEAX_K@Z 0000000180012930 f i GuMeshFactory.obj
 0001:00011940       ??_V@YAXPEAX_K@Z           0000000180012940 f i MSVCRT:delete_array_size.obj
 0001:00011940       ?__global_delete@@YAXPEAX_K@Z 0000000180012940 f i GuMeshFactory.obj
 0001:00011950       ?addBVHStructure@GuMeshFactory@physx@@QEAAXPEAVBVHStructure@Gu@2@_N@Z 0000000180012950 f   GuMeshFactory.obj
 0001:000119d0       ?addConvexMesh@GuMeshFactory@physx@@QEAAXPEAVConvexMesh@Gu@2@_N@Z 00000001800129d0 f   GuMeshFactory.obj
 0001:00011a50       ?addFactoryListener@GuMeshFactory@physx@@QEAAXAEAVGuMeshFactoryListener@2@@Z 0000000180012a50 f   GuMeshFactory.obj
 0001:00011ac0       ?addHeightField@GuMeshFactory@physx@@QEAAXPEAVHeightField@Gu@2@_N@Z 0000000180012ac0 f   GuMeshFactory.obj
 0001:00011b40       ?addTriangleMesh@GuMeshFactory@physx@@QEAAXPEAVTriangleMesh@Gu@2@_N@Z 0000000180012b40 f   GuMeshFactory.obj
 0001:00011bc0       ?create@?$HashBase@PEAVBVHStructure@Gu@physx@@PEAV123@U?$Hash@PEAVBVHStructure@Gu@physx@@@shdfnd@3@UGetKey@?$HashSetBase@PEAVBVHStructure@Gu@physx@@U?$Hash@PEAVBVHStructure@Gu@physx@@@shdfnd@3@VNonTrackingAllocator@53@$00@internal@53@VNonTrackingAllocator@53@$00@internal@shdfnd@physx@@QEAAPEAPEAVBVHStructure@Gu@4@AEBQEAV564@AEA_N@Z 0000000180012bc0 f i GuMeshFactory.obj
 0001:00011bc0       ?create@?$HashBase@PEAVConvexMesh@Gu@physx@@PEAV123@U?$Hash@PEAVConvexMesh@Gu@physx@@@shdfnd@3@UGetKey@?$HashSetBase@PEAVConvexMesh@Gu@physx@@U?$Hash@PEAVConvexMesh@Gu@physx@@@shdfnd@3@VNonTrackingAllocator@53@$00@internal@53@VNonTrackingAllocator@53@$00@internal@shdfnd@physx@@QEAAPEAPEAVConvexMesh@Gu@4@AEBQEAV564@AEA_N@Z 0000000180012bc0 f i GuMeshFactory.obj
 0001:00011bc0       ?create@?$HashBase@PEAVHeightField@Gu@physx@@PEAV123@U?$Hash@PEAVHeightField@Gu@physx@@@shdfnd@3@UGetKey@?$HashSetBase@PEAVHeightField@Gu@physx@@U?$Hash@PEAVHeightField@Gu@physx@@@shdfnd@3@VNonTrackingAllocator@53@$00@internal@53@VNonTrackingAllocator@53@$00@internal@shdfnd@physx@@QEAAPEAPEAVHeightField@Gu@4@AEBQEAV564@AEA_N@Z 0000000180012bc0 f i GuMeshFactory.obj
 0001:00011bc0       ?create@?$HashBase@PEAVTriangleMesh@Gu@physx@@PEAV123@U?$Hash@PEAVTriangleMesh@Gu@physx@@@shdfnd@3@UGetKey@?$HashSetBase@PEAVTriangleMesh@Gu@physx@@U?$Hash@PEAVTriangleMesh@Gu@physx@@@shdfnd@3@VNonTrackingAllocator@53@$00@internal@53@VNonTrackingAllocator@53@$00@internal@shdfnd@physx@@QEAAPEAPEAVTriangleMesh@Gu@4@AEBQEAV564@AEA_N@Z 0000000180012bc0 f i GuMeshFactory.obj
 0001:00011d50       ?createBVHStructure@GuMeshFactory@physx@@IEAAPEAVPxBVHStructure@2@AEAUBVHStructureData@Gu@2@@Z 0000000180012d50 f   GuMeshFactory.obj
 0001:00011e50       ?createBVHStructure@GuMeshFactory@physx@@QEAAPEAVPxBVHStructure@2@AEAVPxInputStream@2@@Z 0000000180012e50 f   GuMeshFactory.obj
 0001:00011f70       ?createBVHStructure@GuMeshFactory@physx@@QEAAPEAVPxBVHStructure@2@PEAX@Z 0000000180012f70 f   GuMeshFactory.obj
 0001:00011f80       ?createConvexMesh@GuMeshFactory@physx@@IEAAPEAVPxConvexMesh@2@AEAUConvexHullInitData@Gu@2@@Z 0000000180012f80 f   GuMeshFactory.obj
 0001:00012070       ?createConvexMesh@GuMeshFactory@physx@@QEAAPEAVPxConvexMesh@2@AEAVPxInputStream@2@@Z 0000000180013070 f   GuMeshFactory.obj
 0001:00012190       ?createConvexMesh@GuMeshFactory@physx@@QEAAPEAVPxConvexMesh@2@PEAX@Z 0000000180013190 f   GuMeshFactory.obj
 0001:000121a0       ?createHeightField@GuMeshFactory@physx@@QEAAPEAVPxHeightField@2@AEAVPxInputStream@2@@Z 00000001800131a0 f   GuMeshFactory.obj
 0001:000122c0       ?createHeightField@GuMeshFactory@physx@@QEAAPEAVPxHeightField@2@PEAX@Z 00000001800132c0 f   GuMeshFactory.obj
 0001:000123c0       ?createTriangleMesh@GuMeshFactory@physx@@IEAAPEAVPxTriangleMesh@2@AEAVTriangleMeshData@Gu@2@@Z 00000001800133c0 f   GuMeshFactory.obj
 0001:00012550       ?createTriangleMesh@GuMeshFactory@physx@@QEAAPEAVPxTriangleMesh@2@AEAVPxInputStream@2@@Z 0000000180013550 f   GuMeshFactory.obj
 0001:000125b0       ?createTriangleMesh@GuMeshFactory@physx@@QEAAPEAVPxTriangleMesh@2@PEAX@Z 00000001800135b0 f   GuMeshFactory.obj
 0001:000125c0       ?erase@?$HashBase@PEAVBVHStructure@Gu@physx@@PEAV123@U?$Hash@PEAVBVHStructure@Gu@physx@@@shdfnd@3@UGetKey@?$HashSetBase@PEAVBVHStructure@Gu@physx@@U?$Hash@PEAVBVHStructure@Gu@physx@@@shdfnd@3@VNonTrackingAllocator@53@$00@internal@53@VNonTrackingAllocator@53@$00@internal@shdfnd@physx@@QEAA_NAEBQEAVBVHStructure@Gu@4@@Z 00000001800135c0 f i GuMeshFactory.obj
 0001:000125c0       ?erase@?$HashBase@PEAVConvexMesh@Gu@physx@@PEAV123@U?$Hash@PEAVConvexMesh@Gu@physx@@@shdfnd@3@UGetKey@?$HashSetBase@PEAVConvexMesh@Gu@physx@@U?$Hash@PEAVConvexMesh@Gu@physx@@@shdfnd@3@VNonTrackingAllocator@53@$00@internal@53@VNonTrackingAllocator@53@$00@internal@shdfnd@physx@@QEAA_NAEBQEAVConvexMesh@Gu@4@@Z 00000001800135c0 f i GuMeshFactory.obj
 0001:000125c0       ?erase@?$HashBase@PEAVHeightField@Gu@physx@@PEAV123@U?$Hash@PEAVHeightField@Gu@physx@@@shdfnd@3@UGetKey@?$HashSetBase@PEAVHeightField@Gu@physx@@U?$Hash@PEAVHeightField@Gu@physx@@@shdfnd@3@VNonTrackingAllocator@53@$00@internal@53@VNonTrackingAllocator@53@$00@internal@shdfnd@physx@@QEAA_NAEBQEAVHeightField@Gu@4@@Z 00000001800135c0 f i GuMeshFactory.obj
 0001:000125c0       ?erase@?$HashBase@PEAVTriangleMesh@Gu@physx@@PEAV123@U?$Hash@PEAVTriangleMesh@Gu@physx@@@shdfnd@3@UGetKey@?$HashSetBase@PEAVTriangleMesh@Gu@physx@@U?$Hash@PEAVTriangleMesh@Gu@physx@@@shdfnd@3@VNonTrackingAllocator@53@$00@internal@53@VNonTrackingAllocator@53@$00@internal@shdfnd@physx@@QEAA_NAEBQEAVTriangleMesh@Gu@4@@Z 00000001800135c0 f i GuMeshFactory.obj
 0001:00012740       ?getBVHStructures@GuMeshFactory@physx@@QEBAIPEAPEAVPxBVHStructure@2@II@Z 0000000180013740 f   GuMeshFactory.obj
 0001:000127e0       ?getConvexMeshes@GuMeshFactory@physx@@QEBAIPEAPEAVPxConvexMesh@2@II@Z 00000001800137e0 f   GuMeshFactory.obj
 0001:00012870       ?getHeightFields@GuMeshFactory@physx@@QEBAIPEAPEAVPxHeightField@2@II@Z 0000000180013870 f   GuMeshFactory.obj
 0001:00012910       ?getNbBVHStructures@GuMeshFactory@physx@@QEBAIXZ 0000000180013910 f   GuMeshFactory.obj
 0001:00012950       ?getNbConvexMeshes@GuMeshFactory@physx@@QEBAIXZ 0000000180013950 f   GuMeshFactory.obj
 0001:00012990       ?getNbHeightFields@GuMeshFactory@physx@@QEBAIXZ 0000000180013990 f   GuMeshFactory.obj
 0001:000129d0       ?getNbTriangleMeshes@GuMeshFactory@physx@@QEBAIXZ 00000001800139d0 f   GuMeshFactory.obj
 0001:00012a10       ?getTriangleMeshes@GuMeshFactory@physx@@QEBAIPEAPEAVPxTriangleMesh@2@II@Z 0000000180013a10 f   GuMeshFactory.obj
 0001:00012aa0       ?growAndPushBack@?$Array@PEAVGuMeshFactoryListener@physx@@V?$ReflectionAllocator@PEAVGuMeshFactoryListener@physx@@@shdfnd@2@@shdfnd@physx@@IEAAAEAPEAVGuMeshFactoryListener@3@AEBQEAV43@@Z 0000000180013aa0 f i GuMeshFactory.obj
 0001:00013a50       ?notifyFactoryListener@GuMeshFactory@physx@@QEAAXPEBVPxBase@2@G@Z 0000000180014a50 f   GuMeshFactory.obj
 0001:00013ac0       ?release@GuMeshFactory@physx@@QEAAXXZ 0000000180014ac0 f   GuMeshFactory.obj
 0001:00013b70       ?removeBVHStructure@GuMeshFactory@physx@@QEAA_NAEAVPxBVHStructure@2@@Z 0000000180014b70 f   GuMeshFactory.obj
 0001:00013bc0       ?removeConvexMesh@GuMeshFactory@physx@@QEAA_NAEAVPxConvexMesh@2@@Z 0000000180014bc0 f   GuMeshFactory.obj
 0001:00013c10       ?removeFactoryListener@GuMeshFactory@physx@@QEAAXAEAVGuMeshFactoryListener@2@@Z 0000000180014c10 f   GuMeshFactory.obj
 0001:00013ca0       ?removeHeightField@GuMeshFactory@physx@@QEAA_NAEAVPxHeightField@2@@Z 0000000180014ca0 f   GuMeshFactory.obj
 0001:00013cf0       ?removeTriangleMesh@GuMeshFactory@physx@@QEAA_NAEAVPxTriangleMesh@2@@Z 0000000180014cf0 f   GuMeshFactory.obj
 0001:00013d40       ?reserveInternal@?$HashBase@PEAVBVHStructure@Gu@physx@@PEAV123@U?$Hash@PEAVBVHStructure@Gu@physx@@@shdfnd@3@UGetKey@?$HashSetBase@PEAVBVHStructure@Gu@physx@@U?$Hash@PEAVBVHStructure@Gu@physx@@@shdfnd@3@VNonTrackingAllocator@53@$00@internal@53@VNonTrackingAllocator@53@$00@internal@shdfnd@physx@@AEAAXI@Z 0000000180014d40 f i GuMeshFactory.obj
 0001:00013d40       ?reserveInternal@?$HashBase@PEAVConvexMesh@Gu@physx@@PEAV123@U?$Hash@PEAVConvexMesh@Gu@physx@@@shdfnd@3@UGetKey@?$HashSetBase@PEAVConvexMesh@Gu@physx@@U?$Hash@PEAVConvexMesh@Gu@physx@@@shdfnd@3@VNonTrackingAllocator@53@$00@internal@53@VNonTrackingAllocator@53@$00@internal@shdfnd@physx@@AEAAXI@Z 0000000180014d40 f i GuMeshFactory.obj
 0001:00013d40       ?reserveInternal@?$HashBase@PEAVHeightField@Gu@physx@@PEAV123@U?$Hash@PEAVHeightField@Gu@physx@@@shdfnd@3@UGetKey@?$HashSetBase@PEAVHeightField@Gu@physx@@U?$Hash@PEAVHeightField@Gu@physx@@@shdfnd@3@VNonTrackingAllocator@53@$00@internal@53@VNonTrackingAllocator@53@$00@internal@shdfnd@physx@@AEAAXI@Z 0000000180014d40 f i GuMeshFactory.obj
 0001:00013d40       ?reserveInternal@?$HashBase@PEAVTriangleMesh@Gu@physx@@PEAV123@U?$Hash@PEAVTriangleMesh@Gu@physx@@@shdfnd@3@UGetKey@?$HashSetBase@PEAVTriangleMesh@Gu@physx@@U?$Hash@PEAVTriangleMesh@Gu@physx@@@shdfnd@3@VNonTrackingAllocator@53@$00@internal@53@VNonTrackingAllocator@53@$00@internal@shdfnd@physx@@AEAAXI@Z 0000000180014d40 f i GuMeshFactory.obj
 0001:00013f10       ??4BigConvexData@physx@@QEAAAEAV01@AEBV01@@Z 0000000180014f10 f i GuMetaData.obj
 0001:00013f30       ?GetAdjacentVerts@BigConvexData@physx@@QEBAPEBEXZ 0000000180014f30 f i GuMetaData.obj
 0001:00013f40       ?GetNbNeighbors@BigConvexData@physx@@QEBAGI@Z 0000000180014f40 f i GuMetaData.obj
 0001:00013f40       ?GetValency@BigConvexData@physx@@QEBAGI@Z 0000000180014f40 f i GuMetaData.obj
 0001:00013f50       ?GetNbSamples@BigConvexData@physx@@QEBAIXZ 0000000180014f50 f i GuMetaData.obj
 0001:00013f60       ?GetNbVerts@BigConvexData@physx@@QEBAIXZ 0000000180014f60 f i GuMetaData.obj
 0001:00013f70       ?GetNeighbors@BigConvexData@physx@@QEBAPEBEI@Z 0000000180014f70 f i GuMetaData.obj
 0001:00013f80       ?GetOffset@BigConvexData@physx@@QEBAGI@Z 0000000180014f80 f i GuMetaData.obj
 0001:00013f90       ?GetSubdiv@BigConvexData@physx@@QEBAIXZ 0000000180014f90 f i GuMetaData.obj
 0001:00013fa0       ?getBinaryMetaData@BV4Tree@Gu@physx@@SAXAEAVPxOutputStream@3@@Z 0000000180014fa0 f   GuMetaData.obj
 0001:00014330       ?getBinaryMetaData@BV4TriangleMesh@Gu@physx@@SAXAEAVPxOutputStream@3@@Z 0000000180015330 f   GuMetaData.obj
 0001:00014610       ?getBinaryMetaData@BigConvexData@physx@@SAXAEAVPxOutputStream@2@@Z 0000000180015610 f   GuMetaData.obj
 0001:000148d0       ?getBinaryMetaData@ConvexMesh@Gu@physx@@SAXAEAVPxOutputStream@3@@Z 00000001800158d0 f   GuMetaData.obj
 0001:00014f60       ?getBinaryMetaData@GeometryUnion@Gu@physx@@SAXAEAVPxOutputStream@3@@Z 0000000180015f60 f   GuMetaData.obj
 0001:000155b0       ?getBinaryMetaData@HeightField@Gu@physx@@SAXAEAVPxOutputStream@3@@Z 00000001800165b0 f   GuMetaData.obj
 0001:000159e0       ?getBinaryMetaData@MaterialIndicesStruct@physx@@SAXAEAVPxOutputStream@2@@Z 00000001800169e0 f   GuMetaData.obj
 0001:00015b80       ?getBinaryMetaData@RTree@Gu@physx@@SAXAEAVPxOutputStream@3@@Z 0000000180016b80 f   GuMetaData.obj
 0001:00015eb0       ?getBinaryMetaData@RTreeTriangleMesh@Gu@physx@@SAXAEAVPxOutputStream@3@@Z 0000000180016eb0 f   GuMetaData.obj
 0001:00016750       ?getBinaryMetaData@TriangleMesh@Gu@physx@@SAXAEAVPxOutputStream@3@@Z 0000000180017750 f   GuMetaData.obj
 0001:00017bc0       ?doSupport@?$SupportLocalImpl@VConvexHullV@Gu@physx@@@Gu@physx@@UEBA?AT__m128@@AEBT4@@Z 0000000180018bc0 f i GuMTD.obj
 0001:00017ca0       ?doSupport@?$SupportLocalImpl@VConvexHullV@Gu@physx@@@Gu@physx@@UEBAXAEBT__m128@@AEAT4@1@Z 0000000180018ca0 f i GuMTD.obj
 0001:00018000       ?populateVerts@?$SupportLocalImpl@VConvexHullV@Gu@physx@@@Gu@physx@@UEBAXPEBEIPEBVPxVec3@3@PEAT__m128@@@Z 0000000180019000 f i GuMTD.obj
 0001:00018060       ??_E?$SupportLocalImpl@VBoxV@Gu@physx@@@Gu@physx@@UEAAPEAXI@Z 0000000180019060 f i GuMTD.obj
 0001:00018060       ??_E?$SupportLocalImpl@VConvexHullNoScaleV@Gu@physx@@@Gu@physx@@UEAAPEAXI@Z 0000000180019060 f i GuMTD.obj
 0001:00018060       ??_E?$SupportLocalImpl@VConvexHullV@Gu@physx@@@Gu@physx@@UEAAPEAXI@Z 0000000180019060 f i GuMTD.obj
 0001:00018060       ??_E?$SupportLocalImpl@VTriangleV@Gu@physx@@@Gu@physx@@UEAAPEAXI@Z 0000000180019060 f i GuPCMContactConvexCommon.obj
 0001:00018060       ??_G?$SupportLocalImpl@VBoxV@Gu@physx@@@Gu@physx@@UEAAPEAXI@Z 0000000180019060 f i GuMTD.obj
 0001:00018060       ??_G?$SupportLocalImpl@VConvexHullNoScaleV@Gu@physx@@@Gu@physx@@UEAAPEAXI@Z 0000000180019060 f i GuMTD.obj
 0001:00018060       ??_G?$SupportLocalImpl@VConvexHullV@Gu@physx@@@Gu@physx@@UEAAPEAXI@Z 0000000180019060 f i GuMTD.obj
 0001:00018060       ??_G?$SupportLocalImpl@VTriangleV@Gu@physx@@@Gu@physx@@UEAAPEAXI@Z 0000000180019060 f i GuPCMContactConvexCommon.obj
 0001:00018090       ?doSupport@?$SupportLocalImpl@VConvexHullNoScaleV@Gu@physx@@@Gu@physx@@UEBA?AT__m128@@AEBT4@@Z 0000000180019090 f i GuMTD.obj
 0001:000180e0       ?doSupport@?$SupportLocalImpl@VConvexHullNoScaleV@Gu@physx@@@Gu@physx@@UEBAXAEBT__m128@@AEAT4@1@Z 00000001800190e0 f i GuMTD.obj
 0001:00018260       ?populateVerts@?$SupportLocalImpl@VBoxV@Gu@physx@@@Gu@physx@@UEBAXPEBEIPEBVPxVec3@3@PEAT__m128@@@Z 0000000180019260 f i GuMTD.obj
 0001:00018260       ?populateVerts@?$SupportLocalImpl@VConvexHullNoScaleV@Gu@physx@@@Gu@physx@@UEBAXPEBEIPEBVPxVec3@3@PEAT__m128@@@Z 0000000180019260 f i GuMTD.obj
 0001:000182a0       ?doSupport@?$SupportLocalImpl@VBoxV@Gu@physx@@@Gu@physx@@UEBA?AT__m128@@AEBT4@@Z 00000001800192a0 f i GuMTD.obj
 0001:000182d0       ?doSupport@?$SupportLocalImpl@VBoxV@Gu@physx@@@Gu@physx@@UEBAXAEBT__m128@@AEAT4@1@Z 00000001800192d0 f i GuMTD.obj
 0001:00018320       ??_ESupportLocal@Gu@physx@@UEAAPEAXI@Z 0000000180019320 f i GuMTD.obj
 0001:00018320       ??_GSupportLocal@Gu@physx@@UEAAPEAXI@Z 0000000180019320 f i GuMTD.obj
 0001:0001a2b0       ??$gjk@U?$LocalConvex@VCapsuleV@Gu@physx@@@Gu@physx@@U?$LocalConvex@VConvexHullV@Gu@physx@@@23@@Gu@physx@@YA?AW4GjkStatus@01@AEBU?$LocalConvex@VCapsuleV@Gu@physx@@@01@AEBU?$LocalConvex@VConvexHullV@Gu@physx@@@01@AEBT__m128@@2AEAT5@333@Z 000000018001b2b0 f i GuMTD.obj
 0001:0001b020       ??0MultiplePersistentContactManifold@Gu@physx@@QEAA@XZ 000000018001c020 f i GuMTD.obj
 0001:0001b080       ??0PolygonalBox@Gu@physx@@QEAA@AEBV012@@Z 000000018001c080 f i GuMTD.obj
 0001:0001b300       ??0SeparatingAxes@Gu@physx@@QEAA@$$QEAV012@@Z 000000018001c300 f i GuMTD.obj
 0001:0001b300       ??0SeparatingAxes@Gu@physx@@QEAA@AEBV012@@Z 000000018001c300 f i GuMTD.obj
 0001:0001b410       ??0SeparatingAxes@Gu@physx@@QEAA@XZ 000000018001c410 f i GuMTD.obj
 0001:0001b420       ??4MultiplePersistentContactManifold@Gu@physx@@QEAAAEAV012@$$QEAV012@@Z 000000018001c420 f i GuMTD.obj
 0001:0001b730       ??4MultiplePersistentContactManifold@Gu@physx@@QEAAAEAV012@AEBV012@@Z 000000018001c730 f i GuMTD.obj
 0001:0001b750       ??4SeparatingAxes@Gu@physx@@QEAAAEAV012@$$QEAV012@@Z 000000018001c750 f i GuMTD.obj
 0001:0001b750       ??4SeparatingAxes@Gu@physx@@QEAAAEAV012@AEBV012@@Z 000000018001c750 f i GuMTD.obj
 0001:0001b860       ??_E?$LocalConvex@VBoxV@Gu@physx@@@Gu@physx@@UEAAPEAXI@Z 000000018001c860 f i GuSweepTests.obj
 0001:0001b860       ??_E?$LocalConvex@VCapsuleV@Gu@physx@@@Gu@physx@@UEAAPEAXI@Z 000000018001c860 f i GuMTD.obj
 0001:0001b860       ??_E?$LocalConvex@VConvexHullNoScaleV@Gu@physx@@@Gu@physx@@UEAAPEAXI@Z 000000018001c860 f i GuPCMContactBoxConvex.obj
 0001:0001b860       ??_E?$LocalConvex@VConvexHullV@Gu@physx@@@Gu@physx@@UEAAPEAXI@Z 000000018001c860 f i GuMTD.obj
 0001:0001b860       ??_E?$LocalConvex@VTriangleV@Gu@physx@@@Gu@physx@@UEAAPEAXI@Z 000000018001c860 f i GuSweepTests.obj
 0001:0001b860       ??_EGjkConvexBase@Gu@physx@@UEAAPEAXI@Z 000000018001c860 f i GuMTD.obj
 0001:0001b860       ??_G?$LocalConvex@VBoxV@Gu@physx@@@Gu@physx@@UEAAPEAXI@Z 000000018001c860 f i GuSweepTests.obj
 0001:0001b860       ??_G?$LocalConvex@VCapsuleV@Gu@physx@@@Gu@physx@@UEAAPEAXI@Z 000000018001c860 f i GuMTD.obj
 0001:0001b860       ??_G?$LocalConvex@VConvexHullNoScaleV@Gu@physx@@@Gu@physx@@UEAAPEAXI@Z 000000018001c860 f i GuPCMContactBoxConvex.obj
 0001:0001b860       ??_G?$LocalConvex@VConvexHullV@Gu@physx@@@Gu@physx@@UEAAPEAXI@Z 000000018001c860 f i GuMTD.obj
 0001:0001b860       ??_G?$LocalConvex@VTriangleV@Gu@physx@@@Gu@physx@@UEAAPEAXI@Z 000000018001c860 f i GuSweepTests.obj
 0001:0001b860       ??_GGjkConvexBase@Gu@physx@@UEAAPEAXI@Z 000000018001c860 f i GuMTD.obj
 0001:0001bfd0       ?clearManifold@MultiplePersistentContactManifold@Gu@physx@@QEAAXXZ 000000018001cfd0 f i GuMTD.obj
 0001:0001f8e0       ?getAxes@SeparatingAxes@Gu@physx@@QEBAPEBVPxVec3@3@XZ 00000001800208e0 f i GuMTD.obj
 0001:0001f8f0       ?getCenter@?$LocalConvex@VBoxV@Gu@physx@@@Gu@physx@@UEBA?AT__m128@@XZ 00000001800208f0 f i GuSweepTests.obj
 0001:0001f8f0       ?getCenter@?$LocalConvex@VCapsuleV@Gu@physx@@@Gu@physx@@UEBA?AT__m128@@XZ 00000001800208f0 f i GuMTD.obj
 0001:0001f8f0       ?getCenter@?$LocalConvex@VConvexHullNoScaleV@Gu@physx@@@Gu@physx@@UEBA?AT__m128@@XZ 00000001800208f0 f i GuPCMContactBoxConvex.obj
 0001:0001f8f0       ?getCenter@?$LocalConvex@VConvexHullV@Gu@physx@@@Gu@physx@@UEBA?AT__m128@@XZ 00000001800208f0 f i GuMTD.obj
 0001:0001f8f0       ?getCenter@?$LocalConvex@VTriangleV@Gu@physx@@@Gu@physx@@UEBA?AT__m128@@XZ 00000001800208f0 f i GuSweepTests.obj
 0001:0001f900       ?getEmptyManifold@MultiplePersistentContactManifold@Gu@physx@@QEAAPEAVSinglePersistentContactManifold@23@XZ 0000000180020900 f i GuMTD.obj
 0001:0001f920       ?getManifold@MultiplePersistentContactManifold@Gu@physx@@QEAAPEAVSinglePersistentContactManifold@23@I@Z 0000000180020920 f i GuMTD.obj
 0001:0001f940       ?getSweepMargin@?$LocalConvex@VCapsuleV@Gu@physx@@@Gu@physx@@UEBA?AT__m128@@XZ 0000000180020940 f i GuMTD.obj
 0001:0001f940       ?getSweepMargin@?$RelativeConvex@VCapsuleV@Gu@physx@@@Gu@physx@@UEBA?AT__m128@@XZ 0000000180020940 f i GuCCDSweepPrimitives.obj
 0001:0001f950       ?getSweepMargin@?$LocalConvex@VBoxV@Gu@physx@@@Gu@physx@@UEBA?AT__m128@@XZ 0000000180020950 f i GuSweepTests.obj
 0001:0001f950       ?getSweepMargin@?$LocalConvex@VConvexHullNoScaleV@Gu@physx@@@Gu@physx@@UEBA?AT__m128@@XZ 0000000180020950 f i GuPCMContactBoxConvex.obj
 0001:0001f950       ?getSweepMargin@?$LocalConvex@VConvexHullV@Gu@physx@@@Gu@physx@@UEBA?AT__m128@@XZ 0000000180020950 f i GuMTD.obj
 0001:0001f950       ?getSweepMargin@?$RelativeConvex@VBoxV@Gu@physx@@@Gu@physx@@UEBA?AT__m128@@XZ 0000000180020950 f i GuOverlapTests.obj
 0001:0001f950       ?getSweepMargin@?$RelativeConvex@VConvexHullNoScaleV@Gu@physx@@@Gu@physx@@UEBA?AT__m128@@XZ 0000000180020950 f i GuPCMContactConvexConvex.obj
 0001:0001f950       ?getSweepMargin@?$RelativeConvex@VConvexHullV@Gu@physx@@@Gu@physx@@UEBA?AT__m128@@XZ 0000000180020950 f i GuOverlapTests.obj
 0001:0001f970       ?hillClimbing@ConvexHullV@Gu@physx@@QEBAIAEBT__m128@@@Z 0000000180020970 f i GuMTD.obj
 0001:0001fba0       ?initialize@MultiplePersistentContactManifold@Gu@physx@@QEAAXXZ 0000000180020ba0 f i GuMTD.obj
 0001:0001fc00       ?invalidate@MultiplePersistentContactManifold@Gu@physx@@QEAAIAEBVPsTransformV@aos@shdfnd@3@AEBT__m128@@1@Z 0000000180020c00 f i GuMTD.obj
 0001:0001fc80       ?invalidate@MultiplePersistentContactManifold@Gu@physx@@QEAAIAEBVPsTransformV@aos@shdfnd@3@AEBT__m128@@@Z 0000000180020c80 f i GuMTD.obj
 0001:0001fd00       ?maxTransformPositionDelta@MultiplePersistentContactManifold@Gu@physx@@QEAA?AT__m128@@AEBT4@@Z 0000000180020d00 f i GuMTD.obj
 0001:0001fd40       ?maxTransformQuatDelta@MultiplePersistentContactManifold@Gu@physx@@QEAA?AT__m128@@AEBT4@@Z 0000000180020d40 f i GuMTD.obj
 0001:0001fd80       ?pointConvexDistance@@YA_NAEAVPxVec3@physx@@0AEAMAEBV12@PEBVConvexMesh@Gu@2@AEBVPxMeshScale@2@AEBVPxTransform@2@@Z 0000000180020d80 f   GuMTD.obj
 0001:00020b50       ?reduceManifoldContactsInDifferentPatches@MultiplePersistentContactManifold@Gu@physx@@QEAAIPEAPEAUPCMContactPatch@23@IPEAVMeshPersistentContact@23@IAEBT__m128@@@Z 0000000180021b50 f i GuMTD.obj
 0001:00020cc0       ?refineContactPatchConnective@MultiplePersistentContactManifold@Gu@physx@@QEAAXPEAPEAUPCMContactPatch@23@IPEAVMeshPersistentContact@23@AEBT__m128@@@Z 0000000180021cc0 f i GuMTD.obj
 0001:00020db0       ?refreshManifold@MultiplePersistentContactManifold@Gu@physx@@QEAAXAEBVPsMatTransformV@aos@shdfnd@3@AEBT__m128@@1@Z 0000000180021db0 f i GuMTD.obj
 0001:00020eb0       ?reset@SeparatingAxes@Gu@physx@@QEAAXXZ 0000000180021eb0 f i GuMTD.obj
 0001:00020ec0       ?setRelativeTransform@MultiplePersistentContactManifold@Gu@physx@@QEAAXAEBVPsTransformV@aos@shdfnd@3@@Z 0000000180021ec0 f i GuMTD.obj
 0001:00020ed0       ?support@?$LocalConvex@VCapsuleV@Gu@physx@@@Gu@physx@@UEBA?AT__m128@@AEBT4@@Z 0000000180021ed0 f i GuMTD.obj
 0001:00020f30       ?support@?$LocalConvex@VCapsuleV@Gu@physx@@@Gu@physx@@UEBA?AT__m128@@AEBT4@AEAH@Z 0000000180021f30 f i GuMTD.obj
 0001:00020fa0       ?support@?$LocalConvex@VConvexHullV@Gu@physx@@@Gu@physx@@UEBA?AT__m128@@AEBT4@@Z 0000000180021fa0 f i GuMTD.obj
 0001:00021080       ?support@?$LocalConvex@VConvexHullV@Gu@physx@@@Gu@physx@@UEBA?AT__m128@@AEBT4@AEAH@Z 0000000180022080 f i GuMTD.obj
 0001:00021150       ?supportPoint@?$LocalConvex@VCapsuleV@Gu@physx@@@Gu@physx@@UEBA?AT__m128@@H@Z 0000000180022150 f i GuMTD.obj
 0001:00021180       ?supportPoint@?$LocalConvex@VConvexHullV@Gu@physx@@@Gu@physx@@UEBA?AT__m128@@H@Z 0000000180022180 f i GuMTD.obj
 0001:000211d0       ?supportVertexIndex@ConvexHullV@Gu@physx@@QEBAIAEBT__m128@@@Z 00000001800221d0 f i GuMTD.obj
 0001:00021450       ?toBuffer@MultiplePersistentContactManifold@Gu@physx@@QEAAXPEIAE@Z 0000000180022450 f i GuMTD.obj
 0001:00021530       ?supportPoint@?$RelativeConvex@VBoxV@Gu@physx@@@Gu@physx@@UEBA?AT__m128@@H@Z 0000000180022530 f i GuOverlapTests.obj
 0001:000215a0       ?support@?$RelativeConvex@VBoxV@Gu@physx@@@Gu@physx@@UEBA?AT__m128@@AEBT4@@Z 00000001800225a0 f i GuOverlapTests.obj
 0001:00021620       ?support@?$RelativeConvex@VBoxV@Gu@physx@@@Gu@physx@@UEBA?AT__m128@@AEBT4@AEAH@Z 0000000180022620 f i GuOverlapTests.obj
 0001:000216b0       ?getCenter@?$RelativeConvex@VBoxV@Gu@physx@@@Gu@physx@@UEBA?AT__m128@@XZ 00000001800226b0 f i GuOverlapTests.obj
 0001:000216b0       ?getCenter@?$RelativeConvex@VCapsuleV@Gu@physx@@@Gu@physx@@UEBA?AT__m128@@XZ 00000001800226b0 f i GuCCDSweepPrimitives.obj
 0001:000216b0       ?getCenter@?$RelativeConvex@VConvexHullNoScaleV@Gu@physx@@@Gu@physx@@UEBA?AT__m128@@XZ 00000001800226b0 f i GuPCMContactConvexConvex.obj
 0001:000216b0       ?getCenter@?$RelativeConvex@VConvexHullV@Gu@physx@@@Gu@physx@@UEBA?AT__m128@@XZ 00000001800226b0 f i GuOverlapTests.obj
 0001:000216b0       ?getCenter@?$RelativeConvex@VTriangleV@Gu@physx@@@Gu@physx@@UEBA?AT__m128@@XZ 00000001800226b0 f i GuCCDSweepPrimitives.obj
 0001:000216f0       ??_E?$RelativeConvex@VBoxV@Gu@physx@@@Gu@physx@@UEAAPEAXI@Z 00000001800226f0 f i GuOverlapTests.obj
 0001:000216f0       ??_E?$RelativeConvex@VCapsuleV@Gu@physx@@@Gu@physx@@UEAAPEAXI@Z 00000001800226f0 f i GuCCDSweepPrimitives.obj
 0001:000216f0       ??_E?$RelativeConvex@VConvexHullNoScaleV@Gu@physx@@@Gu@physx@@UEAAPEAXI@Z 00000001800226f0 f i GuPCMContactConvexConvex.obj
 0001:000216f0       ??_E?$RelativeConvex@VConvexHullV@Gu@physx@@@Gu@physx@@UEAAPEAXI@Z 00000001800226f0 f i GuOverlapTests.obj
 0001:000216f0       ??_E?$RelativeConvex@VTriangleV@Gu@physx@@@Gu@physx@@UEAAPEAXI@Z 00000001800226f0 f i GuCCDSweepPrimitives.obj
 0001:000216f0       ??_G?$RelativeConvex@VBoxV@Gu@physx@@@Gu@physx@@UEAAPEAXI@Z 00000001800226f0 f i GuOverlapTests.obj
 0001:000216f0       ??_G?$RelativeConvex@VCapsuleV@Gu@physx@@@Gu@physx@@UEAAPEAXI@Z 00000001800226f0 f i GuCCDSweepPrimitives.obj
 0001:000216f0       ??_G?$RelativeConvex@VConvexHullNoScaleV@Gu@physx@@@Gu@physx@@UEAAPEAXI@Z 00000001800226f0 f i GuPCMContactConvexConvex.obj
 0001:000216f0       ??_G?$RelativeConvex@VConvexHullV@Gu@physx@@@Gu@physx@@UEAAPEAXI@Z 00000001800226f0 f i GuOverlapTests.obj
 0001:000216f0       ??_G?$RelativeConvex@VTriangleV@Gu@physx@@@Gu@physx@@UEAAPEAXI@Z 00000001800226f0 f i GuCCDSweepPrimitives.obj
 0001:00023890       ?supportPoint@?$RelativeConvex@VConvexHullV@Gu@physx@@@Gu@physx@@UEBA?AT__m128@@H@Z 0000000180024890 f i GuOverlapTests.obj
 0001:00023910       ?support@?$RelativeConvex@VConvexHullV@Gu@physx@@@Gu@physx@@UEBA?AT__m128@@AEBT4@@Z 0000000180024910 f i GuOverlapTests.obj
 0001:00023a40       ?support@?$RelativeConvex@VConvexHullV@Gu@physx@@@Gu@physx@@UEBA?AT__m128@@AEBT4@AEAH@Z 0000000180024a40 f i GuOverlapTests.obj
 0001:00023ba0       ??$gjk@U?$RelativeConvex@VBoxV@Gu@physx@@@Gu@physx@@U?$LocalConvex@VConvexHullV@Gu@physx@@@23@@Gu@physx@@YA?AW4GjkStatus@01@AEBU?$RelativeConvex@VBoxV@Gu@physx@@@01@AEBU?$LocalConvex@VConvexHullV@Gu@physx@@@01@AEBT__m128@@2AEAT5@333@Z 0000000180024ba0 f i GuOverlapTests.obj
 0001:00024960       ??$gjk@U?$RelativeConvex@VConvexHullV@Gu@physx@@@Gu@physx@@U?$LocalConvex@VConvexHullV@Gu@physx@@@23@@Gu@physx@@YA?AW4GjkStatus@01@AEBU?$RelativeConvex@VConvexHullV@Gu@physx@@@01@AEBU?$LocalConvex@VConvexHullV@Gu@physx@@@01@AEBT__m128@@2AEAT5@333@Z 0000000180025960 f i GuOverlapTests.obj
 0001:000257f0       ?ComputeCubemapNearestOffset@physx@@YAIAEBVPxVec3@1@I@Z 00000001800267f0 f i GuOverlapTests.obj
 0001:000258f0       ?getOverlapFuncTable@Gu@physx@@YAPEAY06Q6A_NAEBVPxGeometry@2@AEBVPxTransform@2@01PEAUTriggerCache@12@@ZXZ 00000001800268f0 f   GuOverlapTests.obj
 0001:000273d0       ?registerHeightFields@Gu@physx@@YAXXZ 00000001800283d0 f   GuOverlapTests.obj
 0001:00027420       ?raycast_box@@YAIAEBVPxGeometry@physx@@AEBVPxTransform@2@AEBVPxVec3@2@2MV?$PxFlags@W4Enum@PxHitFlag@physx@@G@2@IPEIAUPxRaycastHit@2@@Z 0000000180028420 f   GuRaycastTests.obj
 0001:00027a50       ?raycast_sphere@@YAIAEBVPxGeometry@physx@@AEBVPxTransform@2@AEBVPxVec3@2@2MV?$PxFlags@W4Enum@PxHitFlag@physx@@G@2@IPEIAUPxRaycastHit@2@@Z 0000000180028a50 f   GuRaycastTests.obj
 0001:00027be0       ?raycast_capsule@@YAIAEBVPxGeometry@physx@@AEBVPxTransform@2@AEBVPxVec3@2@2MV?$PxFlags@W4Enum@PxHitFlag@physx@@G@2@IPEIAUPxRaycastHit@2@@Z 0000000180028be0 f   GuRaycastTests.obj
 0001:00028140       ?raycast_plane@@YAIAEBVPxGeometry@physx@@AEBVPxTransform@2@AEBVPxVec3@2@2MV?$PxFlags@W4Enum@PxHitFlag@physx@@G@2@IPEIAUPxRaycastHit@2@@Z 0000000180029140 f   GuRaycastTests.obj
 0001:000282b0       ?raycast_convexMesh@@YAIAEBVPxGeometry@physx@@AEBVPxTransform@2@AEBVPxVec3@2@2MV?$PxFlags@W4Enum@PxHitFlag@physx@@G@2@IPEIAUPxRaycastHit@2@@Z 00000001800292b0 f   GuRaycastTests.obj
 0001:00028de0       ?raycast_triangleMesh@@YAIAEBVPxGeometry@physx@@AEBVPxTransform@2@AEBVPxVec3@2@2MV?$PxFlags@W4Enum@PxHitFlag@physx@@G@2@IPEIAUPxRaycastHit@2@@Z 0000000180029de0 f   GuRaycastTests.obj
 0001:0002a100       ??Dphysx@@YA?AVMatrix34@Cm@0@AEBVPxMeshScale@0@AEBVPxTransform@0@@Z 000000018002b100 f i GuRaycastTests.obj
 0001:0002ad40       ?getRaycastFuncTable@Gu@physx@@YAAEAY06Q6AIAEBVPxGeometry@2@AEBVPxTransform@2@AEBVPxVec3@2@2MV?$PxFlags@W4Enum@PxHitFlag@physx@@G@2@IPEIAUPxRaycastHit@2@@ZXZ 000000018002bd40 f   GuRaycastTests.obj
 0001:0002ad50       ?raycast_heightField@@YAIAEBVPxGeometry@physx@@AEBVPxTransform@2@AEBVPxVec3@2@2MV?$PxFlags@W4Enum@PxHitFlag@physx@@G@2@IPEIAUPxRaycastHit@2@@Z 000000018002bd50 f   GuRaycastTests.obj
 0001:0002b490       ?registerHeightFields_Raycasts@@YAXXZ 000000018002c490 f   GuRaycastTests.obj
 0001:0002b4a0       ?ReadHeader@Gu@physx@@YA_NEEEEAEAIAEA_NAEAVPxInputStream@2@@Z 000000018002c4a0 f   GuSerialize.obj
 0001:0002b600       ?ReadIndices@Gu@physx@@YAXGIPEAGAEAVPxInputStream@2@_N@Z 000000018002c600 f   GuSerialize.obj
 0001:0002b790       ?StoreIndices@Gu@physx@@YAXGIPEBGAEAVPxOutputStream@2@_N@Z 000000018002c790 f   GuSerialize.obj
 0001:0002b880       ?StoreIndices@Gu@physx@@YAXIIPEBIAEAVPxOutputStream@2@_N@Z 000000018002c880 f   GuSerialize.obj
 0001:0002ba10       ?WriteHeader@Gu@physx@@YA_NEEEEI_NAEAVPxOutputStream@2@@Z 000000018002ca10 f   GuSerialize.obj
 0001:0002bb40       ?computeMaxIndex@physx@@YAGPEBGI@Z 000000018002cb40 f   GuSerialize.obj
 0001:0002bb70       ?computeMaxIndex@physx@@YAIPEBII@Z 000000018002cb70 f   GuSerialize.obj
 0001:0002bba0       ?readChunk@physx@@YAXAEAC000AEAVPxInputStream@1@@Z 000000018002cba0 f   GuSerialize.obj
 0001:0002bc20       ?readDword@physx@@YAI_NAEAVPxInputStream@1@@Z 000000018002cc20 f   GuSerialize.obj
 0001:0002bc80       ?readFloat@physx@@YAM_NAEAVPxInputStream@1@@Z 000000018002cc80 f   GuSerialize.obj
 0001:0002bce0       ?readFloatBuffer@physx@@YA_NPEAMI_NAEAVPxInputStream@1@@Z 000000018002cce0 f   GuSerialize.obj
 0001:0002bd60       ?readHeader@physx@@YA_NCCCCAEAIAEA_NAEAVPxInputStream@1@@Z 000000018002cd60 f   GuSerialize.obj
 0001:0002beb0       ?readIndices@physx@@YAXIIPEAIAEAVPxInputStream@1@_N@Z 000000018002ceb0 f   GuSerialize.obj
 0001:0002bfe0       ?readWord@physx@@YAG_NAEAVPxInputStream@1@@Z 000000018002cfe0 f   GuSerialize.obj
 0001:0002c020       ?readWordBuffer@physx@@YAXPEAGI_NAEAVPxInputStream@1@@Z 000000018002d020 f   GuSerialize.obj
 0001:0002c090       ?storeIndices@physx@@YAXIIPEBIAEAVPxOutputStream@1@_N@Z 000000018002d090 f   GuSerialize.obj
 0001:0002c1b0       ?writeDword@physx@@YAXI_NAEAVPxOutputStream@1@@Z 000000018002d1b0 f   GuSerialize.obj
 0001:0002c200       ?writeFloat@physx@@YAXM_NAEAVPxOutputStream@1@@Z 000000018002d200 f   GuSerialize.obj
 0001:0002c250       ?writeFloatBuffer@physx@@YAXPEBMI_NAEAVPxOutputStream@1@@Z 000000018002d250 f   GuSerialize.obj
 0001:0002c2f0       ?writeHeader@physx@@YA_NCCCCI_NAEAVPxOutputStream@1@@Z 000000018002d2f0 f   GuSerialize.obj
 0001:0002c420       ?writeWord@physx@@YAXG_NAEAVPxOutputStream@1@@Z 000000018002d420 f   GuSerialize.obj
 0001:0002c460       ?writeWordBuffer@physx@@YAXPEBGI_NAEAVPxOutputStream@1@@Z 000000018002d460 f   GuSerialize.obj
 0001:0002c4e0       ??Dphysx@@YA?AVMatrix34@Cm@0@AEBVPxTransform@0@AEBVPxMeshScale@0@@Z 000000018002d4e0 f i GuSweepMTD.obj
 0001:0002cb30       ??_E?$MeshHitCallback@UPxRaycastHit@physx@@@Gu@physx@@UEAAPEAXI@Z 000000018002db30 f i GuSweepMTD.obj
 0001:0002cb30       ??_G?$MeshHitCallback@UPxRaycastHit@physx@@@Gu@physx@@UEAAPEAXI@Z 000000018002db30 f i GuSweepMTD.obj
 0001:0002cb60       ??_EMeshMTDGenerationCallback@@UEAAPEAXI@Z 000000018002db60 f i GuSweepMTD.obj
 0001:0002cb60       ??_GMeshMTDGenerationCallback@@UEAAPEAXI@Z 000000018002db60 f i GuSweepMTD.obj
 0001:0002cb90       ??_EMidPhaseQueryLocalReport@@UEAAPEAXI@Z 000000018002db90 f i GuSweepMTD.obj
 0001:0002cb90       ??_GMidPhaseQueryLocalReport@@UEAAPEAXI@Z 000000018002db90 f i GuSweepMTD.obj
 0001:0002cbc0       ?allocate@?$ReflectionAllocator@I@shdfnd@physx@@QEAAPEAX_KPEBDH@Z 000000018002dbc0 f i GuSweepMTD.obj
 0001:0002cc60       ?computeBox_HeightFieldMTD@Gu@physx@@YA_NAEBVPxHeightFieldGeometry@2@AEBVPxTransform@2@AEBVBox@12@1M_NIAEAUPxSweepHit@2@@Z 000000018002dc60 f   GuSweepMTD.obj
 0001:0002dab0       ?computeBox_TriangleMeshMTD@Gu@physx@@YA_NAEBVPxTriangleMeshGeometry@2@AEBVPxTransform@2@AEBVBox@12@1M_NAEAUPxSweepHit@2@@Z 000000018002eab0 f   GuSweepMTD.obj
 0001:0002e700       ?computeCapsule_CapsuleMTD@Gu@physx@@YA_NAEBVCapsule@12@0AEAUPxSweepHit@2@@Z 000000018002f700 f   GuSweepMTD.obj
 0001:0002e940       ?computeCapsule_HeightFieldMTD@Gu@physx@@YA_NAEBVPxHeightFieldGeometry@2@AEBVPxTransform@2@AEAVCapsuleV@12@M_NIAEAUPxSweepHit@2@@Z 000000018002f940 f   GuSweepMTD.obj
 0001:0002f170       ?computeCapsule_TriangleMeshMTD@Gu@physx@@YA_NAEBVPxTriangleMeshGeometry@2@AEBVPxTransform@2@AEAVCapsuleV@12@M_NAEAUPxSweepHit@2@@Z 0000000180030170 f   GuSweepMTD.obj
 0001:0002fa00       ?computeConvex_HeightFieldMTD@Gu@physx@@YA_NAEBVPxHeightFieldGeometry@2@AEBVPxTransform@2@AEBVPxConvexMeshGeometry@2@1M_NIAEAUPxSweepHit@2@@Z 0000000180030a00 f   GuSweepMTD.obj
 0001:00030d80       ?computeConvex_TriangleMeshMTD@Gu@physx@@YA_NAEBVPxTriangleMeshGeometry@2@AEBVPxTransform@2@AEBVPxConvexMeshGeometry@2@1M_NAEAUPxSweepHit@2@@Z 0000000180031d80 f   GuSweepMTD.obj
 0001:00032000       ?computePlane_BoxMTD@Gu@physx@@YA_NAEBVPxPlane@2@AEBVBox@12@AEAUPxSweepHit@2@@Z 0000000180033000 f   GuSweepMTD.obj
 0001:000322a0       ?computePlane_CapsuleMTD@Gu@physx@@YA_NAEBVPxPlane@2@AEBVCapsule@12@AEAUPxSweepHit@2@@Z 00000001800332a0 f   GuSweepMTD.obj
 0001:000323b0       ?computePlane_ConvexMTD@Gu@physx@@YA_NAEBVPxPlane@2@AEBVPxConvexMeshGeometry@2@AEBVPxTransform@2@AEAUPxSweepHit@2@@Z 00000001800333b0 f   GuSweepMTD.obj
 0001:00032f70       ?computeSphere_CapsuleMTD@Gu@physx@@YA_NAEBVSphere@12@AEBVCapsule@12@AEAUPxSweepHit@2@@Z 0000000180033f70 f   GuSweepMTD.obj
 0001:00033120       ?computeSphere_SphereMTD@Gu@physx@@YA_NAEBVSphere@12@0AEAUPxSweepHit@2@@Z 0000000180034120 f   GuSweepMTD.obj
 0001:00033210       ?getInverse@PxMat33@physx@@QEBA?BV12@XZ 0000000180034210 f i GuSweepMTD.obj
 0001:00033460       ?growAndPushBack@?$Array@IV?$ReflectionAllocator@I@shdfnd@physx@@@shdfnd@physx@@IEAAAEAIAEBI@Z 0000000180034460 f i GuSweepMTD.obj
 0001:00033530       ?init@FastVertex2ShapeScaling@Cm@physx@@QEAAXAEBVPxVec3@3@AEBVPxQuat@3@@Z 0000000180034530 f i GuSweepMTD.obj
 0001:00033920       ?onEvent@MidPhaseQueryLocalReport@@UEAA_NIPEAI@Z 0000000180034920 f i GuSweepMTD.obj
 0001:00033990       ?processHit@MeshMTDGenerationCallback@@UEAA_NAEBUPxRaycastHit@physx@@AEBVPxVec3@3@11AEAMPEBI@Z 0000000180034990 f i GuSweepMTD.obj
 0001:000339e0       ?recreate@?$Array@IV?$ReflectionAllocator@I@shdfnd@physx@@@shdfnd@physx@@IEAAXI@Z 00000001800349e0 f i GuSweepMTD.obj
 0001:00033aa0       ??$gjkPenetration@U?$LocalConvex@VCapsuleV@Gu@physx@@@Gu@physx@@U?$LocalConvex@VConvexHullV@Gu@physx@@@23@@Gu@physx@@YA?AW4GjkStatus@01@AEBU?$LocalConvex@VCapsuleV@Gu@physx@@@01@AEBU?$LocalConvex@VConvexHullV@Gu@physx@@@01@AEBT__m128@@2_NPEIAE4AEAEAEAUGjkOutput@01@@Z 0000000180034aa0 f i GuSweepSharedTests.obj
 0001:000350b0       ??$gjkPenetration@U?$RelativeConvex@VBoxV@Gu@physx@@@Gu@physx@@U?$LocalConvex@VConvexHullV@Gu@physx@@@23@@Gu@physx@@YA?AW4GjkStatus@01@AEBU?$RelativeConvex@VBoxV@Gu@physx@@@01@AEBU?$LocalConvex@VConvexHullV@Gu@physx@@@01@AEBT__m128@@2_NPEIAE4AEAEAEAUGjkOutput@01@@Z 00000001800360b0 f i GuSweepSharedTests.obj
 0001:00036710       ??$gjkPenetration@U?$RelativeConvex@VConvexHullV@Gu@physx@@@Gu@physx@@U?$LocalConvex@VConvexHullV@Gu@physx@@@23@@Gu@physx@@YA?AW4GjkStatus@01@AEBU?$RelativeConvex@VConvexHullV@Gu@physx@@@01@AEBU?$LocalConvex@VConvexHullV@Gu@physx@@@01@AEBT__m128@@2_NPEIAE4AEAEAEAUGjkOutput@01@@Z 0000000180037710 f i GuSweepSharedTests.obj
 0001:00037dd0       ??$gjkRaycast@U?$LocalConvex@VCapsuleV@Gu@physx@@@Gu@physx@@U?$LocalConvex@VConvexHullV@Gu@physx@@@23@@Gu@physx@@YA_NAEBU?$LocalConvex@VCapsuleV@Gu@physx@@@01@AEBU?$LocalConvex@VConvexHullV@Gu@physx@@@01@AEBT__m128@@222AEAT4@33M@Z 0000000180038dd0 f i GuSweepSharedTests.obj
 0001:00038b30       ??$gjkRaycast@U?$RelativeConvex@VBoxV@Gu@physx@@@Gu@physx@@U?$LocalConvex@VConvexHullV@Gu@physx@@@23@@Gu@physx@@YA_NAEBU?$RelativeConvex@VBoxV@Gu@physx@@@01@AEBU?$LocalConvex@VConvexHullV@Gu@physx@@@01@AEBT__m128@@222AEAT4@33M@Z 0000000180039b30 f i GuSweepSharedTests.obj
 0001:00039930       ??$gjkRaycast@U?$RelativeConvex@VConvexHullV@Gu@physx@@@Gu@physx@@U?$LocalConvex@VConvexHullV@Gu@physx@@@23@@Gu@physx@@YA_NAEBU?$RelativeConvex@VConvexHullV@Gu@physx@@@01@AEBU?$LocalConvex@VConvexHullV@Gu@physx@@@01@AEBT__m128@@222AEAT4@33M@Z 000000018003a930 f i GuSweepSharedTests.obj
 0001:0003a720       ??$gjkRaycastPenetration@U?$RelativeConvex@VConvexHullV@Gu@physx@@@Gu@physx@@U?$LocalConvex@VConvexHullV@Gu@physx@@@23@@Gu@physx@@YA_NAEBU?$RelativeConvex@VConvexHullV@Gu@physx@@@01@AEBU?$LocalConvex@VConvexHullV@Gu@physx@@@01@AEBT__m128@@222AEAT4@33M_N@Z 000000018003b720 f i GuSweepSharedTests.obj
 0001:0003b2f0       ?sweepBox_ConvexGeom@@YA_NAEBVPxGeometry@physx@@AEBVPxTransform@2@AEBVPxBoxGeometry@2@1AEBVBox@Gu@2@AEBVPxVec3@2@MAEAUPxSweepHit@2@V?$PxFlags@W4Enum@PxHitFlag@physx@@G@2@M@Z 000000018003c2f0 f   GuSweepSharedTests.obj
 0001:0003c130       ?sweepBox_PlaneGeom@@YA_NAEBVPxGeometry@physx@@AEBVPxTransform@2@AEBVPxBoxGeometry@2@1AEBVBox@Gu@2@AEBVPxVec3@2@MAEAUPxSweepHit@2@V?$PxFlags@W4Enum@PxHitFlag@physx@@G@2@M@Z 000000018003d130 f   GuSweepSharedTests.obj
 0001:0003c500       ?sweepCapsuleTriangles@Gu@physx@@YA_NIPEBVPxTriangle@2@_NAEBVPxCapsuleGeometry@2@AEBVPxTransform@2@AEBVPxVec3@2@MAEAUPxSweepHit@2@PEBIMV?$PxFlags@W4Enum@PxHitFlag@physx@@G@2@@Z 000000018003d500 f   GuSweepSharedTests.obj
 0001:0003c6f0       ?sweepCapsule_CapsuleGeom@@YA_NAEBVPxGeometry@physx@@AEBVPxTransform@2@AEBVPxCapsuleGeometry@2@1AEBVCapsule@Gu@2@AEBVPxVec3@2@MAEAUPxSweepHit@2@V?$PxFlags@W4Enum@PxHitFlag@physx@@G@2@M@Z 000000018003d6f0 f   GuSweepSharedTests.obj
 0001:0003c8d0       ?sweepCapsule_ConvexGeom@@YA_NAEBVPxGeometry@physx@@AEBVPxTransform@2@AEBVPxCapsuleGeometry@2@1AEBVCapsule@Gu@2@AEBVPxVec3@2@MAEAUPxSweepHit@2@V?$PxFlags@W4Enum@PxHitFlag@physx@@G@2@M@Z 000000018003d8d0 f   GuSweepSharedTests.obj
 0001:0003d620       ?sweepCapsule_PlaneGeom@@YA_NAEBVPxGeometry@physx@@AEBVPxTransform@2@AEBVPxCapsuleGeometry@2@1AEBVCapsule@Gu@2@AEBVPxVec3@2@MAEAUPxSweepHit@2@V?$PxFlags@W4Enum@PxHitFlag@physx@@G@2@M@Z 000000018003e620 f   GuSweepSharedTests.obj
 0001:0003d900       ?sweepCapsule_SphereGeom@@YA_NAEBVPxGeometry@physx@@AEBVPxTransform@2@AEBVPxCapsuleGeometry@2@1AEBVCapsule@Gu@2@AEBVPxVec3@2@MAEAUPxSweepHit@2@V?$PxFlags@W4Enum@PxHitFlag@physx@@G@2@M@Z 000000018003e900 f   GuSweepSharedTests.obj
 0001:0003daa0       ?sweepConvex_BoxGeom@@YA_NAEBVPxGeometry@physx@@AEBVPxTransform@2@AEBVPxConvexMeshGeometry@2@1AEBVPxVec3@2@MAEAUPxSweepHit@2@V?$PxFlags@W4Enum@PxHitFlag@physx@@G@2@M@Z 000000018003eaa0 f   GuSweepSharedTests.obj
 0001:0003dcb0       ?sweepConvex_CapsuleGeom@@YA_NAEBVPxGeometry@physx@@AEBVPxTransform@2@AEBVPxConvexMeshGeometry@2@1AEBVPxVec3@2@MAEAUPxSweepHit@2@V?$PxFlags@W4Enum@PxHitFlag@physx@@G@2@M@Z 000000018003ecb0 f   GuSweepSharedTests.obj
 0001:0003ded0       ?sweepConvex_ConvexGeom@@YA_NAEBVPxGeometry@physx@@AEBVPxTransform@2@AEBVPxConvexMeshGeometry@2@1AEBVPxVec3@2@MAEAUPxSweepHit@2@V?$PxFlags@W4Enum@PxHitFlag@physx@@G@2@M@Z 000000018003eed0 f   GuSweepSharedTests.obj
 0001:0003eed0       ?sweepConvex_PlaneGeom@@YA_NAEBVPxGeometry@physx@@AEBVPxTransform@2@AEBVPxConvexMeshGeometry@2@1AEBVPxVec3@2@MAEAUPxSweepHit@2@V?$PxFlags@W4Enum@PxHitFlag@physx@@G@2@M@Z 000000018003fed0 f   GuSweepSharedTests.obj
 0001:0003f310       ?sweepConvex_SphereGeom@@YA_NAEBVPxGeometry@physx@@AEBVPxTransform@2@AEBVPxConvexMeshGeometry@2@1AEBVPxVec3@2@MAEAUPxSweepHit@2@V?$PxFlags@W4Enum@PxHitFlag@physx@@G@2@M@Z 0000000180040310 f   GuSweepSharedTests.obj
 0001:0003ff40       ?sweepCapsule_BoxGeom@@YA_NAEBVPxGeometry@physx@@AEBVPxTransform@2@AEBVPxCapsuleGeometry@2@1AEBVCapsule@Gu@2@AEBVPxVec3@2@MAEAUPxSweepHit@2@V?$PxFlags@W4Enum@PxHitFlag@physx@@G@2@M@Z 0000000180040f40 f   GuSweepTests.obj
 0001:00040830       ?sweepBox_SphereGeom@@YA_NAEBVPxGeometry@physx@@AEBVPxTransform@2@AEBVPxBoxGeometry@2@1AEBVBox@Gu@2@AEBVPxVec3@2@MAEAUPxSweepHit@2@V?$PxFlags@W4Enum@PxHitFlag@physx@@G@2@M@Z 0000000180041830 f   GuSweepTests.obj
 0001:00040f00       ?sweepBox_CapsuleGeom@@YA_NAEBVPxGeometry@physx@@AEBVPxTransform@2@AEBVPxBoxGeometry@2@1AEBVBox@Gu@2@AEBVPxVec3@2@MAEAUPxSweepHit@2@V?$PxFlags@W4Enum@PxHitFlag@physx@@G@2@M@Z 0000000180041f00 f   GuSweepTests.obj
 0001:00041800       ?sweepBox_BoxGeom@@YA_NAEBVPxGeometry@physx@@AEBVPxTransform@2@AEBVPxBoxGeometry@2@1AEBVBox@Gu@2@AEBVPxVec3@2@MAEAUPxSweepHit@2@V?$PxFlags@W4Enum@PxHitFlag@physx@@G@2@M@Z 0000000180042800 f   GuSweepTests.obj
 0001:00042190       ??$gjkPenetration@U?$LocalConvex@VCapsuleV@Gu@physx@@@Gu@physx@@U?$LocalConvex@VBoxV@Gu@physx@@@23@@Gu@physx@@YA?AW4GjkStatus@01@AEBU?$LocalConvex@VCapsuleV@Gu@physx@@@01@AEBU?$LocalConvex@VBoxV@Gu@physx@@@01@AEBT__m128@@2_NPEIAE4AEAEAEAUGjkOutput@01@@Z 0000000180043190 f i GuSweepTests.obj
 0001:00043700       ??$gjkPenetration@U?$RelativeConvex@VBoxV@Gu@physx@@@Gu@physx@@U?$LocalConvex@VBoxV@Gu@physx@@@23@@Gu@physx@@YA?AW4GjkStatus@01@AEBU?$RelativeConvex@VBoxV@Gu@physx@@@01@AEBU?$LocalConvex@VBoxV@Gu@physx@@@01@AEBT__m128@@2_NPEIAE4AEAEAEAUGjkOutput@01@@Z 0000000180044700 f i GuSweepTests.obj
 0001:00044cc0       ??$gjkRaycast@U?$LocalConvex@VCapsuleV@Gu@physx@@@Gu@physx@@U?$LocalConvex@VBoxV@Gu@physx@@@23@@Gu@physx@@YA_NAEBU?$LocalConvex@VCapsuleV@Gu@physx@@@01@AEBU?$LocalConvex@VBoxV@Gu@physx@@@01@AEBT__m128@@222AEAT4@33M@Z 0000000180045cc0 f i GuSweepTests.obj
 0001:000458a0       ??$gjkRaycast@U?$LocalConvex@VTriangleV@Gu@physx@@@Gu@physx@@U?$LocalConvex@VBoxV@Gu@physx@@@23@@Gu@physx@@YA_NAEBU?$LocalConvex@VTriangleV@Gu@physx@@@01@AEBU?$LocalConvex@VBoxV@Gu@physx@@@01@AEBT__m128@@222AEAT4@33M@Z 00000001800468a0 f i GuSweepTests.obj
 0001:00046500       ??$gjkRaycast@U?$RelativeConvex@VBoxV@Gu@physx@@@Gu@physx@@U?$LocalConvex@VBoxV@Gu@physx@@@23@@Gu@physx@@YA_NAEBU?$RelativeConvex@VBoxV@Gu@physx@@@01@AEBU?$LocalConvex@VBoxV@Gu@physx@@@01@AEBT__m128@@222AEAT4@33M@Z 0000000180047500 f i GuSweepTests.obj
 0001:00047140       ?getSweepFuncTable@Gu@physx@@YAAEBUGeomSweepFuncs@12@XZ 0000000180048140 f   GuSweepTests.obj
 0001:00047150       ?getSweepMargin@?$LocalConvex@VTriangleV@Gu@physx@@@Gu@physx@@UEBA?AT__m128@@XZ 0000000180048150 f i GuSweepTests.obj
 0001:00047150       ?getSweepMargin@?$RelativeConvex@VTriangleV@Gu@physx@@@Gu@physx@@UEBA?AT__m128@@XZ 0000000180048150 f i GuCCDSweepPrimitives.obj
[...]
 0003:00002ff0       ?minV3Error@_VecMathTests@aos@shdfnd@physx@@3T__m128@@B 000000018013bff0     GuPCMContactConvexConvex.obj
 0003:00003000       ?maxFError@_VecMathTests@aos@shdfnd@physx@@3T__m128@@B 000000018013c000     GuPCMContactConvexConvex.obj
 0003:00003010       ?maxV3Error@_VecMathTests@aos@shdfnd@physx@@3T__m128@@B 000000018013c010     GuPCMContactConvexHeightField.obj
 0003:00003020       ?minFError@_VecMathTests@aos@shdfnd@physx@@3T__m128@@B 000000018013c020     GuPCMContactConvexHeightField.obj
 0003:00003030       ?maxV4Error@_VecMathTests@aos@shdfnd@physx@@3T__m128@@B 000000018013c030     GuPCMContactConvexHeightField.obj
 0003:00003040       ?minV4Error@_VecMathTests@aos@shdfnd@physx@@3T__m128@@B 000000018013c040     GuPCMContactConvexHeightField.obj
 0003:00003050       ?minV3Error@_VecMathTests@aos@shdfnd@physx@@3T__m128@@B 000000018013c050     GuPCMContactConvexHeightField.obj
 0003:00003060       ?maxFError@_VecMathTests@aos@shdfnd@physx@@3T__m128@@B 000000018013c060     GuPCMContactConvexHeightField.obj
 0003:00003070       ?maxV3Error@_VecMathTests@aos@shdfnd@physx@@3T__m128@@B 000000018013c070     GuPCMContactConvexMesh.obj
 0003:00003080       ?minFError@_VecMathTests@aos@shdfnd@physx@@3T__m128@@B 000000018013c080     GuPCMContactConvexMesh.obj
 0003:00003090       ?maxV4Error@_VecMathTests@aos@shdfnd@physx@@3T__m128@@B 000000018013c090     GuPCMContactConvexMesh.obj
 0003:000030a0       ?minV4Error@_VecMathTests@aos@shdfnd@physx@@3T__m128@@B 000000018013c0a0     GuPCMContactConvexMesh.obj
 0003:000030b0       ?minV3Error@_VecMathTests@aos@shdfnd@physx@@3T__m128@@B 000000018013c0b0     GuPCMContactConvexMesh.obj
 0003:000030c0       ?maxFError@_VecMathTests@aos@shdfnd@physx@@3T__m128@@B 000000018013c0c0     GuPCMContactConvexMesh.obj
 0003:000030d0       ?maxV3Error@_VecMathTests@aos@shdfnd@physx@@3T__m128@@B 000000018013c0d0     GuPCMContactGenBoxConvex.obj
 0003:000030e0       ?minFError@_VecMathTests@aos@shdfnd@physx@@3T__m128@@B 000000018013c0e0     GuPCMContactGenBoxConvex.obj
 0003:000030f0       ?maxV4Error@_VecMathTests@aos@shdfnd@physx@@3T__m128@@B 000000018013c0f0     GuPCMContactGenBoxConvex.obj
 0003:00003100       ?minV4Error@_VecMathTests@aos@shdfnd@physx@@3T__m128@@B 000000018013c100     GuPCMContactGenBoxConvex.obj
 0003:00003110       ?minV3Error@_VecMathTests@aos@shdfnd@physx@@3T__m128@@B 000000018013c110     GuPCMContactGenBoxConvex.obj
 0003:00003120       ?maxFError@_VecMathTests@aos@shdfnd@physx@@3T__m128@@B 000000018013c120     GuPCMContactGenBoxConvex.obj
 0003:00003130       ?maxV3Error@_VecMathTests@aos@shdfnd@physx@@3T__m128@@B 000000018013c130     GuPCMContactGenSphereCapsule.obj
 0003:00003140       ?minFError@_VecMathTests@aos@shdfnd@physx@@3T__m128@@B 000000018013c140     GuPCMContactGenSphereCapsule.obj
 0003:00003150       ?maxV4Error@_VecMathTests@aos@shdfnd@physx@@3T__m128@@B 000000018013c150     GuPCMContactGenSphereCapsule.obj
 0003:00003160       ?minV4Error@_VecMathTests@aos@shdfnd@physx@@3T__m128@@B 000000018013c160     GuPCMContactGenSphereCapsule.obj
 0003:00003170       ?minV3Error@_VecMathTests@aos@shdfnd@physx@@3T__m128@@B 000000018013c170     GuPCMContactGenSphereCapsule.obj
 0003:00003180       ?maxFError@_VecMathTests@aos@shdfnd@physx@@3T__m128@@B 000000018013c180     GuPCMContactGenSphereCapsule.obj
 0003:00003190       ?maxV3Error@_VecMathTests@aos@shdfnd@physx@@3T__m128@@B 000000018013c190     GuPCMContactPlaneBox.obj
 0003:000031a0       ?minFError@_VecMathTests@aos@shdfnd@physx@@3T__m128@@B 000000018013c1a0     GuPCMContactPlaneBox.obj
 0003:000031b0       ?maxV4Error@_VecMathTests@aos@shdfnd@physx@@3T__m128@@B 000000018013c1b0     GuPCMContactPlaneBox.obj
 0003:000031c0       ?minV4Error@_VecMathTests@aos@shdfnd@physx@@3T__m128@@B 000000018013c1c0     GuPCMContactPlaneBox.obj
 0003:000031d0       ?minV3Error@_VecMathTests@aos@shdfnd@physx@@3T__m128@@B 000000018013c1d0     GuPCMContactPlaneBox.obj
 0003:000031e0       ?maxFError@_VecMathTests@aos@shdfnd@physx@@3T__m128@@B 000000018013c1e0     GuPCMContactPlaneBox.obj
 0003:000031f0       ?maxV3Error@_VecMathTests@aos@shdfnd@physx@@3T__m128@@B 000000018013c1f0     GuPCMContactPlaneCapsule.obj
 0003:00003200       ?minFError@_VecMathTests@aos@shdfnd@physx@@3T__m128@@B 000000018013c200     GuPCMContactPlaneCapsule.obj
 0003:00003210       ?maxV4Error@_VecMathTests@aos@shdfnd@physx@@3T__m128@@B 000000018013c210     GuPCMContactPlaneCapsule.obj
 0003:00003220       ?minV4Error@_VecMathTests@aos@shdfnd@physx@@3T__m128@@B 000000018013c220     GuPCMContactPlaneCapsule.obj
 0003:00003230       ?minV3Error@_VecMathTests@aos@shdfnd@physx@@3T__m128@@B 000000018013c230     GuPCMContactPlaneCapsule.obj
 0003:00003240       ?maxFError@_VecMathTests@aos@shdfnd@physx@@3T__m128@@B 000000018013c240     GuPCMContactPlaneCapsule.obj
 0003:00003250       ?maxV3Error@_VecMathTests@aos@shdfnd@physx@@3T__m128@@B 000000018013c250     GuPCMContactPlaneConvex.obj
 0003:00003260       ?minFError@_VecMathTests@aos@shdfnd@physx@@3T__m128@@B 000000018013c260     GuPCMContactPlaneConvex.obj
 0003:00003270       ?maxV4Error@_VecMathTests@aos@shdfnd@physx@@3T__m128@@B 000000018013c270     GuPCMContactPlaneConvex.obj
 0003:00003280       ?minV4Error@_VecMathTests@aos@shdfnd@physx@@3T__m128@@B 000000018013c280     GuPCMContactPlaneConvex.obj
 0003:00003290       ?minV3Error@_VecMathTests@aos@shdfnd@physx@@3T__m128@@B 000000018013c290     GuPCMContactPlaneConvex.obj
 0003:000032a0       ?maxFError@_VecMathTests@aos@shdfnd@physx@@3T__m128@@B 000000018013c2a0     GuPCMContactPlaneConvex.obj
 0003:000032b0       ?maxV3Error@_VecMathTests@aos@shdfnd@physx@@3T__m128@@B 000000018013c2b0     GuPCMContactSphereBox.obj
 0003:000032c0       ?minFError@_VecMathTests@aos@shdfnd@physx@@3T__m128@@B 000000018013c2c0     GuPCMContactSphereBox.obj
 0003:000032d0       ?maxV4Error@_VecMathTests@aos@shdfnd@physx@@3T__m128@@B 000000018013c2d0     GuPCMContactSphereBox.obj
 0003:000032e0       ?minV4Error@_VecMathTests@aos@shdfnd@physx@@3T__m128@@B 000000018013c2e0     GuPCMContactSphereBox.obj
 0003:000032f0       ?minV3Error@_VecMathTests@aos@shdfnd@physx@@3T__m128@@B 000000018013c2f0     GuPCMContactSphereBox.obj
 0003:00003300       ?maxFError@_VecMathTests@aos@shdfnd@physx@@3T__m128@@B 000000018013c300     GuPCMContactSphereBox.obj
 0003:00003310       ?maxV3Error@_VecMathTests@aos@shdfnd@physx@@3T__m128@@B 000000018013c310     GuPCMContactSphereCapsule.obj
 0003:00003320       ?minFError@_VecMathTests@aos@shdfnd@physx@@3T__m128@@B 000000018013c320     GuPCMContactSphereCapsule.obj
 0003:00003330       ?maxV4Error@_VecMathTests@aos@shdfnd@physx@@3T__m128@@B 000000018013c330     GuPCMContactSphereCapsule.obj
 0003:00003340       ?minV4Error@_VecMathTests@aos@shdfnd@physx@@3T__m128@@B 000000018013c340     GuPCMContactSphereCapsule.obj
 0003:00003350       ?minV3Error@_VecMathTests@aos@shdfnd@physx@@3T__m128@@B 000000018013c350     GuPCMContactSphereCapsule.obj
 0003:00003360       ?maxFError@_VecMathTests@aos@shdfnd@physx@@3T__m128@@B 000000018013c360     GuPCMContactSphereCapsule.obj
 0003:00003370       ?maxV3Error@_VecMathTests@aos@shdfnd@physx@@3T__m128@@B 000000018013c370     GuPCMContactSphereConvex.obj
 0003:00003380       ?minFError@_VecMathTests@aos@shdfnd@physx@@3T__m128@@B 000000018013c380     GuPCMContactSphereConvex.obj
 0003:00003390       ?maxV4Error@_VecMathTests@aos@shdfnd@physx@@3T__m128@@B 000000018013c390     GuPCMContactSphereConvex.obj
 0003:000033a0       ?minV4Error@_VecMathTests@aos@shdfnd@physx@@3T__m128@@B 000000018013c3a0     GuPCMContactSphereConvex.obj
 0003:000033b0       ?minV3Error@_VecMathTests@aos@shdfnd@physx@@3T__m128@@B 000000018013c3b0     GuPCMContactSphereConvex.obj
 0003:000033c0       ?maxFError@_VecMathTests@aos@shdfnd@physx@@3T__m128@@B 000000018013c3c0     GuPCMContactSphereConvex.obj
 0003:000033d0       ?maxV3Error@_VecMathTests@aos@shdfnd@physx@@3T__m128@@B 000000018013c3d0     GuPCMContactSphereHeightField.obj
 0003:000033e0       ?minFError@_VecMathTests@aos@shdfnd@physx@@3T__m128@@B 000000018013c3e0     GuPCMContactSphereHeightField.obj
 0003:000033f0       ?maxV4Error@_VecMathTests@aos@shdfnd@physx@@3T__m128@@B 000000018013c3f0     GuPCMContactSphereHeightField.obj
 0003:00003400       ?minV4Error@_VecMathTests@aos@shdfnd@physx@@3T__m128@@B 000000018013c400     GuPCMContactSphereHeightField.obj
 0003:00003410       ?minV3Error@_VecMathTests@aos@shdfnd@physx@@3T__m128@@B 000000018013c410     GuPCMContactSphereHeightField.obj
 0003:00003420       ?maxFError@_VecMathTests@aos@shdfnd@physx@@3T__m128@@B 000000018013c420     GuPCMContactSphereHeightField.obj
 0003:00003430       ?maxV3Error@_VecMathTests@aos@shdfnd@physx@@3T__m128@@B 000000018013c430     GuPCMContactSphereMesh.obj
 0003:00003440       ?minFError@_VecMathTests@aos@shdfnd@physx@@3T__m128@@B 000000018013c440     GuPCMContactSphereMesh.obj
 0003:00003450       ?maxV4Error@_VecMathTests@aos@shdfnd@physx@@3T__m128@@B 000000018013c450     GuPCMContactSphereMesh.obj
 0003:00003460       ?minV4Error@_VecMathTests@aos@shdfnd@physx@@3T__m128@@B 000000018013c460     GuPCMContactSphereMesh.obj
 0003:00003470       ?minV3Error@_VecMathTests@aos@shdfnd@physx@@3T__m128@@B 000000018013c470     GuPCMContactSphereMesh.obj
 0003:00003480       ?maxFError@_VecMathTests@aos@shdfnd@physx@@3T__m128@@B 000000018013c480     GuPCMContactSphereMesh.obj
 0003:00003490       ?maxV3Error@_VecMathTests@aos@shdfnd@physx@@3T__m128@@B 000000018013c490     GuPCMContactSpherePlane.obj
 0003:000034a0       ?minFError@_VecMathTests@aos@shdfnd@physx@@3T__m128@@B 000000018013c4a0     GuPCMContactSpherePlane.obj
 0003:000034b0       ?maxV4Error@_VecMathTests@aos@shdfnd@physx@@3T__m128@@B 000000018013c4b0     GuPCMContactSpherePlane.obj
 0003:000034c0       ?minV4Error@_VecMathTests@aos@shdfnd@physx@@3T__m128@@B 000000018013c4c0     GuPCMContactSpherePlane.obj
 0003:000034d0       ?minV3Error@_VecMathTests@aos@shdfnd@physx@@3T__m128@@B 000000018013c4d0     GuPCMContactSpherePlane.obj
 0003:000034e0       ?maxFError@_VecMathTests@aos@shdfnd@physx@@3T__m128@@B 000000018013c4e0     GuPCMContactSpherePlane.obj
 0003:000034f0       ?maxV3Error@_VecMathTests@aos@shdfnd@physx@@3T__m128@@B 000000018013c4f0     GuPCMContactSphereSphere.obj
 0003:00003500       ?minFError@_VecMathTests@aos@shdfnd@physx@@3T__m128@@B 000000018013c500     GuPCMContactSphereSphere.obj
 0003:00003510       ?maxV4Error@_VecMathTests@aos@shdfnd@physx@@3T__m128@@B 000000018013c510     GuPCMContactSphereSphere.obj
 0003:00003520       ?minV4Error@_VecMathTests@aos@shdfnd@physx@@3T__m128@@B 000000018013c520     GuPCMContactSphereSphere.obj
 0003:00003530       ?minV3Error@_VecMathTests@aos@shdfnd@physx@@3T__m128@@B 000000018013c530     GuPCMContactSphereSphere.obj
 0003:00003540       ?maxFError@_VecMathTests@aos@shdfnd@physx@@3T__m128@@B 000000018013c540     GuPCMContactSphereSphere.obj
 0003:00003550       ?maxV3Error@_VecMathTests@aos@shdfnd@physx@@3T__m128@@B 000000018013c550     GuPCMShapeConvex.obj
 0003:00003560       ?minFError@_VecMathTests@aos@shdfnd@physx@@3T__m128@@B 000000018013c560     GuPCMShapeConvex.obj
 0003:00003570       ?maxV4Error@_VecMathTests@aos@shdfnd@physx@@3T__m128@@B 000000018013c570     GuPCMShapeConvex.obj
 0003:00003580       ?minV4Error@_VecMathTests@aos@shdfnd@physx@@3T__m128@@B 000000018013c580     GuPCMShapeConvex.obj
 0003:00003590       ?minV3Error@_VecMathTests@aos@shdfnd@physx@@3T__m128@@B 000000018013c590     GuPCMShapeConvex.obj
 0003:000035a0       ?maxFError@_VecMathTests@aos@shdfnd@physx@@3T__m128@@B 000000018013c5a0     GuPCMShapeConvex.obj
 0003:000035b0       ?maxV3Error@_VecMathTests@aos@shdfnd@physx@@3T__m128@@B 000000018013c5b0     GuPCMTriangleContactGen.obj
 0003:000035c0       ?minFError@_VecMathTests@aos@shdfnd@physx@@3T__m128@@B 000000018013c5c0     GuPCMTriangleContactGen.obj
 0003:000035d0       ?maxV4Error@_VecMathTests@aos@shdfnd@physx@@3T__m128@@B 000000018013c5d0     GuPCMTriangleContactGen.obj
 0003:000035e0       ?minV4Error@_VecMathTests@aos@shdfnd@physx@@3T__m128@@B 000000018013c5e0     GuPCMTriangleContactGen.obj
 0003:000035f0       ?minV3Error@_VecMathTests@aos@shdfnd@physx@@3T__m128@@B 000000018013c5f0     GuPCMTriangleContactGen.obj
 0003:00003600       ?maxFError@_VecMathTests@aos@shdfnd@physx@@3T__m128@@B 000000018013c600     GuPCMTriangleContactGen.obj
 0003:00003610       ?maxV3Error@_VecMathTests@aos@shdfnd@physx@@3T__m128@@B 000000018013c610     GuPersistentContactManifold.obj
 0003:00003620       ?minFError@_VecMathTests@aos@shdfnd@physx@@3T__m128@@B 000000018013c620     GuPersistentContactManifold.obj
 0003:00003630       ?maxV4Error@_VecMathTests@aos@shdfnd@physx@@3T__m128@@B 000000018013c630     GuPersistentContactManifold.obj
 0003:00003640       ?minV4Error@_VecMathTests@aos@shdfnd@physx@@3T__m128@@B 000000018013c640     GuPersistentContactManifold.obj
 0003:00003650       ?minV3Error@_VecMathTests@aos@shdfnd@physx@@3T__m128@@B 000000018013c650     GuPersistentContactManifold.obj
 0003:00003660       ?maxFError@_VecMathTests@aos@shdfnd@physx@@3T__m128@@B 000000018013c660     GuPersistentContactManifold.obj
 0003:00003670       ?maxV3Error@_VecMathTests@aos@shdfnd@physx@@3T__m128@@B 000000018013c670     GuSweepBoxBox.obj
 0003:00003680       ?minFError@_VecMathTests@aos@shdfnd@physx@@3T__m128@@B 000000018013c680     GuSweepBoxBox.obj
 0003:00003690       ?maxV4Error@_VecMathTests@aos@shdfnd@physx@@3T__m128@@B 000000018013c690     GuSweepBoxBox.obj
 0003:000036a0       ?minV4Error@_VecMathTests@aos@shdfnd@physx@@3T__m128@@B 000000018013c6a0     GuSweepBoxBox.obj
 0003:000036b0       ?minV3Error@_VecMathTests@aos@shdfnd@physx@@3T__m128@@B 000000018013c6b0     GuSweepBoxBox.obj
 0003:000036c0       ?maxFError@_VecMathTests@aos@shdfnd@physx@@3T__m128@@B 000000018013c6c0     GuSweepBoxBox.obj
 0003:000036d0       ?maxV3Error@_VecMathTests@aos@shdfnd@physx@@3T__m128@@B 000000018013c6d0     GuSweepBoxSphere.obj
 0003:000036e0       ?minFError@_VecMathTests@aos@shdfnd@physx@@3T__m128@@B 000000018013c6e0     GuSweepBoxSphere.obj
 0003:000036f0       ?maxV4Error@_VecMathTests@aos@shdfnd@physx@@3T__m128@@B 000000018013c6f0     GuSweepBoxSphere.obj
 0003:00003700       ?minV4Error@_VecMathTests@aos@shdfnd@physx@@3T__m128@@B 000000018013c700     GuSweepBoxSphere.obj
 0003:00003710       ?minV3Error@_VecMathTests@aos@shdfnd@physx@@3T__m128@@B 000000018013c710     GuSweepBoxSphere.obj
 0003:00003720       ?maxFError@_VecMathTests@aos@shdfnd@physx@@3T__m128@@B 000000018013c720     GuSweepBoxSphere.obj
 0003:00003730       ?maxV3Error@_VecMathTests@aos@shdfnd@physx@@3T__m128@@B 000000018013c730     GuSweepBoxTriangle_FeatureBased.obj
 0003:00003740       ?minFError@_VecMathTests@aos@shdfnd@physx@@3T__m128@@B 000000018013c740     GuSweepBoxTriangle_FeatureBased.obj
 0003:00003750       ?maxV4Error@_VecMathTests@aos@shdfnd@physx@@3T__m128@@B 000000018013c750     GuSweepBoxTriangle_FeatureBased.obj
 0003:00003760       ?minV4Error@_VecMathTests@aos@shdfnd@physx@@3T__m128@@B 000000018013c760     GuSweepBoxTriangle_FeatureBased.obj
 0003:00003770       ?minV3Error@_VecMathTests@aos@shdfnd@physx@@3T__m128@@B 000000018013c770     GuSweepBoxTriangle_FeatureBased.obj
 0003:00003780       ?maxFError@_VecMathTests@aos@shdfnd@physx@@3T__m128@@B 000000018013c780     GuSweepBoxTriangle_FeatureBased.obj
 0003:00003790       ?maxV3Error@_VecMathTests@aos@shdfnd@physx@@3T__m128@@B 000000018013c790     GuSweepBoxTriangle_SAT.obj
 0003:000037a0       ?minFError@_VecMathTests@aos@shdfnd@physx@@3T__m128@@B 000000018013c7a0     GuSweepBoxTriangle_SAT.obj
 0003:000037b0       ?maxV4Error@_VecMathTests@aos@shdfnd@physx@@3T__m128@@B 000000018013c7b0     GuSweepBoxTriangle_SAT.obj
 0003:000037c0       ?minV4Error@_VecMathTests@aos@shdfnd@physx@@3T__m128@@B 000000018013c7c0     GuSweepBoxTriangle_SAT.obj
 0003:000037d0       ?minV3Error@_VecMathTests@aos@shdfnd@physx@@3T__m128@@B 000000018013c7d0     GuSweepBoxTriangle_SAT.obj
 0003:000037e0       ?maxFError@_VecMathTests@aos@shdfnd@physx@@3T__m128@@B 000000018013c7e0     GuSweepBoxTriangle_SAT.obj
 0003:000037f0       ?maxV3Error@_VecMathTests@aos@shdfnd@physx@@3T__m128@@B 000000018013c7f0     GuSweepCapsuleBox.obj
 0003:00003800       ?minFError@_VecMathTests@aos@shdfnd@physx@@3T__m128@@B 000000018013c800     GuSweepCapsuleBox.obj
 0003:00003810       ?maxV4Error@_VecMathTests@aos@shdfnd@physx@@3T__m128@@B 000000018013c810     GuSweepCapsuleBox.obj
 0003:00003820       ?minV4Error@_VecMathTests@aos@shdfnd@physx@@3T__m128@@B 000000018013c820     GuSweepCapsuleBox.obj
 0003:00003830       ?minV3Error@_VecMathTests@aos@shdfnd@physx@@3T__m128@@B 000000018013c830     GuSweepCapsuleBox.obj
 0003:00003840       ?maxFError@_VecMathTests@aos@shdfnd@physx@@3T__m128@@B 000000018013c840     GuSweepCapsuleBox.obj
 0003:00003850       ?maxV3Error@_VecMathTests@aos@shdfnd@physx@@3T__m128@@B 000000018013c850     GuSweepCapsuleTriangle.obj
 0003:00003860       ?minFError@_VecMathTests@aos@shdfnd@physx@@3T__m128@@B 000000018013c860     GuSweepCapsuleTriangle.obj
 0003:00003870       ?maxV4Error@_VecMathTests@aos@shdfnd@physx@@3T__m128@@B 000000018013c870     GuSweepCapsuleTriangle.obj
 0003:00003880       ?minV4Error@_VecMathTests@aos@shdfnd@physx@@3T__m128@@B 000000018013c880     GuSweepCapsuleTriangle.obj
 0003:00003890       ?minV3Error@_VecMathTests@aos@shdfnd@physx@@3T__m128@@B 000000018013c890     GuSweepCapsuleTriangle.obj
 0003:000038a0       ?maxFError@_VecMathTests@aos@shdfnd@physx@@3T__m128@@B 000000018013c8a0     GuSweepCapsuleTriangle.obj
 0003:000038b0       ?maxV3Error@_VecMathTests@aos@shdfnd@physx@@3T__m128@@B 000000018013c8b0     GuSweepSphereTriangle.obj
 0003:000038c0       ?minFError@_VecMathTests@aos@shdfnd@physx@@3T__m128@@B 000000018013c8c0     GuSweepSphereTriangle.obj
 0003:000038d0       ?maxV4Error@_VecMathTests@aos@shdfnd@physx@@3T__m128@@B 000000018013c8d0     GuSweepSphereTriangle.obj
 0003:000038e0       ?minV4Error@_VecMathTests@aos@shdfnd@physx@@3T__m128@@B 000000018013c8e0     GuSweepSphereTriangle.obj
 0003:000038f0       ?minV3Error@_VecMathTests@aos@shdfnd@physx@@3T__m128@@B 000000018013c8f0     GuSweepSphereTriangle.obj
 0003:00003900       ?maxFError@_VecMathTests@aos@shdfnd@physx@@3T__m128@@B 000000018013c900     GuSweepSphereTriangle.obj
 0003:00003910       ?maxV3Error@_VecMathTests@aos@shdfnd@physx@@3T__m128@@B 000000018013c910     GuSweepTriangleUtils.obj
 0003:00003920       ?minFError@_VecMathTests@aos@shdfnd@physx@@3T__m128@@B 000000018013c920     GuSweepTriangleUtils.obj
 0003:00003930       ?maxV4Error@_VecMathTests@aos@shdfnd@physx@@3T__m128@@B 000000018013c930     GuSweepTriangleUtils.obj
 0003:00003940       ?minV4Error@_VecMathTests@aos@shdfnd@physx@@3T__m128@@B 000000018013c940     GuSweepTriangleUtils.obj
 0003:00003950       ?minV3Error@_VecMathTests@aos@shdfnd@physx@@3T__m128@@B 000000018013c950     GuSweepTriangleUtils.obj
 0003:00003960       ?maxFError@_VecMathTests@aos@shdfnd@physx@@3T__m128@@B 000000018013c960     GuSweepTriangleUtils.obj
 0003:000039c0       ?__proc_attached@@3HA      000000018013c9c0     MSVCRT:dll_dllmain.obj
 0003:000039e8       ?is_initialized_as_dll@@3_NA 000000018013c9e8     MSVCRT:utility.obj
 0003:000039e9       ?module_local_atexit_table_initialized@@3_NA 000000018013c9e9     MSVCRT:utility.obj
 0003:000039f0       ?module_local_atexit_table@@3U_onexit_table_t@@A 000000018013c9f0     MSVCRT:utility.obj
 0003:00003a08       ?module_local_at_quick_exit_table@@3U_onexit_table_t@@A 000000018013ca08     MSVCRT:utility.obj
 0005:00000000       _2il0floatpacket$19        0000000180143000     MSVCRT:svml_ssinf4_sse2.obj
 0005:00002200       _vmlsSinHATab              0000000180145200     MSVCRT:svml_s_sin_cout.obj
 0006:000000a0       $R000000                   00000001801460a0     PhysXCommon.res
 0006:000003d0       $R000330                   00000001801463d0     PhysXCommon.res
