 PhysXCooking_64

 Timestamp is 66f979e6 (Mon Sep 30 00:01:42 2024)

 Preferred load address is 0000000180000000

 Start         Length     Name                   Class
 0001:00000000 000003c0H .text$di                CODE
 0001:000003c0 00028c60H .text$mn                CODE
 0001:00029020 00000036H .text$mn$00             CODE
 0001:00029056 00000092H .text$x                 CODE
 0002:00000000 00000180H .idata$5                DATA
 0002:00000180 00000038H .00cfg                  DATA
 0002:000001b8 00000008H .CRT$XCA                DATA
 0002:000001c0 000001e0H .CRT$XCU                DATA
 0002:000003a0 00000008H .CRT$XCZ                DATA
 0002:000003a8 00000008H .CRT$XIA                DATA
 0002:000003b0 00000008H .CRT$XIZ                DATA
 0002:000003b8 00000008H .CRT$XPA                DATA
 0002:000003c0 00000008H .CRT$XPZ                DATA
 0002:000003c8 00000008H .CRT$XTA                DATA
 0002:000003d0 00000010H .CRT$XTZ                DATA
 0002:000003d8 00000000H .gehcont$y              DATA
 0002:000003d8 00000000H .gfids$y                DATA
 0002:000003e0 000020a0H .rdata                  DATA
 0002:00002480 00000000H .rdata$CastGuardVftablesA DATA
 0002:00002480 00000000H .rdata$CastGuardVftablesC DATA
 0002:00002480 00000074H .rdata$r                DATA
 0002:000024f4 000000a4H .rdata$voltmd           DATA
 0002:00002598 000003e0H .rdata$zzzdbg           DATA
 0002:00002978 00000008H .rtc$IAA                DATA
 0002:00002980 00000008H .rtc$IZZ                DATA
 0002:00002988 00000008H .rtc$TAA                DATA
 0002:00002990 00000008H .rtc$TZZ                DATA
 0002:00002998 00002ea0H .xdata                  DATA
 0002:00005838 00000040H .didat$2                DATA
 0002:00005878 00000020H .didat$3                DATA
 0002:00005898 00000188H .didat$4                DATA
 0002:00005a20 00000950H .didat$6                DATA
 0002:00006370 00000190H .didat$7                DATA
 0002:00006500 00001d00H .edata                  DATA
 0002:00008200 00000078H .idata$2                DATA
 0002:00008278 00000018H .idata$3                DATA
 0002:00008290 00000180H .idata$4                DATA
 0002:00008410 000003d4H .idata$6                DATA
 0003:00000000 00000070H .data                   DATA
 0003:00000070 00000598H .data$r                 DATA
 0003:00000608 00000020H .data$rs                DATA
 0003:00000628 00000188H .didat$5                DATA
 0003:000007b0 00000490H .bss                    DATA
 0004:00000000 00001f68H .pdata                  DATA
 0005:00000000 00002208H _RDATA                  DATA
 0006:00000000 000000a0H .rsrc$01                DATA
 0006:000000a0 000004b0H .rsrc$02                DATA

  Address         Publics by Value              Rva+Base               Lib:Object

 0000:00000000       __AbsoluteZero             0000000000000000     <absolute>
 0000:00000000       ___safe_se_handler_count   0000000000000000     <absolute>
 0000:00000000       ___safe_se_handler_table   0000000000000000     <absolute>
 0000:00000000       __arm64x_extra_rfe_table   0000000000000000     <absolute>
 0000:00000000       __arm64x_extra_rfe_table_size 0000000000000000     <absolute>
 0000:00000000       __arm64x_native_entrypoint 0000000000000000     <absolute>
 0000:00000000       __arm64x_redirection_metadata 0000000000000000     <absolute>
 0000:00000000       __arm64x_redirection_metadata_count 0000000000000000     <absolute>
 0000:00000000       __dynamic_value_reloc_table 0000000000000000     <absolute>
 0000:00000000       __enclave_config           0000000000000000     <absolute>
 0000:00000000       __guard_check_icall_a64n_fptr 0000000000000000     <absolute>
 0000:00000000       __guard_eh_cont_count      0000000000000000     <absolute>
 0000:00000000       __guard_eh_cont_table      0000000000000000     <absolute>
 0000:00000000       __guard_fids_count         0000000000000000     <absolute>
 0000:00000000       __guard_fids_table         0000000000000000     <absolute>
 0000:00000000       __guard_iat_count          0000000000000000     <absolute>
 0000:00000000       __guard_iat_table          0000000000000000     <absolute>
 0000:00000000       __guard_longjmp_count      0000000000000000     <absolute>
 0000:00000000       __guard_longjmp_table      0000000000000000     <absolute>
 0000:00000000       __hybrid_auxiliary_delayload_iat 0000000000000000     <absolute>
 0000:00000000       __hybrid_auxiliary_delayload_iat_copy 0000000000000000     <absolute>
 0000:00000000       __hybrid_auxiliary_iat     0000000000000000     <absolute>
 0000:00000000       __hybrid_auxiliary_iat_copy 0000000000000000     <absolute>
 0000:00000000       __hybrid_code_map          0000000000000000     <absolute>
 0000:00000000       __hybrid_code_map_count    0000000000000000     <absolute>
 0000:00000000       __x64_code_ranges_to_entry_points 0000000000000000     <absolute>
 0000:00000000       __x64_code_ranges_to_entry_points_count 0000000000000000     <absolute>
 0000:00000100       __guard_flags              0000000000000100     <absolute>
 0000:00000000       __ImageBase                0000000180000000     <linker-defined>
 0001:000003c0       ??$?_UV?$ReflectionAllocator@VAdjTriangle@physx@@@shdfnd@physx@@@UserAllocated@shdfnd@physx@@SAPEAX_KV?$ReflectionAllocator@VAdjTriangle@physx@@@12@PEBDH@Z 00000001800013c0 f i Adjacencies.obj
 0001:00000460       ??0AdjacenciesBuilder@physx@@QEAA@XZ 0000000180001460 f   Adjacencies.obj
 0001:00000470       ??0AABBTreeBuildNode@Gu@physx@@QEAA@XZ 0000000180001470 f i BVHStructureBuilder.obj
 0001:00000470       ??0Allocator@shdfnd@physx@@QEAA@PEBD@Z 0000000180001470 f i Adjacencies.obj
 0001:00000470       ??0BigConvexData@physx@@QEAA@W4PxEMPTY@1@@Z 0000000180001470 f i BigConvexDataBuilder.obj
 0001:00000470       ??0Box@Gu@physx@@QEAA@XZ   0000000180001470 f i ConvexHullUtils.obj
 0001:00000470       ??0HeightFieldData@Gu@physx@@QEAA@W4PxEMPTY@2@@Z 0000000180001470 f i Cooking.obj
 0001:00000470       ??4Allocator@shdfnd@physx@@QEAAAEAV012@$$QEAV012@@Z 0000000180001470 f i Adjacencies.obj
 0001:00000470       ??4Allocator@shdfnd@physx@@QEAAAEAV012@AEBV012@@Z 0000000180001470 f i Adjacencies.obj
 0001:00000470       ??4MutexImpl@shdfnd@physx@@QEAAAEAV012@AEBV012@@Z 0000000180001470 f i Adjacencies.obj
 0001:00000470       ??4PxFoundation@physx@@QEAAAEAV01@AEBV01@@Z 0000000180001470 f i Adjacencies.obj
 0001:00000470       ?getAABB@AABBTreeBuildNode@Gu@physx@@QEBAAEBVPxBounds3@3@XZ 0000000180001470 f i BVHStructureBuilder.obj
 0001:00000470       ?getPaddedBounds@HeightFieldData@Gu@physx@@QEBAAEBVCenterExtentsPadded@23@XZ 0000000180001470 f i Cooking.obj
 0001:00000480       ??0PxFoundation@physx@@QEAA@AEBV01@@Z 0000000180001480 f i Adjacencies.obj
 0001:00000480       ??0PxFoundation@physx@@QEAA@XZ 0000000180001480 f i Adjacencies.obj
 0001:00000490       ??1Adjacencies@physx@@QEAA@XZ 0000000180001490 f   Adjacencies.obj
 0001:00000500       ??1AdjacenciesBuilder@physx@@QEAA@XZ 0000000180001500 f   Adjacencies.obj
 0001:00000510       ??1PxFoundation@physx@@MEAA@XZ 0000000180001510 f i Adjacencies.obj
 0001:00000520       ??_EPxFoundation@physx@@MEAAPEAXI@Z 0000000180001520 f i Adjacencies.obj
 0001:000005b0       ??1AABBTreeBuildNode@Gu@physx@@QEAA@XZ 00000001800015b0 f i BVHStructureBuilder.obj
 0001:000005b0       ??1BigConvexDataBuilder@physx@@QEAA@XZ 00000001800015b0 f i BigConvexDataBuilder.obj
 0001:000005b0       ??1Box@Gu@physx@@QEAA@XZ   00000001800015b0 f i ConvexHullUtils.obj
 0001:000005b0       ??1HeightFieldData@Gu@physx@@QEAA@XZ 00000001800015b0 f i Cooking.obj
 0001:000005b0       ??_FAllocator@shdfnd@physx@@QEAAXXZ 00000001800015b0 f i Adjacencies.obj
 0001:000005b0       ?onMeshIndexFormatChange@TriangleMeshBuilder@physx@@UEAAXXZ 00000001800015b0 f i TriangleMeshBuilder.obj
 0001:000005b0       _guard_check_icall_nop     00000001800015b0 f i MSVCRT:guard_support.obj
 0001:000006c0       ?ComputeNbBoundaryEdges@Adjacencies@physx@@QEBAIXZ 00000001800016c0 f   Adjacencies.obj
 0001:000009a0       ?GetNbHits@RadixSort@Cm@physx@@QEBAIXZ 00000001800019a0 f i Adjacencies.obj
 0001:000009b0       ?GetNbTotalCalls@RadixSort@Cm@physx@@QEBAIXZ 00000001800019b0 f i Adjacencies.obj
 0001:000009c0       ?GetRanks@RadixSort@Cm@physx@@QEBAPEBIXZ 00000001800019c0 f i Adjacencies.obj
 0001:000009c0       ?getErrorCallback@Foundation@shdfnd@physx@@UEAAAEAVPxErrorCallback@3@XZ 00000001800019c0 f i Adjacencies.obj
 0001:000009d0       ?GetRecyclable@RadixSort@Cm@physx@@QEBAPEAIXZ 00000001800019d0 f i Adjacencies.obj
 0001:000009d0       ?GetValencies@BigConvexData@physx@@QEBAPEBUValency@Gu@2@XZ 00000001800019d0 f i BigConvexDataBuilder.obj
 0001:000009d0       ?getPos@AABBTreeBuildNode@Gu@physx@@QEBAPEBV123@XZ 00000001800019d0 f i BVHStructureBuilder.obj
 0001:000009e0       ?Init@AdjacenciesBuilder@physx@@QEAA_NAEBUADJACENCIESCREATE@2@@Z 00000001800019e0 f   Adjacencies.obj
 0001:00000f20       ?getAllocator@Foundation@shdfnd@physx@@QEAAAEAVPxAllocatorCallback@3@XZ 0000000180001f20 f i Adjacencies.obj
 0001:00000f30       ?getAllocatorCallback@Foundation@shdfnd@physx@@UEAAAEAVPxAllocatorCallback@3@XZ 0000000180001f30 f i Adjacencies.obj
 0001:00000f40       ?getErrorLevel@Foundation@shdfnd@physx@@UEBA?AW4Enum@PxErrorCode@3@XZ 0000000180001f40 f i Adjacencies.obj
 0001:00000f50       ?getInternalErrorCallback@Foundation@shdfnd@physx@@QEAAAEAVPxErrorCallback@3@XZ 0000000180001f50 f i Adjacencies.obj
 0001:00000f60       ?getNamedAllocMap@Foundation@shdfnd@physx@@QEAAAEAV?$HashMap@PEBVNamedAllocator@shdfnd@physx@@PEBDU?$Hash@PEBVNamedAllocator@shdfnd@physx@@@23@VNonTrackingAllocator@23@@23@XZ 0000000180001f60 f i Adjacencies.obj
 0001:00000f70       ?getNamedAllocMutex@Foundation@shdfnd@physx@@QEAAAEAV?$MutexT@VAllocator@shdfnd@physx@@@23@XZ 0000000180001f70 f i Adjacencies.obj
 0001:00000f80       ?getReportAllocationNames@Foundation@shdfnd@physx@@UEBA_NXZ 0000000180001f80 f i Adjacencies.obj
 0001:00000f90       ?getTempAllocFreeTable@Foundation@shdfnd@physx@@QEAAAEAV?$Array@PEATTempAllocatorChunk@shdfnd@physx@@VAllocator@23@@23@XZ 0000000180001f90 f i Adjacencies.obj
 0001:00000fa0       ?getTempAllocMutex@Foundation@shdfnd@physx@@QEAAAEAV?$MutexT@VAllocator@shdfnd@physx@@@23@XZ 0000000180001fa0 f i Adjacencies.obj
 0001:00000fb0       ?invalidateRanks@RadixSort@Cm@physx@@QEAAXXZ 0000000180001fb0 f i Adjacencies.obj
 0001:00000fc0       ?setErrorLevel@Foundation@shdfnd@physx@@UEAAXW4Enum@PxErrorCode@3@@Z 0000000180001fc0 f i Adjacencies.obj
 0001:00000fd0       ?setReportAllocationNames@Foundation@shdfnd@physx@@UEAAX_N@Z 0000000180001fd0 f i Adjacencies.obj
 0001:00000fe0       ??0DebugText@Cm@physx@@QEAA@$$QEAU012@@Z 0000000180001fe0 f i Cooking.obj
 0001:00000fe0       ??0DebugText@Cm@physx@@QEAA@AEBU012@@Z 0000000180001fe0 f i Cooking.obj
 0001:000010c0       ??0HeightFieldData@Gu@physx@@QEAA@$$QEAU012@@Z 00000001800020c0 f i Cooking.obj
 0001:000010c0       ??0HeightFieldData@Gu@physx@@QEAA@AEBU012@@Z 00000001800020c0 f i Cooking.obj
 0001:000010c0       ??4HeightFieldData@Gu@physx@@QEAAAEAU012@$$QEAU012@@Z 00000001800020c0 f i Cooking.obj
 0001:000010c0       ??4HeightFieldData@Gu@physx@@QEAAAEAU012@AEBU012@@Z 00000001800020c0 f i Cooking.obj
 0001:00001120       ??0HeightFieldData@Gu@physx@@QEAA@XZ 0000000180002120 f i Cooking.obj
 0001:00001130       ??0RenderOutput@Cm@physx@@QEAA@AEAVRenderBuffer@12@@Z 0000000180002130 f i Cooking.obj
 0001:00001180       ??0RenderOutput@Cm@physx@@QEAA@AEBV012@@Z 0000000180002180 f i Cooking.obj
 0001:00001220       ??1PxConvexMesh@physx@@MEAA@XZ 0000000180002220 f i Cooking.obj
 0001:00001220       ??1PxHeightField@physx@@MEAA@XZ 0000000180002220 f i Cooking.obj
 0001:00001230       ??4DebugText@Cm@physx@@QEAAAEAU012@$$QEAU012@@Z 0000000180002230 f i Cooking.obj
 0001:00001230       ??4DebugText@Cm@physx@@QEAAAEAU012@AEBU012@@Z 0000000180002230 f i Cooking.obj
 0001:00001360       ??4FPUGuard@shdfnd@physx@@QEAAAEAV012@AEBV012@@Z 0000000180002360 f i Cooking.obj
 0001:00001380       ??_ECooking@physx@@UEAAPEAXI@Z 0000000180002380 f i Cooking.obj
 0001:00001380       ??_GCooking@physx@@UEAAPEAXI@Z 0000000180002380 f i Cooking.obj
 0001:000013d0       ??_EPxBase@physx@@MEAAPEAXI@Z 00000001800023d0 f i Cooking.obj
 0001:000013d0       ??_GPxBase@physx@@MEAAPEAXI@Z 00000001800023d0 f i Cooking.obj
 0001:00001400       ??_EPxCooking@physx@@MEAAPEAXI@Z 0000000180002400 f i Cooking.obj
 0001:00001400       ??_GPxCooking@physx@@MEAAPEAXI@Z 0000000180002400 f i Cooking.obj
 0001:00001430       ?allocate@?$Array@UPxDebugLine@physx@@V?$ReflectionAllocator@UPxDebugLine@physx@@@shdfnd@2@@shdfnd@physx@@IEAAPEAUPxDebugLine@3@I@Z 0000000180002430 f i Cooking.obj
 0001:000014d0       ?computeHullPolygons@Cooking@physx@@UEBA_NAEBVPxSimpleTriangleMesh@2@AEAVPxAllocatorCallback@2@AEAIAEAPEAVPxVec3@2@2AEAPEAI2AEAPEAUPxHullPolygon@2@@Z 00000001800024d0 f   Cooking.obj
 0001:000016b0       ?cookBVHStructure@Cooking@physx@@UEBA_NAEBVPxBVHStructureDesc@2@AEAVPxOutputStream@2@@Z 00000001800026b0 f   Cooking.obj
 0001:00001760       ?cookConvexMesh@Cooking@physx@@UEBA_NAEBVPxConvexMeshDesc@2@AEAVPxOutputStream@2@PEAW4Enum@PxConvexMeshCookingResult@2@@Z 0000000180002760 f   Cooking.obj
 0001:00001940       ?cookConvexMeshInternal@Cooking@physx@@AEBA_NAEBVPxConvexMeshDesc@2@AEAVConvexMeshBuilder@2@PEAVConvexHullLib@2@PEAW4Enum@PxConvexMeshCookingResult@2@@Z 0000000180002940 f   Cooking.obj
 0001:00001bb0       ?cookHeightField@Cooking@physx@@UEBA_NAEBVPxHeightFieldDesc@2@AEAVPxOutputStream@2@@Z 0000000180002bb0 f   Cooking.obj
 0001:00001c80       ?cookTriangleMesh@Cooking@physx@@UEBA_NAEBVPxTriangleMeshDesc@2@AEAVPxOutputStream@2@PEAW4Enum@PxTriangleMeshCookingResult@2@@Z 0000000180002c80 f   Cooking.obj
 0001:00001dc0       ?copy@?$Array@UPxDebugLine@physx@@V?$ReflectionAllocator@UPxDebugLine@physx@@@shdfnd@2@@shdfnd@physx@@KAXPEAUPxDebugLine@3@0PEBU43@@Z 0000000180002dc0 f i Cooking.obj
 0001:00001f70       ?createBVHStructure@Cooking@physx@@UEBAPEAVPxBVHStructure@2@AEBVPxBVHStructureDesc@2@AEAVPxPhysicsInsertionCallback@2@@Z 0000000180002f70 f   Cooking.obj
 0001:00002020       ?createConvexMesh@Cooking@physx@@UEBAPEAVPxConvexMesh@2@AEBVPxConvexMeshDesc@2@AEAVPxPhysicsInsertionCallback@2@PEAW4Enum@PxConvexMeshCookingResult@2@@Z 0000000180003020 f   Cooking.obj
 0001:00002220       ?createHeightField@Cooking@physx@@UEBAPEAVPxHeightField@2@AEBVPxHeightFieldDesc@2@AEAVPxPhysicsInsertionCallback@2@@Z 0000000180003220 f   Cooking.obj
 0001:00002380       ?createTriangleMesh@Cooking@physx@@UEBAPEAVPxTriangleMesh@2@AEBVPxTriangleMeshDesc@2@AEAVPxPhysicsInsertionCallback@2@PEAW4Enum@PxTriangleMeshCookingResult@2@@Z 0000000180003380 f   Cooking.obj
 0001:000024d0       ?getConcreteTypeName@PxConvexMesh@physx@@UEBAPEBDXZ 00000001800034d0 f i Cooking.obj
 0001:000024e0       ?getConcreteTypeName@PxHeightField@physx@@UEBAPEBDXZ 00000001800034e0 f i Cooking.obj
 0001:000024f0       ?getConvexEdgeThreshold@HeightField@Gu@physx@@UEBAMXZ 00000001800034f0 f i Cooking.obj
 0001:00002500       ?getFlags@HeightField@Gu@physx@@UEBA?AV?$PxFlags@W4Enum@PxHeightFieldFlag@physx@@G@3@XZ 0000000180003500 f i Cooking.obj
 0001:00002510       ?getFormat@HeightField@Gu@physx@@UEBA?AW4Enum@PxHeightFieldFormat@3@XZ 0000000180003510 f i Cooking.obj
 0001:00002520       ?getHeight@HeightField@Gu@physx@@UEBAMMM@Z 0000000180003520 f i Cooking.obj
 0001:00002560       ?getHeightInternal2@HeightField@Gu@physx@@QEBAMIMM@Z 0000000180003560 f i Cooking.obj
 0001:000026d0       ?getIndexBuffer@ConvexMesh@Gu@physx@@UEBAPEBEXZ 00000001800036d0 f i Cooking.obj
 0001:00002710       ?getNbColumns@HeightField@Gu@physx@@UEBAIXZ 0000000180003710 f i Cooking.obj
 0001:00002720       ?getNbPolygons@ConvexMesh@Gu@physx@@UEBAIXZ 0000000180003720 f i Cooking.obj
 0001:00002730       ?getNbRows@HeightField@Gu@physx@@UEBAIXZ 0000000180003730 f i Cooking.obj
 0001:00002740       ?getNbVertices@ConvexMesh@Gu@physx@@UEBAIXZ 0000000180003740 f i Cooking.obj
 0001:00002750       ?getDenormalizeScale@QuantizerImpl@@UEBAAEBVPxVec3@physx@@XZ 0000000180003750 f   Quantizer.obj
 0001:00002750       ?getParams@Cooking@physx@@UEBAAEBUPxCookingParams@2@XZ 0000000180003750 f   Cooking.obj
 0001:00002760       ?getSample@HeightField@Gu@physx@@UEBAAEBUPxHeightFieldSample@3@II@Z 0000000180003760 f i Cooking.obj
 0001:00002770       ?getSampleStride@HeightField@Gu@physx@@UEBAIXZ 0000000180003770 f i Cooking.obj
 0001:00002780       ?getTimestamp@HeightField@Gu@physx@@UEBAIXZ 0000000180003780 f i Cooking.obj
 0001:00002790       ?getTriangleMaterialIndex@HeightField@Gu@physx@@UEBAGI@Z 0000000180003790 f i Cooking.obj
 0001:000027c0       ?getTriangleNormal@HeightField@Gu@physx@@UEBA?AVPxVec3@3@I@Z 00000001800037c0 f i Cooking.obj
 0001:000027e0       ?getTriangleNormalInternal@HeightField@Gu@physx@@QEBA?AVPxVec3@3@I@Z 00000001800037e0 f i Cooking.obj
 0001:00002930       ?getVertices@ConvexMesh@Gu@physx@@UEBAPEBVPxVec3@3@XZ 0000000180003930 f i Cooking.obj
 0001:00002950       ?isKindOf@PxBase@physx@@MEBA_NPEBD@Z 0000000180003950 f i Cooking.obj
 0001:00002980       ?isKindOf@PxConvexMesh@physx@@MEBA_NPEBD@Z 0000000180003980 f i Cooking.obj
 0001:000029d0       ?isKindOf@PxHeightField@physx@@MEBA_NPEBD@Z 00000001800039d0 f i Cooking.obj
 0001:00002a20       ?isReleasable@PxBase@physx@@UEBA_NXZ 0000000180003a20 f i Cooking.obj
 0001:00002a30       ?outputSegment@RenderOutput@Cm@physx@@QEAAXAEBVPxVec3@3@0@Z 0000000180003a30 f i Cooking.obj
 0001:00002af0       ?platformMismatch@Cooking@physx@@UEBA_NXZ 0000000180003af0 f   Cooking.obj
 0001:00002b00       ?preExportDataReset@ConvexMesh@Gu@physx@@QEAAXXZ 0000000180003b00 f i Cooking.obj
 0001:00002b00       ?preExportDataReset@HeightField@Gu@physx@@QEAAXXZ 0000000180003b00 f i Cooking.obj
 0001:00002b10       ?recreate@?$Array@UPxDebugLine@physx@@V?$ReflectionAllocator@UPxDebugLine@physx@@@shdfnd@2@@shdfnd@physx@@IEAAXI@Z 0000000180003b10 f i Cooking.obj
 0001:00002ba0       ?release@Cooking@physx@@UEAAXXZ 0000000180003ba0 f   Cooking.obj
 0001:00002bc0       ?reserveSegments@RenderOutput@Cm@physx@@QEAAPEAUPxDebugLine@3@I@Z 0000000180003bc0 f i Cooking.obj
 0001:00002c20       ?setParams@Cooking@physx@@UEAAXAEBUPxCookingParams@2@@Z 0000000180003c20 f   Cooking.obj
 0001:00002c80       ?validateConvexMesh@Cooking@physx@@UEBA_NAEBVPxConvexMeshDesc@2@@Z 0000000180003c80 f   Cooking.obj
 0001:00002ce0       ?validateTriangleMesh@Cooking@physx@@UEBA_NAEBVPxTriangleMeshDesc@2@@Z 0000000180003ce0 f   Cooking.obj
 0001:00002df0       PxCreateCooking            0000000180003df0 f   Cooking.obj
 0001:00002ee0       ??0ReducedVertexCloud@physx@@QEAA@PEBVPxVec3@1@I@Z 0000000180003ee0 f   CookingUtils.obj
 0001:00002f00       ??1ReducedVertexCloud@physx@@QEAA@XZ 0000000180003f00 f   CookingUtils.obj
 0001:00002f10       ?Clean@ReducedVertexCloud@physx@@QEAAAEAV12@XZ 0000000180003f10 f   CookingUtils.obj
 0001:00002f80       ?Reduce@ReducedVertexCloud@physx@@QEAA_NPEAUREDUCEDCLOUD@2@@Z 0000000180003f80 f   CookingUtils.obj
 0001:000032c0       ??$?_UI@@YAPEAX_KV?$ReflectionAllocator@I@shdfnd@physx@@PEBDH@Z 00000001800042c0 f i EdgeList.obj
 0001:00003360       ??0EdgeListBuilder@Gu@physx@@QEAA@XZ 0000000180004360 f   EdgeList.obj
 0001:00003380       ??1EdgeList@Gu@physx@@QEAA@XZ 0000000180004380 f   EdgeList.obj
 0001:00003420       ??1EdgeListBuilder@Gu@physx@@QEAA@XZ 0000000180004420 f   EdgeList.obj
 0001:00003430       ?computeActiveEdges@EdgeListBuilder@Gu@physx@@AEAA_NIPEBIPEBGPEBVPxVec3@3@M@Z 0000000180004430 f   EdgeList.obj
 0001:00004a40       ?createEdgesToFaces@EdgeListBuilder@Gu@physx@@AEAA_NIPEBIPEBG@Z 0000000180005a40 f   EdgeList.obj
 0001:00004ca0       ?createFacesToEdges@EdgeListBuilder@Gu@physx@@AEAA_NIPEBIPEBG@Z 0000000180005ca0 f   EdgeList.obj
 0001:000050e0       ?init@EdgeListBuilder@Gu@physx@@QEAA_NAEBUEDGELISTCREATE@23@@Z 00000001800060e0 f   EdgeList.obj
 0001:00005200       ??0MeshCleaner@physx@@QEAA@IPEBVPxVec3@1@IPEBIM@Z 0000000180006200 f   MeshCleaner.obj
 0001:00005b70       ??1MeshCleaner@physx@@QEAA@XZ 0000000180006b70 f   MeshCleaner.obj
 0001:00005c00       ??$kmeans_cluster@VPxVec3@physx@@M@@YAIPEBVPxVec3@physx@@IIPEAV01@PEAIMM@Z 0000000180006c00 f i Quantizer.obj
 0001:000065c0       ??_EQuantizer@physx@@MEAAPEAXI@Z 00000001800075c0 f i Quantizer.obj
 0001:000065c0       ??_GQuantizer@physx@@MEAAPEAXI@Z 00000001800075c0 f i Quantizer.obj
 0001:000065f0       ??_EQuantizerImpl@@EEAAPEAXI@Z 00000001800075f0 f i Quantizer.obj
 0001:000065f0       ??_GQuantizerImpl@@EEAAPEAXI@Z 00000001800075f0 f i Quantizer.obj
 0001:000066c0       ?createQuantizer@physx@@YAPEAVQuantizer@1@XZ 00000001800076c0 f   Quantizer.obj
 0001:00006770       ?getDenormalizeCenter@QuantizerImpl@@UEBAAEBVPxVec3@physx@@XZ 0000000180007770 f i Quantizer.obj
 0001:00006780       ?growAndPushBack@?$Array@VPxVec3@physx@@V?$ReflectionAllocator@VPxVec3@physx@@@shdfnd@2@@shdfnd@physx@@IEAAAEAVPxVec3@3@AEBV43@@Z 0000000180007780 f i Quantizer.obj
 0001:00006960       ?kmeansQuantize3D@QuantizerImpl@@UEAAPEBVPxVec3@physx@@IPEBV23@I_NIAEAI@Z 0000000180007960 f i Quantizer.obj
 0001:00006bc0       ?normalizeInput@QuantizerImpl@@AEAAXIPEBVPxVec3@physx@@I@Z 0000000180007bc0 f i Quantizer.obj
 0001:00007010       ?release@QuantizerImpl@@UEAAXXZ 0000000180008010 f i Quantizer.obj
 0001:00007030       ??$copy@V?$ReflectionAllocator@USlab@NodeAllocator@Gu@physx@@@shdfnd@physx@@@?$Array@USlab@NodeAllocator@Gu@physx@@V?$ReflectionAllocator@USlab@NodeAllocator@Gu@physx@@@shdfnd@4@@shdfnd@physx@@IEAAXAEBV012@@Z 0000000180008030 f i BVHStructureBuilder.obj
 0001:000070b0       ??0AABBTreeBuildNode@Gu@physx@@QEAA@AEBV012@@Z 00000001800080b0 f i BVHStructureBuilder.obj
 0001:000070b0       ??4AABBTreeBuildNode@Gu@physx@@QEAAAEAV012@AEBV012@@Z 00000001800080b0 f i BVHStructureBuilder.obj
 0001:000070f0       ??0AABBTreeBuildParams@Gu@physx@@QEAA@IIPEBVPxBounds3@2@@Z 00000001800080f0 f i BVHStructureBuilder.obj
 0001:00007110       ??0BVHStructureBuilder@physx@@QEAA@XZ 0000000180008110 f   BVHStructureBuilder.obj
 0001:00007130       ??0BuildStats@Gu@physx@@QEAA@XZ 0000000180008130 f i BVHStructureBuilder.obj
 0001:00007140       ??0NodeAllocator@Gu@physx@@QEAA@AEBV012@@Z 0000000180008140 f i BVHStructureBuilder.obj
 0001:00007180       ??1AABBTreeBuildParams@Gu@physx@@QEAA@XZ 0000000180008180 f i BVHStructureBuilder.obj
 0001:00007180       ?reset@AABBTreeBuildParams@Gu@physx@@QEAAXXZ 0000000180008180 f i BVHStructureBuilder.obj
 0001:000071e0       ??1BVHStructureBuilder@physx@@QEAA@XZ 00000001800081e0 f   BVHStructureBuilder.obj
 0001:00007260       ??4AABBTreeBuildParams@Gu@physx@@QEAAAEAV012@AEBV012@@Z 0000000180008260 f i BVHStructureBuilder.obj
 0001:00007280       ??4BuildStats@Gu@physx@@QEAAAEAU012@$$QEAU012@@Z 0000000180008280 f i BVHStructureBuilder.obj
 0001:00007290       ??4BuildStats@Gu@physx@@QEAAAEAU012@AEBU012@@Z 0000000180008290 f i BVHStructureBuilder.obj
 0001:000072a0       ??4NodeAllocator@Gu@physx@@QEAAAEAV012@AEBV012@@Z 00000001800082a0 f i BVHStructureBuilder.obj
 0001:00007350       ??_FAABBTreeBuildParams@Gu@physx@@QEAAXXZ 0000000180008350 f i BVHStructureBuilder.obj
 0001:00007370       ??_V@YAXPEAX_K@Z           0000000180008370 f i MSVCRT:delete_array_size.obj
 0001:00007370       ?__global_delete@@YAXPEAX_K@Z 0000000180008370 f i BVHStructureBuilder.obj
 0001:00007380       ?allocate@?$Array@USlab@NodeAllocator@Gu@physx@@V?$ReflectionAllocator@USlab@NodeAllocator@Gu@physx@@@shdfnd@4@@shdfnd@physx@@IEAAPEAUSlab@NodeAllocator@Gu@3@I@Z 0000000180008380 f i BVHStructureBuilder.obj
 0001:00007420       ?flatten@@YAXAEBVNodeAllocator@Gu@physx@@PEAUBVHNode@23@@Z 0000000180008420 f   BVHStructureBuilder.obj
 0001:000075f0       ?getCount@BuildStats@Gu@physx@@QEBAIXZ 00000001800085f0 f i BVHStructureBuilder.obj
 0001:00007600       ?getNbPrimitives@AABBTreeBuildNode@Gu@physx@@QEBAIXZ 0000000180008600 f i BVHStructureBuilder.obj
 0001:00007600       ?getNbRuntimePrimitives@AABBTreeBuildNode@Gu@physx@@QEBAIXZ 0000000180008600 f i BVHStructureBuilder.obj
 0001:00007610       ?getNeg@AABBTreeBuildNode@Gu@physx@@QEBAPEBV123@XZ 0000000180008610 f i BVHStructureBuilder.obj
 0001:00007630       ?getPrimitives@AABBTreeBuildNode@Gu@physx@@QEAAPEAIPEAI@Z 0000000180008630 f i BVHStructureBuilder.obj
 0001:00007630       ?getPrimitives@AABBTreeBuildNode@Gu@physx@@QEBAPEBIPEBI@Z 0000000180008630 f i BVHStructureBuilder.obj
 0001:00007640       ?increaseCount@BuildStats@Gu@physx@@QEAAXI@Z 0000000180008640 f i BVHStructureBuilder.obj
 0001:00007650       ?isLeaf@AABBTreeBuildNode@Gu@physx@@QEBA_NXZ 0000000180008650 f i BVHStructureBuilder.obj
 0001:00007660       ?loadFromDesc@BVHStructureBuilder@physx@@QEAA_NAEBVPxBVHStructureDesc@2@@Z 0000000180008660 f   BVHStructureBuilder.obj
 0001:00007970       ?moveData@BVHStructureBuilder@physx@@QEAAXAEAUBVHStructureData@Gu@2@@Z 0000000180008970 f   BVHStructureBuilder.obj
 0001:000079b0       ?recreate@?$Array@USlab@NodeAllocator@Gu@physx@@V?$ReflectionAllocator@USlab@NodeAllocator@Gu@physx@@@shdfnd@4@@shdfnd@physx@@IEAAXI@Z 00000001800089b0 f i BVHStructureBuilder.obj
 0001:00007a60       ?reset@BuildStats@Gu@physx@@QEAAXXZ 0000000180008a60 f i BVHStructureBuilder.obj
 0001:00007a70       ?save@BVHStructureBuilder@physx@@QEBA_NAEAVPxOutputStream@2@_N@Z 0000000180008a70 f   BVHStructureBuilder.obj
 0001:00007bf0       ?setCount@BuildStats@Gu@physx@@QEAAXI@Z 0000000180008bf0 f i BVHStructureBuilder.obj
 0001:00007c00       ?setNbRunTimePrimitives@AABBTreeBuildNode@Gu@physx@@QEAAXI@Z 0000000180008c00 f i BVHStructureBuilder.obj
 0001:00007c10       ?saveHeightField@physx@@YA_NAEBVHeightField@Gu@1@AEAVPxOutputStream@1@_N@Z 0000000180008c10 f   HeightFieldCooking.obj
 0001:00007e50       ??$quickSelectFirstK@UBoundsLTE@physx@@@quickSelect@physx@@YAXPEIAIIIIAEBUBoundsLTE@1@@Z 0000000180008e50 f i RTreeCooking.obj
 0001:00008030       ??$smallSort@I$$CBUSortBoundsPredicate@physx@@@internal@shdfnd@physx@@YAXPEAIHHAEBUSortBoundsPredicate@2@@Z 0000000180009030 f i RTreeCooking.obj
 0001:000082d0       ??$sort@IU?$Less@I@shdfnd@physx@@V?$ReflectionAllocator@I@23@@shdfnd@physx@@YAXPEAIIAEBU?$Less@I@01@AEBV?$ReflectionAllocator@I@01@I@Z 00000001800092d0 f i RTreeCooking.obj
 0001:00008710       ??$sort@IUSortBoundsPredicate@physx@@V?$ReflectionAllocator@I@shdfnd@2@@shdfnd@physx@@YAXPEAIIAEBUSortBoundsPredicate@1@AEBV?$ReflectionAllocator@I@01@I@Z 0000000180009710 f i RTreeCooking.obj
 0001:00008bc0       ?allocate@?$Array@UInterval@physx@@V?$InlineAllocator@$0CAAA@V?$ReflectionAllocator@UInterval@physx@@@shdfnd@physx@@@shdfnd@2@@shdfnd@physx@@IEAAPEAUInterval@3@I@Z 0000000180009bc0 f i RTreeCooking.obj
 0001:00008c80       ?allocate@?$Array@UPxBounds3V@physx@@V?$ReflectionAllocator@UPxBounds3V@physx@@@shdfnd@2@@shdfnd@physx@@IEAAPEAUPxBounds3V@3@I@Z 0000000180009c80 f i RTreeCooking.obj
 0001:00008d20       ?allocate@?$Array@URTreeNodeNQ@physx@@V?$ReflectionAllocator@URTreeNodeNQ@physx@@@shdfnd@2@@shdfnd@physx@@IEAAPEAURTreeNodeNQ@3@I@Z 0000000180009d20 f i RTreeCooking.obj
 0001:00008dc0       ?allocate@?$Array@URTreeNodeQ@Gu@physx@@V?$ReflectionAllocator@URTreeNodeQ@Gu@physx@@@shdfnd@3@@shdfnd@physx@@IEAAPEAURTreeNodeQ@Gu@3@I@Z 0000000180009dc0 f i RTreeCooking.obj
 0001:00008e60       ?allocate@?$Array@VPxVec3@physx@@V?$ReflectionAllocator@VPxVec3@physx@@@shdfnd@2@@shdfnd@physx@@IEAAPEAVPxVec3@3@I@Z 0000000180009e60 f i RTreeCooking.obj
 0001:00008f00       ?allocate@?$ReflectionAllocator@I@shdfnd@physx@@QEAAPEAX_KPEBDH@Z 0000000180009f00 f i RTreeCooking.obj
 0001:00009c00       ?buildFromTriangles@RTreeCooker@physx@@SAXAEAURTree@Gu@2@PEBVPxVec3@2@IPEBGPEBIIAEAV?$Array@IV?$ReflectionAllocator@I@shdfnd@physx@@@shdfnd@2@PEAURemapCallback@12@MW4Enum@PxMeshCookingHint@2@@Z 000000018000ac00 f   RTreeCooking.obj
 0001:00009ec0       ?copy@?$Array@URTreeNodeNQ@physx@@V?$ReflectionAllocator@URTreeNodeNQ@physx@@@shdfnd@2@@shdfnd@physx@@KAXPEAURTreeNodeNQ@3@0PEBU43@@Z 000000018000aec0 f i RTreeCooking.obj
 0001:0000a080       ?copy@?$Array@VPxVec3@physx@@V?$ReflectionAllocator@VPxVec3@physx@@@shdfnd@2@@shdfnd@physx@@KAXPEAVPxVec3@3@0PEBV43@@Z 000000018000b080 f i RTreeCooking.obj
 0001:0000a150       ?growAndPushBack@?$Array@IV?$ReflectionAllocator@I@shdfnd@physx@@@shdfnd@physx@@IEAAAEAIAEBI@Z 000000018000b150 f i RTreeCooking.obj
 0001:0000a220       ?growAndPushBack@?$Array@UInterval@physx@@V?$InlineAllocator@$0CAAA@V?$ReflectionAllocator@UInterval@physx@@@shdfnd@physx@@@shdfnd@2@@shdfnd@physx@@IEAAAEAUInterval@3@AEBU43@@Z 000000018000b220 f i RTreeCooking.obj
 0001:0000a300       ?growAndPushBack@?$Array@UPxBounds3V@physx@@V?$ReflectionAllocator@UPxBounds3V@physx@@@shdfnd@2@@shdfnd@physx@@IEAAAEAUPxBounds3V@3@AEBU43@@Z 000000018000b300 f i RTreeCooking.obj
 0001:0000a3d0       ?growAndPushBack@?$Array@URTreeNodeNQ@physx@@V?$ReflectionAllocator@URTreeNodeNQ@physx@@@shdfnd@2@@shdfnd@physx@@IEAAAEAURTreeNodeNQ@3@AEBU43@@Z 000000018000b3d0 f i RTreeCooking.obj
 0001:0000a4a0       ?growAndPushBack@?$Array@URTreeNodeQ@Gu@physx@@V?$ReflectionAllocator@URTreeNodeQ@Gu@physx@@@shdfnd@3@@shdfnd@physx@@IEAAAEAURTreeNodeQ@Gu@3@AEBU453@@Z 000000018000b4a0 f i RTreeCooking.obj
 0001:0000a580       ?recreate@?$Array@IV?$ReflectionAllocator@I@shdfnd@physx@@@shdfnd@physx@@IEAAXI@Z 000000018000b580 f i RTreeCooking.obj
 0001:0000a640       ?recreate@?$Array@UPxBounds3V@physx@@V?$ReflectionAllocator@UPxBounds3V@physx@@@shdfnd@2@@shdfnd@physx@@IEAAXI@Z 000000018000b640 f i RTreeCooking.obj
 0001:0000a6f0       ?recreate@?$Array@URTreeNodeNQ@physx@@V?$ReflectionAllocator@URTreeNodeNQ@physx@@@shdfnd@2@@shdfnd@physx@@IEAAXI@Z 000000018000b6f0 f i RTreeCooking.obj
 0001:0000a780       ?recreate@?$Array@URTreeNodeQ@Gu@physx@@V?$ReflectionAllocator@URTreeNodeQ@Gu@physx@@@shdfnd@3@@shdfnd@physx@@IEAAXI@Z 000000018000b780 f i RTreeCooking.obj
 0001:0000a840       ?recreate@?$Array@VPxVec3@physx@@V?$ReflectionAllocator@VPxVec3@physx@@@shdfnd@2@@shdfnd@physx@@IEAAXI@Z 000000018000b840 f i RTreeCooking.obj
 0001:0000a8d0       ?resize@?$Array@IV?$ReflectionAllocator@I@shdfnd@physx@@@shdfnd@physx@@QEAAXIAEBI@Z 000000018000b8d0 f i RTreeCooking.obj
 0001:0000a990       ?resizeUninitialized@?$Array@URTreeNodeNQ@physx@@V?$ReflectionAllocator@URTreeNodeNQ@physx@@@shdfnd@2@@shdfnd@physx@@QEAAXI@Z 000000018000b990 f i RTreeCooking.obj
 0001:0000a9d0       ?sort4@SubSortQuick@physx@@QEAAXPEIAIIAEAV?$Array@URTreeNodeNQ@physx@@V?$ReflectionAllocator@URTreeNodeNQ@physx@@@shdfnd@2@@shdfnd@2@AEAIAEAUPxBounds3V@2@I@Z 000000018000b9d0 f i RTreeCooking.obj
 0001:0000ad60       ?sort4@SubSortSAH@physx@@QEAAXPEAIIAEAV?$Array@URTreeNodeNQ@physx@@V?$ReflectionAllocator@URTreeNodeNQ@physx@@@shdfnd@2@@shdfnd@2@AEAIIPEAURTreeNodeNQ@2@@Z 000000018000bd60 f i RTreeCooking.obj
 0001:0000b5a0       ?split@SubSortSAH@physx@@QEAAIPEAII@Z 000000018000c5a0 f i RTreeCooking.obj
 0001:0000c010       ?computeLocalBounds@MeshBulider@physx@@IEAAXAEAVMeshDataBase@Gu@2@@Z 000000018000d010 f   MeshBuilder.obj
 0001:0000c0a0       ??$?_UG@@YAPEAX_KV?$ReflectionAllocator@G@shdfnd@physx@@PEBDH@Z 000000018000d0a0 f i TriangleMeshBuilder.obj
 0001:0000c140       ??$sort@UEdgeTriLookup@physx@@U?$Less@UEdgeTriLookup@physx@@@shdfnd@2@V?$ReflectionAllocator@UEdgeTriLookup@physx@@@42@@shdfnd@physx@@YAXPEAUEdgeTriLookup@1@IAEBU?$Less@UEdgeTriLookup@physx@@@01@AEBV?$ReflectionAllocator@UEdgeTriLookup@physx@@@01@I@Z 000000018000d140 f i TriangleMeshBuilder.obj
 0001:0000c6c0       ??0BV4TriangleMeshBuilder@physx@@QEAA@AEBUPxCookingParams@1@@Z 000000018000d6c0 f   TriangleMeshBuilder.obj
 0001:0000c790       ??0RTreeTriangleMeshBuilder@physx@@QEAA@AEBUPxCookingParams@1@@Z 000000018000d790 f   TriangleMeshBuilder.obj
 0001:0000c850       ??1BV4TriangleMeshBuilder@physx@@UEAA@XZ 000000018000d850 f   TriangleMeshBuilder.obj
 0001:0000c8b0       ??1MeshDataBase@Gu@physx@@UEAA@XZ 000000018000d8b0 f i TriangleMeshBuilder.obj
 0001:0000c990       ??1RTreeTriangleData@Gu@physx@@UEAA@XZ 000000018000d990 f i TriangleMeshBuilder.obj
 0001:0000ca00       ??1RTreeTriangleMeshBuilder@physx@@UEAA@XZ 000000018000da00 f   TriangleMeshBuilder.obj
 0001:0000ca30       ??1TriangleMeshBuilder@physx@@UEAA@XZ 000000018000da30 f   TriangleMeshBuilder.obj
 0001:0000ca90       ??1TriangleMeshData@Gu@physx@@UEAA@XZ 000000018000da90 f i TriangleMeshBuilder.obj
 0001:0000cb60       ??_EBV4TriangleData@Gu@physx@@UEAAPEAXI@Z 000000018000db60 f i TriangleMeshBuilder.obj
 0001:0000cb60       ??_GBV4TriangleData@Gu@physx@@UEAAPEAXI@Z 000000018000db60 f i TriangleMeshBuilder.obj
 0001:0000cbe0       ??_EBV4TriangleMeshBuilder@physx@@UEAAPEAXI@Z 000000018000dbe0 f i TriangleMeshBuilder.obj
 0001:0000cbe0       ??_GBV4TriangleMeshBuilder@physx@@UEAAPEAXI@Z 000000018000dbe0 f i TriangleMeshBuilder.obj
 0001:0000cc60       ??_EMeshDataBase@Gu@physx@@UEAAPEAXI@Z 000000018000dc60 f i TriangleMeshBuilder.obj
 0001:0000cc60       ??_GMeshDataBase@Gu@physx@@UEAAPEAXI@Z 000000018000dc60 f i TriangleMeshBuilder.obj
 0001:0000ccc0       ??_ERTreeCookerRemap@physx@@UEAAPEAXI@Z 000000018000dcc0 f i TriangleMeshBuilder.obj
 0001:0000ccc0       ??_GRTreeCookerRemap@physx@@UEAAPEAXI@Z 000000018000dcc0 f i TriangleMeshBuilder.obj
 0001:0000ccf0       ??_ERTreeTriangleData@Gu@physx@@UEAAPEAXI@Z 000000018000dcf0 f i TriangleMeshBuilder.obj
 0001:0000ccf0       ??_GRTreeTriangleData@Gu@physx@@UEAAPEAXI@Z 000000018000dcf0 f i TriangleMeshBuilder.obj
 0001:0000cd50       ??_ERTreeTriangleMeshBuilder@physx@@UEAAPEAXI@Z 000000018000dd50 f i TriangleMeshBuilder.obj
 0001:0000cd50       ??_GRTreeTriangleMeshBuilder@physx@@UEAAPEAXI@Z 000000018000dd50 f i TriangleMeshBuilder.obj
 0001:0000cda0       ??_ERemapCallback@RTreeCooker@physx@@UEAAPEAXI@Z 000000018000dda0 f i TriangleMeshBuilder.obj
 0001:0000cda0       ??_GRemapCallback@RTreeCooker@physx@@UEAAPEAXI@Z 000000018000dda0 f i TriangleMeshBuilder.obj
 0001:0000cdd0       ??_ETriangleMeshBuilder@physx@@UEAAPEAXI@Z 000000018000ddd0 f i TriangleMeshBuilder.obj
 0001:0000cdd0       ??_GTriangleMeshBuilder@physx@@UEAAPEAXI@Z 000000018000ddd0 f i TriangleMeshBuilder.obj
 0001:0000ce10       ??_ETriangleMeshData@Gu@physx@@UEAAPEAXI@Z 000000018000de10 f i TriangleMeshBuilder.obj
 0001:0000ce10       ??_GTriangleMeshData@Gu@physx@@UEAAPEAXI@Z 000000018000de10 f i TriangleMeshBuilder.obj
 0001:0000ce70       ?allocateTriangles@TriangleMeshData@Gu@physx@@QEAAPEAXI_NI@Z 000000018000de70 f i TriangleMeshBuilder.obj
 0001:0000cf50       ?allocateVertices@MeshDataBase@Gu@physx@@QEAAPEAVPxVec3@3@I@Z 000000018000df50 f i TriangleMeshBuilder.obj
 0001:0000d470       ?checkMeshIndicesSize@TriangleMeshBuilder@physx@@QEAAXXZ 000000018000e470 f   TriangleMeshBuilder.obj
 0001:0000d580       ?cleanMesh@TriangleMeshBuilder@physx@@QEAA_N_NPEAW4Enum@PxTriangleMeshCookingResult@2@@Z 000000018000e580 f   TriangleMeshBuilder.obj
 0001:0000daa0       ?createGRBMidPhaseAndData@TriangleMeshBuilder@physx@@QEAAXI@Z 000000018000eaa0 f   TriangleMeshBuilder.obj
 0001:0000dd20       ?createMidPhaseStructure@BV32TriangleMeshBuilder@physx@@SAXAEBUPxCookingParams@2@AEAVTriangleMeshData@Gu@2@AEAVBV32Tree@52@@Z 000000018000ed20 f   TriangleMeshBuilder.obj
 0001:0000df00       ?createMidPhaseStructure@BV4TriangleMeshBuilder@physx@@UEAAXXZ 000000018000ef00 f   TriangleMeshBuilder.obj
 0001:0000e1c0       ?createMidPhaseStructure@RTreeTriangleMeshBuilder@physx@@UEAAXXZ 000000018000f1c0 f   TriangleMeshBuilder.obj
 0001:0000e2a0       ?createSharedEdgeData@TriangleMeshBuilder@physx@@QEAAX_N0@Z 000000018000f2a0 f   TriangleMeshBuilder.obj
 0001:0000e940       ?getMidphaseID@BV4TriangleMeshBuilder@physx@@UEBA?AW4Enum@PxMeshMidPhase@2@XZ 000000018000f940 f i TriangleMeshBuilder.obj
 0001:0000e940       _get_startup_argv_mode     000000018000f940 f i MSVCRT:argv_mode.obj
 0001:0000e950       ?getMidphaseID@RTreeTriangleMeshBuilder@physx@@UEBA?AW4Enum@PxMeshMidPhase@2@XZ 000000018000f950 f i TriangleMeshBuilder.obj
 0001:0000e950       __scrt_stub_for_is_c_termination_complete 000000018000f950 f i MSVCRT:ucrt_stubs.obj
 0001:0000e950       _is_c_termination_complete 000000018000f950 f i MSVCRT:ucrt_stubs.obj
 0001:0000e960       ?importMesh@TriangleMeshBuilder@physx@@IEAA_NAEBVPxTriangleMeshDesc@2@AEBUPxCookingParams@2@PEAW4Enum@PxTriangleMeshCookingResult@2@_N@Z 000000018000f960 f   TriangleMeshBuilder.obj
 0001:0000ece0       ?loadFromDesc@TriangleMeshBuilder@physx@@QEAA_NAEBVPxTriangleMeshDesc@2@PEAW4Enum@PxTriangleMeshCookingResult@2@_N@Z 000000018000fce0 f   TriangleMeshBuilder.obj
 0001:0000f160       ?onMeshIndexFormatChange@BV4TriangleMeshBuilder@physx@@UEAAXXZ 0000000180010160 f   TriangleMeshBuilder.obj
 0001:0000f1a0       ?remap@RTreeCookerRemap@physx@@UEAAXPEAIII@Z 00000001800101a0 f i TriangleMeshBuilder.obj
 0001:0000f1c0       ?remapTopology@TriangleMeshBuilder@physx@@QEAAXPEBI@Z 00000001800101c0 f   TriangleMeshBuilder.obj
 0001:0000f4b0       ?save@TriangleMeshBuilder@physx@@QEBA_NAEAVPxOutputStream@2@_NAEBUPxCookingParams@2@@Z 00000001800104b0 f   TriangleMeshBuilder.obj
 0001:0000fa80       ?saveMidPhaseStructure@BV4TriangleMeshBuilder@physx@@UEBAXAEAVPxOutputStream@2@_N@Z 0000000180010a80 f   TriangleMeshBuilder.obj
 0001:0000fc20       ?saveMidPhaseStructure@RTreeTriangleMeshBuilder@physx@@UEBAXAEAVPxOutputStream@2@_N@Z 0000000180010c20 f   TriangleMeshBuilder.obj
 0001:0000fe60       ??0BigConvexDataBuilder@physx@@QEAA@PEBUConvexHullData@Gu@1@PEAVBigConvexData@1@PEBVPxVec3@1@@Z 0000000180010e60 f   BigConvexDataBuilder.obj
 0001:0000fe70       ??4BigConvexData@physx@@QEAAAEAV01@AEBV01@@Z 0000000180010e70 f i BigConvexDataBuilder.obj
 0001:0000fe90       ?GetAdjacentVerts@BigConvexData@physx@@QEBAPEBEXZ 0000000180010e90 f i BigConvexDataBuilder.obj
 0001:0000fea0       ?GetNbNeighbors@BigConvexData@physx@@QEBAGI@Z 0000000180010ea0 f i BigConvexDataBuilder.obj
 0001:0000fea0       ?GetValency@BigConvexData@physx@@QEBAGI@Z 0000000180010ea0 f i BigConvexDataBuilder.obj
 0001:0000feb0       ?GetNbSamples@BigConvexData@physx@@QEBAIXZ 0000000180010eb0 f i BigConvexDataBuilder.obj
 0001:0000fec0       ?GetNbVerts@BigConvexData@physx@@QEBAIXZ 0000000180010ec0 f i BigConvexDataBuilder.obj
 0001:0000fed0       ?GetNeighbors@BigConvexData@physx@@QEBAPEBEI@Z 0000000180010ed0 f i BigConvexDataBuilder.obj
 0001:0000fee0       ?GetOffset@BigConvexData@physx@@QEBAGI@Z 0000000180010ee0 f i BigConvexDataBuilder.obj
 0001:0000fef0       ?GetSubdiv@BigConvexData@physx@@QEBAIXZ 0000000180010ef0 f i BigConvexDataBuilder.obj
 0001:0000ff00       ?computeValencies@BigConvexDataBuilder@physx@@QEAA_NAEBVConvexHullBuilder@2@@Z 0000000180010f00 f   BigConvexDataBuilder.obj
 0001:000102f0       ?precompute@BigConvexDataBuilder@physx@@QEAA_NI@Z 00000001800112f0 f   BigConvexDataBuilder.obj
 0001:00010f20       ?save@BigConvexDataBuilder@physx@@QEBA_NAEAVPxOutputStream@2@_N@Z 0000000180011f20 f   BigConvexDataBuilder.obj
 0001:00011000       ?saveValencies@BigConvexDataBuilder@physx@@QEBA_NAEAVPxOutputStream@2@_N@Z 0000000180012000 f   BigConvexDataBuilder.obj
 0001:000111a0       ??$?_UE@@YAPEAX_KV?$ReflectionAllocator@E@shdfnd@physx@@PEBDH@Z 00000001800121a0 f i ConvexHullBuilder.obj
 0001:00011240       ??0ConvexHullBuilder@physx@@QEAA@PEAUConvexHullData@Gu@1@_N@Z 0000000180012240 f   ConvexHullBuilder.obj
 0001:00011270       ??1ConvexHullBuilder@physx@@QEAA@XZ 0000000180012270 f   ConvexHullBuilder.obj
 0001:00011370       ?calculateVertexMapTable@ConvexHullBuilder@physx@@QEAA_NI_N@Z 0000000180012370 f   ConvexHullBuilder.obj
 0001:00011580       ?checkHullPolygons@ConvexHullBuilder@physx@@QEBA_NXZ 0000000180012580 f   ConvexHullBuilder.obj
 0001:00011b60       ?computeGeomCenter@ConvexHullBuilder@physx@@IEBA_NAEAVPxVec3@2@IPEAUHullTriangleData@2@@Z 0000000180012b60 f   ConvexHullBuilder.obj
 0001:00011e20       ?copy@ConvexHullBuilder@physx@@QEAA_NAEAUConvexHullData@Gu@2@AEAI@Z 0000000180012e20 f   ConvexHullBuilder.obj
 0001:00012090       ?createEdgeList@ConvexHullBuilder@physx@@QEAA_N_NI@Z 0000000180013090 f   ConvexHullBuilder.obj
 0001:000128e0       ?init@ConvexHullBuilder@physx@@QEAA_NIPEBVPxVec3@2@PEBIIIPEBUPxHullPolygon@2@_NPEAVConvexHullLib@2@@Z 00000001800138e0 f   ConvexHullBuilder.obj
 0001:00013220       ?save@ConvexHullBuilder@physx@@QEBA_NAEAVPxOutputStream@2@_N@Z 0000000180014220 f   ConvexHullBuilder.obj
 0001:00013540       ??1ConvexHullLib@physx@@UEAA@XZ 0000000180014540 f   ConvexHullLib.obj
 0001:000135a0       ??_EConvexHullLib@physx@@UEAAPEAXI@Z 00000001800145a0 f i ConvexHullLib.obj
 0001:000135a0       ??_GConvexHullLib@physx@@UEAAPEAXI@Z 00000001800145a0 f i ConvexHullLib.obj
 0001:00013b00       ?cleanupVertices@ConvexHullLib@physx@@IEAA_NIPEBVPxVec3@2@IAEAIPEAV32@AEAV32@3@Z 0000000180014b00 f   ConvexHullLib.obj
 0001:00013f90       ?shiftAndcleanupVertices@ConvexHullLib@physx@@IEAA_NIPEBVPxVec3@2@IAEAIPEAV32@AEAV32@3@Z 0000000180014f90 f   ConvexHullLib.obj
 0001:00014440       ?shiftConvexMeshDesc@ConvexHullLib@physx@@IEAAXAEAVPxConvexMeshDesc@2@@Z 0000000180015440 f   ConvexHullLib.obj
 0001:00014500       ?swapLargestFace@ConvexHullLib@physx@@IEAAXAEAVPxConvexMeshDesc@2@@Z 0000000180015500 f   ConvexHullLib.obj
 0001:000146f0       ??0Box@Gu@physx@@QEAA@AEBV012@@Z 00000001800156f0 f i ConvexHullUtils.obj
 0001:000146f0       ??4Box@Gu@physx@@QEAAAEBV012@AEBV012@@Z 00000001800156f0 f i ConvexHullUtils.obj
 0001:00014750       ??0Box@Gu@physx@@QEAA@AEBVPxVec3@2@0AEBVPxMat33@2@@Z 0000000180015750 f i ConvexHullUtils.obj
 0001:000147c0       ??0ConvexHull@physx@@QEAA@AEBVPxVec3@1@AEBVPxTransform@1@AEBV?$Array@VPxPlane@physx@@V?$ReflectionAllocator@VPxPlane@physx@@@shdfnd@2@@shdfnd@1@@Z 00000001800157c0 f   ConvexHullUtils.obj
 0001:00015910       ??0PxQuat@physx@@QEAA@AEBVPxMat33@1@@Z 0000000180016910 f i ConvexHullUtils.obj
 0001:00015b10       ?allocate@?$Array@VHalfEdge@ConvexHull@physx@@V?$ReflectionAllocator@VHalfEdge@ConvexHull@physx@@@shdfnd@3@@shdfnd@physx@@IEAAPEAVHalfEdge@ConvexHull@3@I@Z 0000000180016b10 f i ConvexHullUtils.obj
 0001:00015bb0       ?allocate@?$Array@VPxPlane@physx@@V?$ReflectionAllocator@VPxPlane@physx@@@shdfnd@2@@shdfnd@physx@@IEAAPEAVPxPlane@3@I@Z 0000000180016bb0 f i ConvexHullUtils.obj
 0001:00015c50       ?assertIntact@ConvexHull@physx@@QEBA_NM@Z 0000000180016c50 f   ConvexHullUtils.obj
 0001:00015f70       ?computeAABBExtent@Box@Gu@physx@@QEBA?AVPxVec3@3@XZ 0000000180016f70 f i ConvexHullUtils.obj
 0001:00016030       ?computeBoxPoints@Box@Gu@physx@@QEBAXPEIAVPxVec3@3@@Z 0000000180017030 f i ConvexHullUtils.obj
 0001:00016070       ?computeOBBFromConvex@physx@@YA_NAEBVPxConvexMeshDesc@1@AEAVPxVec3@1@AEAVPxTransform@1@@Z 0000000180017070 f   ConvexHullUtils.obj
 0001:00016750       ?computeOBBSIMD@local@@YAXIPEBT__m128@@AEAT2@AEBT2@1@Z 0000000180017750 f   ConvexHullUtils.obj
 0001:00016b30       ?convexHullCrop@physx@@YAPEAVConvexHull@1@AEBV21@AEBVPxPlane@1@M@Z 0000000180017b30 f   ConvexHullUtils.obj
 0001:00017920       ?copy@?$Array@VPxPlane@physx@@V?$ReflectionAllocator@VPxPlane@physx@@@shdfnd@2@@shdfnd@physx@@KAXPEAVPxPlane@3@0PEBV43@@Z 0000000180018920 f i ConvexHullUtils.obj
 0001:00017a20       ?findCandidatePlane@ConvexHull@physx@@QEBAHMM@Z 0000000180018a20 f   ConvexHullUtils.obj
 0001:00017e70       ?getInverse@PxMat33@physx@@QEBA?BV12@XZ 0000000180018e70 f i ConvexHullUtils.obj
 0001:000180c0       ?getTransform@Box@Gu@physx@@QEBA?AVPxTransform@3@XZ 00000001800190c0 f i ConvexHullUtils.obj
 0001:00018120       ?growAndPushBack@?$Array@VHalfEdge@ConvexHull@physx@@V?$ReflectionAllocator@VHalfEdge@ConvexHull@physx@@@shdfnd@3@@shdfnd@physx@@IEAAAEAVHalfEdge@ConvexHull@3@AEBV453@@Z 0000000180019120 f i ConvexHullUtils.obj
 0001:000181e0       ?growAndPushBack@?$Array@VPxPlane@physx@@V?$ReflectionAllocator@VPxPlane@physx@@@shdfnd@2@@shdfnd@physx@@IEAAAEAVPxPlane@3@AEBV43@@Z 00000001800191e0 f i ConvexHullUtils.obj
 0001:000182a0       ?isValid@Box@Gu@physx@@QEBA_NXZ 00000001800192a0 f i ConvexHullUtils.obj
 0001:000182c0       ?maxNumVertsPerFace@ConvexHull@physx@@QEBAIXZ 00000001800192c0 f   ConvexHullUtils.obj
 0001:00018330       ?recreate@?$Array@VHalfEdge@ConvexHull@physx@@V?$ReflectionAllocator@VHalfEdge@ConvexHull@physx@@@shdfnd@3@@shdfnd@physx@@IEAAXI@Z 0000000180019330 f i ConvexHullUtils.obj
 0001:000183d0       ?recreate@?$Array@VPxPlane@physx@@V?$ReflectionAllocator@VPxPlane@physx@@@shdfnd@2@@shdfnd@physx@@IEAAXI@Z 00000001800193d0 f i ConvexHullUtils.obj
 0001:00018460       ?resize@?$Array@VHalfEdge@ConvexHull@physx@@V?$ReflectionAllocator@VHalfEdge@ConvexHull@physx@@@shdfnd@3@@shdfnd@physx@@QEAAXIAEBVHalfEdge@ConvexHull@3@@Z 0000000180019460 f i ConvexHullUtils.obj
 0001:00018520       ?resize@?$Array@VPxPlane@physx@@V?$ReflectionAllocator@VPxPlane@physx@@@shdfnd@2@@shdfnd@physx@@QEAAXIAEBVPxPlane@3@@Z 0000000180019520 f i ConvexHullUtils.obj
 0001:00018640       ?resize@?$Array@VPxVec3@physx@@V?$ReflectionAllocator@VPxVec3@physx@@@shdfnd@2@@shdfnd@physx@@QEAAXIAEBVPxVec3@3@@Z 0000000180019640 f i ConvexHullUtils.obj
 0001:00018730       ?rotate@Box@Gu@physx@@QEBA?AVPxVec3@3@AEBV43@@Z 0000000180019730 f i ConvexHullUtils.obj
 0001:000187c0       ?rotateInv@Box@Gu@physx@@QEBA?AVPxVec3@3@AEBV43@@Z 00000001800197c0 f i ConvexHullUtils.obj
 0001:00018850       ?setAxes@Box@Gu@physx@@QEAAXAEBVPxVec3@3@00@Z 0000000180019850 f i ConvexHullUtils.obj
 0001:00018890       ?setEmpty@Box@Gu@physx@@QEAAXXZ 0000000180019890 f i ConvexHullUtils.obj
 0001:000188d0       ?transform@Box@Gu@physx@@QEBA?AVPxVec3@3@AEBV43@@Z 00000001800198d0 f i ConvexHullUtils.obj
 0001:00018970       ??0ConvexMeshBuilder@physx@@QEAA@_N@Z 0000000180019970 f   ConvexMeshBuilder.obj
 0001:000189d0       ??1ConvexMeshBuilder@physx@@QEAA@XZ 00000001800199d0 f   ConvexMeshBuilder.obj
 0001:00018e20       ?build@ConvexMeshBuilder@physx@@QEAA_NAEBVPxConvexMeshDesc@2@I_NPEAVConvexHullLib@2@@Z 0000000180019e20 f   ConvexMeshBuilder.obj
 0001:00019130       ?computeHullPolygons@ConvexMeshBuilder@physx@@QEAA_NAEBIPEBVPxVec3@2@0PEBIAEAVPxAllocatorCallback@2@AEAIAEAPEAV32@4AEAPEAI4AEAPEAUPxHullPolygon@2@@Z 000000018001a130 f   ConvexMeshBuilder.obj
 0001:00019350       ?computeMassInfo@ConvexMeshBuilder@physx@@QEAAX_N@Z 000000018001a350 f   ConvexMeshBuilder.obj
 0001:00019720       ?copy@ConvexMeshBuilder@physx@@QEAA_NAEAUConvexHullInitData@Gu@2@@Z 000000018001a720 f   ConvexMeshBuilder.obj
 0001:00019840       ?isFinite@PxVec3@physx@@QEBA_NXZ 000000018001a840 f i ConvexMeshBuilder.obj
 0001:000198a0       ?loadConvexHull@ConvexMeshBuilder@physx@@QEAA_NAEBVPxConvexMeshDesc@2@PEAVConvexHullLib@2@@Z 000000018001a8a0 f   ConvexMeshBuilder.obj
 0001:00019b10       ?save@ConvexMeshBuilder@physx@@QEBA_NAEAVPxOutputStream@2@_N@Z 000000018001ab10 f   ConvexMeshBuilder.obj
 0001:00019d20       ??$copy@V?$ReflectionAllocator@VPair@@@shdfnd@physx@@@?$Array@VPair@@V?$ReflectionAllocator@VPair@@@shdfnd@physx@@@shdfnd@physx@@IEAAXAEBV012@@Z 000000018001ad20 f i ConvexPolygonsBuilder.obj
 0001:00019da0       ??0ConvexPolygonsBuilder@physx@@QEAA@PEAUConvexHullData@Gu@1@_N@Z 000000018001ada0 f   ConvexPolygonsBuilder.obj
 0001:00019dc0       ??1ConvexPolygonsBuilder@physx@@QEAA@XZ 000000018001adc0 f   ConvexPolygonsBuilder.obj
 0001:0001a610       ?allocate@?$Array@VPair@@V?$ReflectionAllocator@VPair@@@shdfnd@physx@@@shdfnd@physx@@IEAAPEAVPair@@I@Z 000000018001b610 f i ConvexPolygonsBuilder.obj
 0001:0001ae40       ?computeHullPolygons@ConvexPolygonsBuilder@physx@@QEAA_NAEBIPEBVPxVec3@2@0PEBI@Z 000000018001be40 f   ConvexPolygonsBuilder.obj
 0001:0001c140       ?createPolygonData@ConvexPolygonsBuilder@physx@@AEAA_NXZ 000000018001d140 f   ConvexPolygonsBuilder.obj
 0001:0001cb00       ?createTrianglesFromPolygons@ConvexPolygonsBuilder@physx@@AEAA_NXZ 000000018001db00 f   ConvexPolygonsBuilder.obj
 0001:0001e160       ?growAndPushBack@?$Array@VPair@@V?$ReflectionAllocator@VPair@@@shdfnd@physx@@@shdfnd@physx@@IEAAAEAVPair@@AEBV4@@Z 000000018001f160 f i ConvexPolygonsBuilder.obj
 0001:0001e230       ??0QuickHull@local@@QEAA@AEBUPxCookingParams@physx@@AEBVPxConvexMeshDesc@3@@Z 000000018001f230 f   QuickHullConvexHullLib.obj
 0001:0001e2e0       ??0QuickHullConvexHullLib@physx@@QEAA@AEBVPxConvexMeshDesc@1@AEBUPxCookingParams@1@@Z 000000018001f2e0 f   QuickHullConvexHullLib.obj
 0001:0001e3d0       ??1?$MemBlock@UQuickHullFace@local@@$00@local@@QEAA@XZ 000000018001f3d0 f i QuickHullConvexHullLib.obj
 0001:0001e3d0       ??1?$MemBlock@UQuickHullHalfEdge@local@@$0A@@local@@QEAA@XZ 000000018001f3d0 f i QuickHullConvexHullLib.obj
 0001:0001e460       ??1QuickHull@local@@QEAA@XZ 000000018001f460 f   QuickHullConvexHullLib.obj
 0001:0001e5a0       ??_GConvexHull@physx@@QEAAPEAXI@Z 000000018001f5a0 f i QuickHullConvexHullLib.obj
 0001:0001e680       ??_EQuickHullConvexHullLib@physx@@UEAAPEAXI@Z 000000018001f680 f i QuickHullConvexHullLib.obj
 0001:0001e680       ??_GQuickHullConvexHullLib@physx@@UEAAPEAXI@Z 000000018001f680 f i QuickHullConvexHullLib.obj
 0001:0001e780       ?addPointToHull@QuickHull@local@@IEAA_NPEBUQuickHullVertex@2@AEAUQuickHullFace@2@AEA_N@Z 000000018001f780 f   QuickHullConvexHullLib.obj
 0001:0001ea50       ?addSimplex@QuickHull@local@@IEAAXPEAUQuickHullVertex@2@_N@Z 000000018001fa50 f   QuickHullConvexHullLib.obj
 0001:0001ef20       ?allocate@?$Array@PEAUQuickHullFace@local@@V?$ReflectionAllocator@PEAUQuickHullFace@local@@@shdfnd@physx@@@shdfnd@physx@@IEAAPEAPEAUQuickHullFace@local@@I@Z 000000018001ff20 f i QuickHullConvexHullLib.obj
 0001:0001efc0       ?allocate@?$Array@PEAUQuickHullHalfEdge@local@@V?$ReflectionAllocator@PEAUQuickHullHalfEdge@local@@@shdfnd@physx@@@shdfnd@physx@@IEAAPEAPEAUQuickHullHalfEdge@local@@I@Z 000000018001ffc0 f i QuickHullConvexHullLib.obj
 0001:0001f060       ?allocate@?$Array@PEAUQuickHullVertex@local@@V?$ReflectionAllocator@PEAUQuickHullVertex@local@@@shdfnd@physx@@@shdfnd@physx@@IEAAPEAPEAUQuickHullVertex@local@@I@Z 0000000180020060 f i QuickHullConvexHullLib.obj
 0001:0001f100       ?allocate@?$Array@UExpandPoint@local@@V?$ReflectionAllocator@UExpandPoint@local@@@shdfnd@physx@@@shdfnd@physx@@IEAAPEAUExpandPoint@local@@I@Z 0000000180020100 f i QuickHullConvexHullLib.obj
 0001:0001f1a0       ?buildHull@QuickHull@local@@QEAA?AW4Enum@QuickHullResult@2@XZ 00000001800201a0 f   QuickHullConvexHullLib.obj
 0001:0001f3b0       ?calculateHorizon@QuickHull@local@@IEAAXAEBVPxVec3@physx@@PEAUQuickHullHalfEdge@2@AEAUQuickHullFace@2@AEAV?$Array@PEAUQuickHullHalfEdge@local@@V?$ReflectionAllocator@PEAUQuickHullHalfEdge@local@@@shdfnd@physx@@@shdfnd@4@AEAV?$Array@PEAUQuickHullFace@local@@V?$ReflectionAllocator@PEAUQuickHullFace@local@@@shdfnd@physx@@@84@@Z 00000001800203b0 f   QuickHullConvexHullLib.obj
 0001:0001f560       ?canMergeFaces@QuickHull@local@@IEAA_NAEBUQuickHullHalfEdge@2@@Z 0000000180020560 f   QuickHullConvexHullLib.obj
 0001:0001fd80       ?cleanupForSimplex@QuickHullConvexHullLib@physx@@IEAA_NPEAVPxVec3@2@IPEAUQuickHullVertex@local@@1AEAM2@Z 0000000180020d80 f   QuickHullConvexHullLib.obj
 0001:000209a0       ?computeMinMaxVerts@QuickHull@local@@IEAAXXZ 00000001800219a0 f   QuickHullConvexHullLib.obj
 0001:00020d70       ?connectHalfEdges@QuickHullFace@local@@AEAAPEAU12@PEAUQuickHullHalfEdge@2@0@Z 0000000180021d70 f   QuickHullConvexHullLib.obj
 0001:000210e0       ?copy@?$Array@UExpandPoint@local@@V?$ReflectionAllocator@UExpandPoint@local@@@shdfnd@physx@@@shdfnd@physx@@KAXPEAUExpandPoint@local@@0PEBU45@@Z 00000001800220e0 f i QuickHullConvexHullLib.obj
 0001:00021190       ?createConvexHull@QuickHullConvexHullLib@physx@@UEAA?AW4Enum@PxConvexMeshCookingResult@2@XZ 0000000180022190 f   QuickHullConvexHullLib.obj
 0001:00021590       ?createEdgeList@QuickHullConvexHullLib@physx@@UEAA_NIPEBEPEAPEAEPEAPEAG2@Z 0000000180022590 f   QuickHullConvexHullLib.obj
 0001:000217e0       ?createTriangle@QuickHull@local@@IEAAPEAUQuickHullFace@2@AEBUQuickHullVertex@2@00@Z 00000001800227e0 f   QuickHullConvexHullLib.obj
 0001:00021bc0       ?doAdjacentMerge@QuickHull@local@@IEAA_NAEAUQuickHullFace@2@_NAEA_N@Z 0000000180022bc0 f   QuickHullConvexHullLib.obj
 0001:00021f10       ?expandHull@QuickHullConvexHullLib@physx@@IEAA?AW4Enum@PxConvexMeshCookingResult@2@XZ 0000000180022f10 f   QuickHullConvexHullLib.obj
 0001:00022850       ?expandHullOBB@QuickHullConvexHullLib@physx@@IEAA?AW4Enum@PxConvexMeshCookingResult@2@XZ 0000000180023850 f   QuickHullConvexHullLib.obj
 0001:00022c60       ?fillConvexMeshDesc@QuickHullConvexHullLib@physx@@UEAAXAEAVPxConvexMeshDesc@2@@Z 0000000180023c60 f   QuickHullConvexHullLib.obj
 0001:00022cb0       ?fillConvexMeshDescFromCroppedHull@QuickHullConvexHullLib@physx@@IEAAXAEAVPxConvexMeshDesc@2@@Z 0000000180023cb0 f   QuickHullConvexHullLib.obj
 0001:00022ea0       ?fillConvexMeshDescFromQuickHull@QuickHullConvexHullLib@physx@@IEAAXAEAVPxConvexMeshDesc@2@@Z 0000000180023ea0 f   QuickHullConvexHullLib.obj
 0001:00023210       ?findSimplex@QuickHull@local@@IEAA_NXZ 0000000180024210 f   QuickHullConvexHullLib.obj
 0001:00023ec0       ?getFreeItem@?$MemBlock@UQuickHullFace@local@@$00@local@@QEAAPEAUQuickHullFace@2@XZ 0000000180024ec0 f i QuickHullConvexHullLib.obj
 0001:00023ff0       ?getFreeItem@?$MemBlock@UQuickHullHalfEdge@local@@$0A@@local@@QEAAPEAUQuickHullHalfEdge@2@XZ 0000000180024ff0 f i QuickHullConvexHullLib.obj
 0001:000240c0       ?growAndPushBack@?$Array@PEAUQuickHullFace@local@@V?$ReflectionAllocator@PEAUQuickHullFace@local@@@shdfnd@physx@@@shdfnd@physx@@IEAAAEAPEAUQuickHullFace@local@@AEBQEAU45@@Z 00000001800250c0 f i QuickHullConvexHullLib.obj
 0001:00024180       ?growAndPushBack@?$Array@PEAUQuickHullHalfEdge@local@@V?$ReflectionAllocator@PEAUQuickHullHalfEdge@local@@@shdfnd@physx@@@shdfnd@physx@@IEAAAEAPEAUQuickHullHalfEdge@local@@AEBQEAU45@@Z 0000000180025180 f i QuickHullConvexHullLib.obj
 0001:00024240       ?growAndPushBack@?$Array@PEAUQuickHullVertex@local@@V?$ReflectionAllocator@PEAUQuickHullVertex@local@@@shdfnd@physx@@@shdfnd@physx@@IEAAAEAPEAUQuickHullVertex@local@@AEBQEAU45@@Z 0000000180025240 f i QuickHullConvexHullLib.obj
 0001:00024300       ?growAndPushBack@?$Array@UExpandPoint@local@@V?$ReflectionAllocator@UExpandPoint@local@@@shdfnd@physx@@@shdfnd@physx@@IEAAAEAUExpandPoint@local@@AEBU45@@Z 0000000180025300 f i QuickHullConvexHullLib.obj
 0001:00024400       ?init@?$MemBlock@UQuickHullFace@local@@$00@local@@QEAAXI@Z 0000000180025400 f i QuickHullConvexHullLib.obj
 0001:000244f0       ?init@?$MemBlock@UQuickHullHalfEdge@local@@$0A@@local@@QEAAXI@Z 00000001800254f0 f i QuickHullConvexHullLib.obj
 0001:00024590       ?mergeAdjacentFace@QuickHullFace@local@@QEAA_NPEAUQuickHullHalfEdge@2@AEAV?$Array@PEAUQuickHullFace@local@@V?$ReflectionAllocator@PEAUQuickHullFace@local@@@shdfnd@physx@@@shdfnd@physx@@@Z 0000000180025590 f   QuickHullConvexHullLib.obj
 0001:000249e0       ?nextPointToAdd@QuickHull@local@@IEAAPEAUQuickHullVertex@2@AEAPEAUQuickHullFace@2@@Z 00000001800259e0 f   QuickHullConvexHullLib.obj
 0001:00024b60       ?parseInputVertices@QuickHull@local@@QEAAXPEBVPxVec3@physx@@I@Z 0000000180025b60 f   QuickHullConvexHullLib.obj
 0001:00024ce0       ?postMergeHull@QuickHull@local@@IEAAXXZ 0000000180025ce0 f   QuickHullConvexHullLib.obj
 0001:00024f40       ?preallocate@QuickHull@local@@QEAAXI@Z 0000000180025f40 f   QuickHullConvexHullLib.obj
 0001:00025080       ?recreate@?$Array@PEAUQuickHullFace@local@@V?$ReflectionAllocator@PEAUQuickHullFace@local@@@shdfnd@physx@@@shdfnd@physx@@IEAAXI@Z 0000000180026080 f i QuickHullConvexHullLib.obj
 0001:00025120       ?recreate@?$Array@PEAUQuickHullHalfEdge@local@@V?$ReflectionAllocator@PEAUQuickHullHalfEdge@local@@@shdfnd@physx@@@shdfnd@physx@@IEAAXI@Z 0000000180026120 f i QuickHullConvexHullLib.obj
 0001:000251c0       ?recreate@?$Array@PEAUQuickHullVertex@local@@V?$ReflectionAllocator@PEAUQuickHullVertex@local@@@shdfnd@physx@@@shdfnd@physx@@IEAAXI@Z 00000001800261c0 f i QuickHullConvexHullLib.obj
 0001:00025260       ?recreate@?$Array@UExpandPoint@local@@V?$ReflectionAllocator@UExpandPoint@local@@@shdfnd@physx@@@shdfnd@physx@@IEAAXI@Z 0000000180026260 f i QuickHullConvexHullLib.obj
 0001:000252f0       ?resolveUnclaimedPoints@QuickHull@local@@IEAAXAEBV?$Array@PEAUQuickHullFace@local@@V?$ReflectionAllocator@PEAUQuickHullFace@local@@@shdfnd@physx@@@shdfnd@physx@@@Z 00000001800262f0 f   QuickHullConvexHullLib.obj
 0001:00025ff0       ?computeVolumeIntegralsEberly@physx@@YA_NAEBVPxConvexMeshDesc@1@MAEAUPxIntegrals@1@AEBVPxVec3@1@@Z 0000000180026ff0 f   VolumeIntegration.obj
 0001:00026030       ?computeVolumeIntegralsEberlySIMD@physx@@YA_NAEBVPxConvexMeshDesc@1@MAEAUPxIntegrals@1@AEBVPxVec3@1@@Z 0000000180027030 f   VolumeIntegration.obj
 0001:00026690       ?cookingDelayHook@@YAP6A_JXZIPEAUDelayLoadInfo@@@Z 0000000180027690 f   WindowsCookingDelayLoadHook.obj
 0001:00026770       PxSetPhysXCookingDelayLoadHook 0000000180027770 f   WindowsCookingDelayLoadHook.obj
 0001:00026778       __imp_load_??0RadixSortBuffered@Cm@physx@@QEAA@XZ 0000000180027778 f   PhysXCommon_64:PhysXCommon_64.dll
 0001:00026784       ??0RadixSortBuffered@Cm@physx@@QEAA@XZ 0000000180027784 f   PhysXCommon_64:PhysXCommon_64.dll
 0001:0002678a       __tailMerge_physxcommon_64_dll 000000018002778a     PhysXCommon_64:PhysXCommon_64.dll
 0001:00026803       __imp_load_??1RadixSortBuffered@Cm@physx@@UEAA@XZ 0000000180027803 f   PhysXCommon_64:PhysXCommon_64.dll
 0001:0002680f       ??1RadixSortBuffered@Cm@physx@@UEAA@XZ 000000018002780f f   PhysXCommon_64:PhysXCommon_64.dll
 0001:00026815       __imp_load_?Sort@RadixSortBuffered@Cm@physx@@QEAAAEAV123@PEBIIW4RadixHint@23@@Z 0000000180027815 f   PhysXCommon_64:PhysXCommon_64.dll
 0001:00026821       ?Sort@RadixSortBuffered@Cm@physx@@QEAAAEAV123@PEBIIW4RadixHint@23@@Z 0000000180027821 f   PhysXCommon_64:PhysXCommon_64.dll
 0001:00026827       __imp_load_??0HeightField@Gu@physx@@QEAA@PEAVGuMeshFactory@2@@Z 0000000180027827 f   PhysXCommon_64:PhysXCommon_64.dll
 0001:00026833       ??0HeightField@Gu@physx@@QEAA@PEAVGuMeshFactory@2@@Z 0000000180027833 f   PhysXCommon_64:PhysXCommon_64.dll
 0001:00026839       __imp_load_?loadFromDesc@HeightField@Gu@physx@@QEAA_NAEBVPxHeightFieldDesc@3@@Z 0000000180027839 f   PhysXCommon_64:PhysXCommon_64.dll
 0001:00026845       ?loadFromDesc@HeightField@Gu@physx@@QEAA_NAEBVPxHeightFieldDesc@3@@Z 0000000180027845 f   PhysXCommon_64:PhysXCommon_64.dll
 0001:0002684b       __imp_load_?computeCellCoordinates@HeightField@Gu@physx@@QEBAIMMAEAM0@Z 000000018002784b f   PhysXCommon_64:PhysXCommon_64.dll
 0001:00026857       ?computeCellCoordinates@HeightField@Gu@physx@@QEBAIMMAEAM0@Z 0000000180027857 f   PhysXCommon_64:PhysXCommon_64.dll
 0001:0002685d       __imp_load_?releaseMemory@HeightField@Gu@physx@@QEAAXXZ 000000018002785d f   PhysXCommon_64:PhysXCommon_64.dll
 0001:00026869       ?releaseMemory@HeightField@Gu@physx@@QEAAXXZ 0000000180027869 f   PhysXCommon_64:PhysXCommon_64.dll
 0001:0002686f       __imp_load_??1HeightField@Gu@physx@@UEAA@XZ 000000018002786f f   PhysXCommon_64:PhysXCommon_64.dll
 0001:0002687b       ??1HeightField@Gu@physx@@UEAA@XZ 000000018002787b f   PhysXCommon_64:PhysXCommon_64.dll
 0001:00026881       __imp_load_??0NodeAllocator@Gu@physx@@QEAA@XZ 0000000180027881 f   PhysXCommon_64:PhysXCommon_64.dll
 0001:0002688d       ??0NodeAllocator@Gu@physx@@QEAA@XZ 000000018002788d f   PhysXCommon_64:PhysXCommon_64.dll
 0001:00026893       __imp_load_??1NodeAllocator@Gu@physx@@QEAA@XZ 0000000180027893 f   PhysXCommon_64:PhysXCommon_64.dll
 0001:0002689f       ??1NodeAllocator@Gu@physx@@QEAA@XZ 000000018002789f f   PhysXCommon_64:PhysXCommon_64.dll
 0001:000268a5       __imp_load_?release@NodeAllocator@Gu@physx@@QEAAXXZ 00000001800278a5 f   PhysXCommon_64:PhysXCommon_64.dll
 0001:000268b1       ?release@NodeAllocator@Gu@physx@@QEAAXXZ 00000001800278b1 f   PhysXCommon_64:PhysXCommon_64.dll
 0001:000268b7       __imp_load_?buildAABBTree@Gu@physx@@YA_NAEAVAABBTreeBuildParams@12@AEAVNodeAllocator@12@AEAUBuildStats@12@AEAPEAI@Z 00000001800278b7 f   PhysXCommon_64:PhysXCommon_64.dll
 0001:000268c3       ?buildAABBTree@Gu@physx@@YA_NAEAVAABBTreeBuildParams@12@AEAVNodeAllocator@12@AEAUBuildStats@12@AEAPEAI@Z 00000001800278c3 f   PhysXCommon_64:PhysXCommon_64.dll
 0001:000268c9       __imp_load_?writeDword@physx@@YAXI_NAEAVPxOutputStream@1@@Z 00000001800278c9 f   PhysXCommon_64:PhysXCommon_64.dll
 0001:000268d5       ?writeDword@physx@@YAXI_NAEAVPxOutputStream@1@@Z 00000001800278d5 f   PhysXCommon_64:PhysXCommon_64.dll
 0001:000268db       __imp_load_?writeFloatBuffer@physx@@YAXPEBMI_NAEAVPxOutputStream@1@@Z 00000001800278db f   PhysXCommon_64:PhysXCommon_64.dll
 0001:000268e7       ?writeFloatBuffer@physx@@YAXPEBMI_NAEAVPxOutputStream@1@@Z 00000001800278e7 f   PhysXCommon_64:PhysXCommon_64.dll
 0001:000268ed       __imp_load_?writeHeader@physx@@YA_NCCCCI_NAEAVPxOutputStream@1@@Z 00000001800278ed f   PhysXCommon_64:PhysXCommon_64.dll
 0001:000268f9       ?writeHeader@physx@@YA_NCCCCI_NAEAVPxOutputStream@1@@Z 00000001800278f9 f   PhysXCommon_64:PhysXCommon_64.dll
 0001:000268ff       __imp_load_?writeWord@physx@@YAXG_NAEAVPxOutputStream@1@@Z 00000001800278ff f   PhysXCommon_64:PhysXCommon_64.dll
 0001:0002690b       ?writeWord@physx@@YAXG_NAEAVPxOutputStream@1@@Z 000000018002790b f   PhysXCommon_64:PhysXCommon_64.dll
 0001:00026911       __imp_load_?writeFloat@physx@@YAXM_NAEAVPxOutputStream@1@@Z 0000000180027911 f   PhysXCommon_64:PhysXCommon_64.dll
 0001:0002691d       ?writeFloat@physx@@YAXM_NAEAVPxOutputStream@1@@Z 000000018002791d f   PhysXCommon_64:PhysXCommon_64.dll
 0001:00026923       __imp_load_?computeBoundsAroundVertices@Gu@physx@@YAXAEAVPxBounds3@2@IPEIBVPxVec3@2@@Z 0000000180027923 f   PhysXCommon_64:PhysXCommon_64.dll
 0001:0002692f       ?computeBoundsAroundVertices@Gu@physx@@YAXAEAVPxBounds3@2@IPEIBVPxVec3@2@@Z 000000018002792f f   PhysXCommon_64:PhysXCommon_64.dll
 0001:00026935       __imp_load_??0SourceMesh@Gu@physx@@QEAA@XZ 0000000180027935 f   PhysXCommon_64:PhysXCommon_64.dll
 0001:00026941       ??0SourceMesh@Gu@physx@@QEAA@XZ 0000000180027941 f   PhysXCommon_64:PhysXCommon_64.dll
 0001:00026947       __imp_load_??1SourceMesh@Gu@physx@@QEAA@XZ 0000000180027947 f   PhysXCommon_64:PhysXCommon_64.dll
 0001:00026953       ??1SourceMesh@Gu@physx@@QEAA@XZ 0000000180027953 f   PhysXCommon_64:PhysXCommon_64.dll
 0001:00026959       __imp_load_??0BV4Tree@Gu@physx@@QEAA@XZ 0000000180027959 f   PhysXCommon_64:PhysXCommon_64.dll
 0001:00026965       ??0BV4Tree@Gu@physx@@QEAA@XZ 0000000180027965 f   PhysXCommon_64:PhysXCommon_64.dll
 0001:0002696b       __imp_load_??1BV4Tree@Gu@physx@@QEAA@XZ 000000018002796b f   PhysXCommon_64:PhysXCommon_64.dll
 0001:00026977       ??1BV4Tree@Gu@physx@@QEAA@XZ 0000000180027977 f   PhysXCommon_64:PhysXCommon_64.dll
 0001:0002697d       __imp_load_??0BV32Tree@Gu@physx@@QEAA@XZ 000000018002797d f   PhysXCommon_64:PhysXCommon_64.dll
 0001:00026989       ??0BV32Tree@Gu@physx@@QEAA@XZ 0000000180027989 f   PhysXCommon_64:PhysXCommon_64.dll
 0001:0002698f       __imp_load_??1BV32Tree@Gu@physx@@QEAA@XZ 000000018002798f f   PhysXCommon_64:PhysXCommon_64.dll
 0001:0002699b       ??1BV32Tree@Gu@physx@@QEAA@XZ 000000018002799b f   PhysXCommon_64:PhysXCommon_64.dll
 0001:000269a1       __imp_load_?writeWordBuffer@physx@@YAXPEBGI_NAEAVPxOutputStream@1@@Z 00000001800279a1 f   PhysXCommon_64:PhysXCommon_64.dll
 0001:000269ad       ?writeWordBuffer@physx@@YAXPEBGI_NAEAVPxOutputStream@1@@Z 00000001800279ad f   PhysXCommon_64:PhysXCommon_64.dll
 0001:000269b3       __imp_load_?computeMaxIndex@physx@@YAIPEBII@Z 00000001800279b3 f   PhysXCommon_64:PhysXCommon_64.dll
 0001:000269bf       ?computeMaxIndex@physx@@YAIPEBII@Z 00000001800279bf f   PhysXCommon_64:PhysXCommon_64.dll
 0001:000269c5       __imp_load_?storeIndices@physx@@YAXIIPEBIAEAVPxOutputStream@1@_N@Z 00000001800279c5 f   PhysXCommon_64:PhysXCommon_64.dll
 0001:000269d1       ?storeIndices@physx@@YAXIIPEBIAEAVPxOutputStream@1@_N@Z 00000001800279d1 f   PhysXCommon_64:PhysXCommon_64.dll
 0001:000269d7       __imp_load_?BuildBV4Ex@Gu@physx@@YA_NAEAVBV4Tree@12@AEAVSourceMesh@12@MI@Z 00000001800279d7 f   PhysXCommon_64:PhysXCommon_64.dll
 0001:000269e3       ?BuildBV4Ex@Gu@physx@@YA_NAEAVBV4Tree@12@AEAVSourceMesh@12@MI@Z 00000001800279e3 f   PhysXCommon_64:PhysXCommon_64.dll
 0001:000269e9       __imp_load_?BuildBV32Ex@Gu@physx@@YA_NAEAVBV32Tree@12@AEAVSourceMesh@12@MI@Z 00000001800279e9 f   PhysXCommon_64:PhysXCommon_64.dll
 0001:000269f5       ?BuildBV32Ex@Gu@physx@@YA_NAEAVBV32Tree@12@AEAVSourceMesh@12@MI@Z 00000001800279f5 f   PhysXCommon_64:PhysXCommon_64.dll
 0001:000269fb       __imp_load_?computeMaxIndex@physx@@YAGPEBGI@Z 00000001800279fb f   PhysXCommon_64:PhysXCommon_64.dll
 0001:00026a07       ?computeMaxIndex@physx@@YAGPEBGI@Z 0000000180027a07 f   PhysXCommon_64:PhysXCommon_64.dll
 0001:00026a0d       __imp_load_?WriteHeader@Gu@physx@@YA_NEEEEI_NAEAVPxOutputStream@2@@Z 0000000180027a0d f   PhysXCommon_64:PhysXCommon_64.dll
 0001:00026a19       ?WriteHeader@Gu@physx@@YA_NEEEEI_NAEAVPxOutputStream@2@@Z 0000000180027a19 f   PhysXCommon_64:PhysXCommon_64.dll
 0001:00026a1f       __imp_load_?StoreIndices@Gu@physx@@YAXGIPEBGAEAVPxOutputStream@2@_N@Z 0000000180027a1f f   PhysXCommon_64:PhysXCommon_64.dll
 0001:00026a2b       ?StoreIndices@Gu@physx@@YAXGIPEBGAEAVPxOutputStream@2@_N@Z 0000000180027a2b f   PhysXCommon_64:PhysXCommon_64.dll
 0001:00026a31       __imp_load_?CreateOffsets@BigConvexData@physx@@IEAAXXZ 0000000180027a31 f   PhysXCommon_64:PhysXCommon_64.dll
 0001:00026a3d       ?CreateOffsets@BigConvexData@physx@@IEAAXXZ 0000000180027a3d f   PhysXCommon_64:PhysXCommon_64.dll
 0001:00026a43       __imp_load_?computeOBBPoints@Gu@physx@@YAXPEIAVPxVec3@2@AEBV32@1111@Z 0000000180027a43 f   PhysXCommon_64:PhysXCommon_64.dll
 0001:00026a4f       ?computeOBBPoints@Gu@physx@@YAXPEIAVPxVec3@2@AEBV32@1111@Z 0000000180027a4f f   PhysXCommon_64:PhysXCommon_64.dll
 0001:00026a55       __imp_load_??0BigConvexData@physx@@QEAA@XZ 0000000180027a55 f   PhysXCommon_64:PhysXCommon_64.dll
 0001:00026a61       ??0BigConvexData@physx@@QEAA@XZ 0000000180027a61 f   PhysXCommon_64:PhysXCommon_64.dll
 0001:00026a67       __imp_load_??1BigConvexData@physx@@QEAA@XZ 0000000180027a67 f   PhysXCommon_64:PhysXCommon_64.dll
 0001:00026a73       ??1BigConvexData@physx@@QEAA@XZ 0000000180027a73 f   PhysXCommon_64:PhysXCommon_64.dll
 0001:00026a79       __imp_load_PxGetFoundation 0000000180027a79 f   PhysXFoundation_64:PhysXFoundation_64.dll
 0001:00026a85       PxGetFoundation            0000000180027a85 f   PhysXFoundation_64:PhysXFoundation_64.dll
 0001:00026a8b       __tailMerge_physxfoundation_64_dll 0000000180027a8b     PhysXFoundation_64:PhysXFoundation_64.dll
 0001:00026b04       __imp_load_?getAllocator@shdfnd@physx@@YAAEAVPxAllocatorCallback@2@XZ 0000000180027b04 f   PhysXFoundation_64:PhysXFoundation_64.dll
 0001:00026b10       ?getAllocator@shdfnd@physx@@YAAEAVPxAllocatorCallback@2@XZ 0000000180027b10 f   PhysXFoundation_64:PhysXFoundation_64.dll
 0001:00026b16       __imp_load_?getInstance@Foundation@shdfnd@physx@@SAAEAV123@XZ 0000000180027b16 f   PhysXFoundation_64:PhysXFoundation_64.dll
 0001:00026b22       ?getInstance@Foundation@shdfnd@physx@@SAAEAV123@XZ 0000000180027b22 f   PhysXFoundation_64:PhysXFoundation_64.dll
 0001:00026b28       __imp_load_?error@Foundation@shdfnd@physx@@QEAAXW4Enum@PxErrorCode@3@PEBDH1ZZ 0000000180027b28 f   PhysXFoundation_64:PhysXFoundation_64.dll
 0001:00026b34       ?error@Foundation@shdfnd@physx@@QEAAXW4Enum@PxErrorCode@3@PEBDH1ZZ 0000000180027b34 f   PhysXFoundation_64:PhysXFoundation_64.dll
 0001:00026b3a       __imp_load_?incRefCount@Foundation@shdfnd@physx@@SAXXZ 0000000180027b3a f   PhysXFoundation_64:PhysXFoundation_64.dll
 0001:00026b46       ?incRefCount@Foundation@shdfnd@physx@@SAXXZ 0000000180027b46 f   PhysXFoundation_64:PhysXFoundation_64.dll
 0001:00026b4c       __imp_load_?decRefCount@Foundation@shdfnd@physx@@SAXXZ 0000000180027b4c f   PhysXFoundation_64:PhysXFoundation_64.dll
 0001:00026b58       ?decRefCount@Foundation@shdfnd@physx@@SAXXZ 0000000180027b58 f   PhysXFoundation_64:PhysXFoundation_64.dll
 0001:00026b5e       __imp_load_??0FPUGuard@shdfnd@physx@@QEAA@XZ 0000000180027b5e f   PhysXFoundation_64:PhysXFoundation_64.dll
 0001:00026b6a       ??0FPUGuard@shdfnd@physx@@QEAA@XZ 0000000180027b6a f   PhysXFoundation_64:PhysXFoundation_64.dll
 0001:00026b70       __imp_load_??1FPUGuard@shdfnd@physx@@QEAA@XZ 0000000180027b70 f   PhysXFoundation_64:PhysXFoundation_64.dll
 0001:00026b7c       ??1FPUGuard@shdfnd@physx@@QEAA@XZ 0000000180027b7c f   PhysXFoundation_64:PhysXFoundation_64.dll
 0001:00026b82       __imp_load_?allocate@TempAllocator@shdfnd@physx@@QEAAPEAX_KPEBDH@Z 0000000180027b82 f   PhysXFoundation_64:PhysXFoundation_64.dll
 0001:00026b8e       ?allocate@TempAllocator@shdfnd@physx@@QEAAPEAX_KPEBDH@Z 0000000180027b8e f   PhysXFoundation_64:PhysXFoundation_64.dll
 0001:00026b94       __imp_load_?deallocate@TempAllocator@shdfnd@physx@@QEAAXPEAX@Z 0000000180027b94 f   PhysXFoundation_64:PhysXFoundation_64.dll
 0001:00026ba0       ?deallocate@TempAllocator@shdfnd@physx@@QEAAXPEAX@Z 0000000180027ba0 f   PhysXFoundation_64:PhysXFoundation_64.dll
 0001:00026ba6       __imp_load_?PxDiagonalize@physx@@YA?AVPxVec3@1@AEBVPxMat33@1@AEAVPxQuat@1@@Z 0000000180027ba6 f   PhysXFoundation_64:PhysXFoundation_64.dll
 0001:00026bb2       ?PxDiagonalize@physx@@YA?AVPxVec3@1@AEBVPxMat33@1@AEAVPxQuat@1@@Z 0000000180027bb2 f   PhysXFoundation_64:PhysXFoundation_64.dll
 0001:00026bb8       ?DloadAcquireSectionWriteAccess@@YAXXZ 0000000180027bb8 f i Delayimp:delayhlp.obj
 0001:00026c64       ?DloadGetSRWLockFunctionPointers@@YAEXZ 0000000180027c64 f i Delayimp:delayhlp.obj
 0001:00026d04       ?DloadMakePermanentImageCommit@@YAXPEAX_K@Z 0000000180027d04 f i Delayimp:delayhlp.obj
 0001:00026d9c       ?DloadObtainSection@@YAPEAXPEAK0@Z 0000000180027d9c f i Delayimp:delayhlp.obj
 0001:00026e38       ?DloadProtectSection@@YAXKPEAK@Z 0000000180027e38 f i Delayimp:delayhlp.obj
 0001:00026ec8       ?DloadReleaseSectionWriteAccess@@YAXXZ 0000000180027ec8 f i Delayimp:delayhlp.obj
 0001:00026f5c       __delayLoadHelper2         0000000180027f5c f   Delayimp:delayhlp.obj
 0001:00027234       ??3@YAXPEAX_K@Z            0000000180028234 f   MSVCRT:delete_scalar_size.obj
 0001:00027234       ??_V@YAXPEAX@Z             0000000180028234 f   MSVCRT:delete_array.obj
 0001:0002723c       ??_Etype_info@@UEAAPEAXI@Z 000000018002823c f i MSVCRT:std_type_info_static.obj
 0001:0002723c       ??_Gtype_info@@UEAAPEAXI@Z 000000018002823c f i MSVCRT:std_type_info_static.obj
 0001:00027268       ?__scrt_initialize_type_info@@YAXXZ 0000000180028268 f   MSVCRT:tncleanup.obj
 0001:00027278       ?__scrt_uninitialize_type_info@@YAXXZ 0000000180028278 f   MSVCRT:tncleanup.obj
 0001:000272a0       __chkstk                   00000001800282a0 f   MSVCRT:chkstk.obj
 0001:000272a0       _alloca_probe              00000001800282a0 f   MSVCRT:chkstk.obj
 0001:000272f0       ??3@YAXPEAX@Z              00000001800282f0 f   MSVCRT:delete_scalar.obj
 0001:00027300       __vdecl_sinf4              0000000180028300 f   MSVCRT:svml_ssinf4_dispatch.obj
 0001:00027320       __libm_sse2_sincosf_       0000000180028320 f   MSVCRT:svml_ssinf4_dispatch.obj
 0001:00027363       __libm_sse2_sincosf4_      0000000180028363 f   MSVCRT:svml_ssinf4_dispatch.obj
 0001:00027690       _DllMainCRTStartup         0000000180028690 f   MSVCRT:dll_dllmain.obj
 0001:000276d0       __isa_available_init       00000001800286d0 f   MSVCRT:cpu_disp.obj
 0001:00027880       __sse2_sinf4@@16           0000000180028880 f   MSVCRT:svml_ssinf4_sse2.obj
 0001:000281c0       __sse4_sinf4@@16           00000001800291c0 f   MSVCRT:svml_ssinf4_sse4.obj
 0001:00028934       __security_init_cookie     0000000180029934 f   MSVCRT:gs_support.obj
 0001:000289e0       DllMain                    00000001800299e0 f   MSVCRT:dll_dllmain_stub.obj
 0001:00028a04       __local_stdio_printf_options 0000000180029a04 f i MSVCRT:default_local_stdio_options.obj
 0001:00028a0c       __local_stdio_scanf_options 0000000180029a0c f i MSVCRT:default_local_stdio_options.obj
 0001:00028a14       __scrt_initialize_default_local_stdio_options 0000000180029a14 f   MSVCRT:default_local_stdio_options.obj
 0001:00028a30       __scrt_acquire_startup_lock 0000000180029a30 f   MSVCRT:utility.obj
 0001:00028a6c       __scrt_dllmain_after_initialize_c 0000000180029a6c f   MSVCRT:utility.obj
 0001:00028aa0       __scrt_dllmain_before_initialize_c 0000000180029aa0 f   MSVCRT:utility.obj
 0001:00028ab8       __scrt_dllmain_crt_thread_attach 0000000180029ab8 f   MSVCRT:utility.obj
 0001:00028ae0       __scrt_dllmain_crt_thread_detach 0000000180029ae0 f   MSVCRT:utility.obj
 0001:00028af8       __scrt_dllmain_exception_filter 0000000180029af8 f   MSVCRT:utility.obj
 0001:00028b58       __scrt_dllmain_uninitialize_c 0000000180029b58 f   MSVCRT:utility.obj
 0001:00028b88       __scrt_dllmain_uninitialize_critical 0000000180029b88 f   MSVCRT:utility.obj
 0001:00028b9c       __scrt_initialize_crt      0000000180029b9c f   MSVCRT:utility.obj
 0001:00028be8       __scrt_initialize_onexit_tables 0000000180029be8 f   MSVCRT:utility.obj
 0001:00028c74       __scrt_is_nonwritable_in_current_image 0000000180029c74 f   MSVCRT:utility.obj
 0001:00028d0c       __scrt_release_startup_lock 0000000180029d0c f   MSVCRT:utility.obj
 0001:00028d30       __scrt_uninitialize_crt    0000000180029d30 f   MSVCRT:utility.obj
 0001:00028d5c       __scrt_get_dyn_tls_init_callback 0000000180029d5c f   MSVCRT:dyn_tls_init.obj
 0001:00028d64       __crt_debugger_hook        0000000180029d64 f   MSVCRT:utility_desktop.obj
 0001:00028d6c       __scrt_fastfail            0000000180029d6c f   MSVCRT:utility_desktop.obj
 0001:00028eb8       _RTC_Initialize            0000000180029eb8 f   MSVCRT:initsect.obj
 0001:00028ef4       _RTC_Terminate             0000000180029ef4 f   MSVCRT:initsect.obj
 0001:00028f30       __common_ssin_cout_rare    0000000180029f30 f   MSVCRT:svml_s_sin_cout.obj
 0001:00028fa0       __scrt_is_ucrt_dll_in_use  0000000180029fa0 f   MSVCRT:ucrt_detection.obj
 0001:00028fac       _purecall                  0000000180029fac f   vcruntime:VCRUNTIME140.dll
 0001:00028fb2       __std_type_info_name       0000000180029fb2 f   vcruntime:VCRUNTIME140.dll
 0001:00028fb8       memset                     0000000180029fb8 f   vcruntime:VCRUNTIME140.dll
 0001:00028fbe       memcpy                     0000000180029fbe f   vcruntime:VCRUNTIME140.dll
 0001:00028fc4       strstr                     0000000180029fc4 f   vcruntime:VCRUNTIME140.dll
 0001:00028fca       __std_type_info_destroy_list 0000000180029fca f   vcruntime:VCRUNTIME140.dll
 0001:00028fd0       __C_specific_handler       0000000180029fd0 f   vcruntime:VCRUNTIME140.dll
 0001:00028fd6       strcmp                     0000000180029fd6 f   ucrt:api-ms-win-crt-string-l1-1-0.dll
 0001:00028fdc       atan2f                     0000000180029fdc f   ucrt:api-ms-win-crt-math-l1-1-0.dll
 0001:00028fe2       free                       0000000180029fe2 f   ucrt:api-ms-win-crt-heap-l1-1-0.dll
 0001:00028fe8       _initterm                  0000000180029fe8 f   ucrt:api-ms-win-crt-runtime-l1-1-0.dll
 0001:00028fee       _initterm_e                0000000180029fee f   ucrt:api-ms-win-crt-runtime-l1-1-0.dll
 0001:00028ff4       _seh_filter_dll            0000000180029ff4 f   ucrt:api-ms-win-crt-runtime-l1-1-0.dll
 0001:00028ffa       _configure_narrow_argv     0000000180029ffa f   ucrt:api-ms-win-crt-runtime-l1-1-0.dll
 0001:00029000       _initialize_narrow_environment 000000018002a000 f   ucrt:api-ms-win-crt-runtime-l1-1-0.dll
 0001:00029006       _initialize_onexit_table   000000018002a006 f   ucrt:api-ms-win-crt-runtime-l1-1-0.dll
 0001:0002900c       _execute_onexit_table      000000018002a00c f   ucrt:api-ms-win-crt-runtime-l1-1-0.dll
 0001:00029012       _cexit                     000000018002a012 f   ucrt:api-ms-win-crt-runtime-l1-1-0.dll
 0001:00029018       __acrt_initialize          000000018002a018 f   MSVCRT:ucrt_stubs.obj
 0001:00029018       __acrt_thread_attach       000000018002a018 f   MSVCRT:ucrt_stubs.obj
 0001:00029018       __acrt_thread_detach       000000018002a018 f   MSVCRT:ucrt_stubs.obj
 0001:00029018       __acrt_uninitialize        000000018002a018 f   MSVCRT:ucrt_stubs.obj
 0001:00029018       __acrt_uninitialize_critical 000000018002a018 f   MSVCRT:ucrt_stubs.obj
 0001:00029018       __scrt_stub_for_acrt_initialize 000000018002a018 f   MSVCRT:ucrt_stubs.obj
 0001:00029018       __scrt_stub_for_acrt_thread_attach 000000018002a018 f   MSVCRT:ucrt_stubs.obj
 0001:00029018       __scrt_stub_for_acrt_thread_detach 000000018002a018 f   MSVCRT:ucrt_stubs.obj
 0001:00029018       __scrt_stub_for_acrt_uninitialize 000000018002a018 f   MSVCRT:ucrt_stubs.obj
 0001:00029018       __scrt_stub_for_acrt_uninitialize_critical 000000018002a018 f   MSVCRT:ucrt_stubs.obj
 0001:00029018       __vcrt_initialize          000000018002a018 f   MSVCRT:ucrt_stubs.obj
 0001:00029018       __vcrt_thread_attach       000000018002a018 f   MSVCRT:ucrt_stubs.obj
 0001:00029018       __vcrt_thread_detach       000000018002a018 f   MSVCRT:ucrt_stubs.obj
 0001:00029018       __vcrt_uninitialize        000000018002a018 f   MSVCRT:ucrt_stubs.obj
 0001:00029018       __vcrt_uninitialize_critical 000000018002a018 f   MSVCRT:ucrt_stubs.obj
 0001:00029030       _guard_dispatch_icall_nop  000000018002a030 f   MSVCRT:guard_dispatch.obj
 0001:00029050       _guard_xfg_dispatch_icall_nop 000000018002a050 f   MSVCRT:guard_xfg_dispatch.obj
 0002:00000000       __imp_LoadLibraryA         000000018002b000     kernel32:KERNEL32.dll
 0002:00000008       __imp_SetUnhandledExceptionFilter 000000018002b008     kernel32:KERNEL32.dll
 0002:00000010       __imp_UnhandledExceptionFilter 000000018002b010     kernel32:KERNEL32.dll
 0002:00000018       __imp_IsDebuggerPresent    000000018002b018     kernel32:KERNEL32.dll
 0002:00000020       __imp_RtlVirtualUnwind     000000018002b020     kernel32:KERNEL32.dll
 0002:00000028       __imp_RtlLookupFunctionEntry 000000018002b028     kernel32:KERNEL32.dll
 0002:00000030       __imp_RtlCaptureContext    000000018002b030     kernel32:KERNEL32.dll
 0002:00000038       __imp_DisableThreadLibraryCalls 000000018002b038     kernel32:KERNEL32.dll
 0002:00000040       __imp_GetSystemTimeAsFileTime 000000018002b040     kernel32:KERNEL32.dll
 0002:00000048       __imp_GetCurrentThreadId   000000018002b048     kernel32:KERNEL32.dll
 0002:00000050       __imp_GetCurrentProcessId  000000018002b050     kernel32:KERNEL32.dll
 0002:00000058       __imp_QueryPerformanceCounter 000000018002b058     kernel32:KERNEL32.dll
 0002:00000060       __imp_InitializeSListHead  000000018002b060     kernel32:KERNEL32.dll
 0002:00000068       __imp_LoadLibraryExA       000000018002b068     kernel32:KERNEL32.dll
 0002:00000070       __imp_GetProcAddress       000000018002b070     kernel32:KERNEL32.dll
 0002:00000078       __imp_GetModuleHandleW     000000018002b078     kernel32:KERNEL32.dll
 0002:00000080       __imp_FreeLibrary          000000018002b080     kernel32:KERNEL32.dll
 0002:00000088       __imp_VirtualQuery         000000018002b088     kernel32:KERNEL32.dll
 0002:00000090       __imp_VirtualProtect       000000018002b090     kernel32:KERNEL32.dll
 0002:00000098       __imp_GetSystemInfo        000000018002b098     kernel32:KERNEL32.dll
 0002:000000a0       __imp_GetLastError         000000018002b0a0     kernel32:KERNEL32.dll
 0002:000000a8       __imp_RaiseException       000000018002b0a8     kernel32:KERNEL32.dll
 0002:000000b0       __imp_IsProcessorFeaturePresent 000000018002b0b0     kernel32:KERNEL32.dll
 0002:000000b8       \177KERNEL32_NULL_THUNK_DATA 000000018002b0b8     kernel32:KERNEL32.dll
 0002:000000c0       __imp_memcpy               000000018002b0c0     vcruntime:VCRUNTIME140.dll
 0002:000000c8       __imp_strstr               000000018002b0c8     vcruntime:VCRUNTIME140.dll
[...]
 0002:000068f8       rgwOrd                     00000001800318f8     PhysXCooking_64.exp
 0002:000069ec       szName                     00000001800319ec     PhysXCooking_64.exp
 0002:00006a00       $N00001                    0000000180031a00     PhysXCooking_64.exp
 0002:00006a2f       $N00002                    0000000180031a2f     PhysXCooking_64.exp
 0002:00006a56       $N00003                    0000000180031a56     PhysXCooking_64.exp
 0002:00006a91       $N00004                    0000000180031a91     PhysXCooking_64.exp
 0002:00006ab8       $N00005                    0000000180031ab8     PhysXCooking_64.exp
 0002:00006ae4       $N00006                    0000000180031ae4     PhysXCooking_64.exp
 0002:00006b05       $N00007                    0000000180031b05     PhysXCooking_64.exp
 0002:00006b3a       $N00008                    0000000180031b3a     PhysXCooking_64.exp
 0002:00006b53       $N00009                    0000000180031b53     PhysXCooking_64.exp
 0002:00006b73       $N00010                    0000000180031b73     PhysXCooking_64.exp
 0002:00006b9c       $N00011                    0000000180031b9c     PhysXCooking_64.exp
 0002:00006bc3       $N00012                    0000000180031bc3     PhysXCooking_64.exp
 0002:00006bf2       $N00013                    0000000180031bf2     PhysXCooking_64.exp
 0002:00006c1f       $N00014                    0000000180031c1f     PhysXCooking_64.exp
 0002:00006c50       $N00015                    0000000180031c50     PhysXCooking_64.exp
 0002:00006c75       $N00016                    0000000180031c75     PhysXCooking_64.exp
 0002:00006ca0       $N00017                    0000000180031ca0     PhysXCooking_64.exp
 0002:00006cc6       $N00018                    0000000180031cc6     PhysXCooking_64.exp
 0002:00006ce5       $N00019                    0000000180031ce5     PhysXCooking_64.exp
 0002:00006d1b       $N00020                    0000000180031d1b     PhysXCooking_64.exp
 0002:00006d45       $N00021                    0000000180031d45     PhysXCooking_64.exp
 0002:00006d6c       $N00022                    0000000180031d6c     PhysXCooking_64.exp
 0002:00006d95       $N00023                    0000000180031d95     PhysXCooking_64.exp
 0002:00006dae       $N00024                    0000000180031dae     PhysXCooking_64.exp
 0002:00006dd3       $N00025                    0000000180031dd3     PhysXCooking_64.exp
 0002:00006df2       $N00026                    0000000180031df2     PhysXCooking_64.exp
 0002:00006e11       $N00027                    0000000180031e11     PhysXCooking_64.exp
 0002:00006e31       $N00028                    0000000180031e31     PhysXCooking_64.exp
 0002:00006e67       $N00029                    0000000180031e67     PhysXCooking_64.exp
 0002:00006e9f       $N00030                    0000000180031e9f     PhysXCooking_64.exp
 0002:00006ed3       $N00031                    0000000180031ed3     PhysXCooking_64.exp
 0002:00006f05       $N00032                    0000000180031f05     PhysXCooking_64.exp
 0002:00006f32       $N00033                    0000000180031f32     PhysXCooking_64.exp
 0002:00006f5a       $N00034                    0000000180031f5a     PhysXCooking_64.exp
 0002:00006f8b       $N00035                    0000000180031f8b     PhysXCooking_64.exp
 0002:00006fba       $N00036                    0000000180031fba     PhysXCooking_64.exp
 0002:00006fea       $N00037                    0000000180031fea     PhysXCooking_64.exp
 0002:00007018       $N00038                    0000000180032018     PhysXCooking_64.exp
 0002:00007049       $N00039                    0000000180032049     PhysXCooking_64.exp
 0002:0000707f       $N00040                    000000018003207f     PhysXCooking_64.exp
 0002:000070b3       $N00041                    00000001800320b3     PhysXCooking_64.exp
 0002:000070e5       $N00042                    00000001800320e5     PhysXCooking_64.exp
 0002:00007117       $N00043                    0000000180032117     PhysXCooking_64.exp
 0002:00007143       $N00044                    0000000180032143     PhysXCooking_64.exp
 0002:0000715f       $N00045                    000000018003215f     PhysXCooking_64.exp
 0002:00007189       $N00046                    0000000180032189     PhysXCooking_64.exp
 0002:000071ad       $N00047                    00000001800321ad     PhysXCooking_64.exp
 0002:000071df       $N00048                    00000001800321df     PhysXCooking_64.exp
 0002:00007206       $N00049                    0000000180032206     PhysXCooking_64.exp
 0002:00007234       $N00050                    0000000180032234     PhysXCooking_64.exp
 0002:0000725f       $N00051                    000000018003225f     PhysXCooking_64.exp
 0002:0000728c       $N00052                    000000018003228c     PhysXCooking_64.exp
 0002:000072b5       $N00053                    00000001800322b5     PhysXCooking_64.exp
 0002:000072e4       $N00054                    00000001800322e4     PhysXCooking_64.exp
 0002:0000730d       $N00055                    000000018003230d     PhysXCooking_64.exp
 0002:00007336       $N00056                    0000000180032336     PhysXCooking_64.exp
 0002:00007364       $N00057                    0000000180032364     PhysXCooking_64.exp
 0002:0000738c       $N00058                    000000018003238c     PhysXCooking_64.exp
 0002:000073c7       $N00059                    00000001800323c7     PhysXCooking_64.exp
 0002:000073f1       $N00060                    00000001800323f1     PhysXCooking_64.exp
 0002:00007425       $N00061                    0000000180032425     PhysXCooking_64.exp
 0002:0000745b       $N00062                    000000018003245b     PhysXCooking_64.exp
 0002:00007497       $N00063                    0000000180032497     PhysXCooking_64.exp
 0002:000074df       $N00064                    00000001800324df     PhysXCooking_64.exp
 0002:0000752f       $N00065                    000000018003252f     PhysXCooking_64.exp
 0002:00007563       $N00066                    0000000180032563     PhysXCooking_64.exp
 0002:00007598       $N00067                    0000000180032598     PhysXCooking_64.exp
 0002:000075ce       $N00068                    00000001800325ce     PhysXCooking_64.exp
 0002:000075f5       $N00069                    00000001800325f5     PhysXCooking_64.exp
 0002:0000763d       $N00070                    000000018003263d     PhysXCooking_64.exp
 0002:00007683       $N00071                    0000000180032683     PhysXCooking_64.exp
 0002:000076db       $N00072                    00000001800326db     PhysXCooking_64.exp
 0002:00007722       $N00073                    0000000180032722     PhysXCooking_64.exp
 0002:0000774d       $N00074                    000000018003274d     PhysXCooking_64.exp
 0002:0000777d       $N00075                    000000018003277d     PhysXCooking_64.exp
 0002:000077cd       $N00076                    00000001800327cd     PhysXCooking_64.exp
 0002:0000787c       $N00077                    000000018003287c     PhysXCooking_64.exp
 0002:000078da       $N00078                    00000001800328da     PhysXCooking_64.exp
 0002:00007906       $N00079                    0000000180032906     PhysXCooking_64.exp
 0002:00007932       $N00080                    0000000180032932     PhysXCooking_64.exp
 0002:00007967       $N00081                    0000000180032967     PhysXCooking_64.exp
 0002:00007990       $N00082                    0000000180032990     PhysXCooking_64.exp
 0002:000079cc       $N00083                    00000001800329cc     PhysXCooking_64.exp
 0002:000079f8       $N00084                    00000001800329f8     PhysXCooking_64.exp
 0002:00007a2b       $N00085                    0000000180032a2b     PhysXCooking_64.exp
 0002:00007a78       $N00086                    0000000180032a78     PhysXCooking_64.exp
 0002:00007aab       $N00087                    0000000180032aab     PhysXCooking_64.exp
 0002:00007ae5       $N00088                    0000000180032ae5     PhysXCooking_64.exp
 0002:00007b1f       $N00089                    0000000180032b1f     PhysXCooking_64.exp
 0002:00007b5b       $N00090                    0000000180032b5b     PhysXCooking_64.exp
 0002:00007b9f       $N00091                    0000000180032b9f     PhysXCooking_64.exp
 0002:00007bce       $N00092                    0000000180032bce     PhysXCooking_64.exp
 0002:00007c48       $N00093                    0000000180032c48     PhysXCooking_64.exp
 0002:00007ca5       $N00094                    0000000180032ca5     PhysXCooking_64.exp
 0002:00007cd1       $N00095                    0000000180032cd1     PhysXCooking_64.exp
 0002:00007d05       $N00096                    0000000180032d05     PhysXCooking_64.exp
 0002:00007d3e       $N00097                    0000000180032d3e     PhysXCooking_64.exp
 0002:00007d7b       $N00098                    0000000180032d7b     PhysXCooking_64.exp
 0002:00007db1       $N00099                    0000000180032db1     PhysXCooking_64.exp
 0002:00007dde       $N00100                    0000000180032dde     PhysXCooking_64.exp
 0002:00007e0b       $N00101                    0000000180032e0b     PhysXCooking_64.exp
 0002:00007e36       $N00102                    0000000180032e36     PhysXCooking_64.exp
 0002:00007e62       $N00103                    0000000180032e62     PhysXCooking_64.exp
 0002:00007e8f       $N00104                    0000000180032e8f     PhysXCooking_64.exp
 0002:00007eaf       $N00105                    0000000180032eaf     PhysXCooking_64.exp
 0002:00007eeb       $N00106                    0000000180032eeb     PhysXCooking_64.exp
 0002:00007f1c       $N00107                    0000000180032f1c     PhysXCooking_64.exp
 0002:00007f4e       $N00108                    0000000180032f4e     PhysXCooking_64.exp
 0002:00007f90       $N00109                    0000000180032f90     PhysXCooking_64.exp
 0002:00007fbd       $N00110                    0000000180032fbd     PhysXCooking_64.exp
 0002:00007fe1       $N00111                    0000000180032fe1     PhysXCooking_64.exp
 0002:00008011       $N00112                    0000000180033011     PhysXCooking_64.exp
 0002:00008044       $N00113                    0000000180033044     PhysXCooking_64.exp
 0002:00008069       $N00114                    0000000180033069     PhysXCooking_64.exp
 0002:00008097       $N00115                    0000000180033097     PhysXCooking_64.exp
 0002:000080bf       $N00116                    00000001800330bf     PhysXCooking_64.exp
 0002:000080df       $N00117                    00000001800330df     PhysXCooking_64.exp
 0002:00008124       $N00118                    0000000180033124     PhysXCooking_64.exp
 0002:00008161       $N00119                    0000000180033161     PhysXCooking_64.exp
 0002:0000819e       $N00120                    000000018003319e     PhysXCooking_64.exp
 0002:000081d1       $N00121                    00000001800331d1     PhysXCooking_64.exp
 0002:000081e1       $N00122                    00000001800331e1     PhysXCooking_64.exp
 0002:00008420       .idata$6                   0000000180033420     kernel32:KERNEL32.dll
 0002:000084a8       .idata$6                   00000001800334a8     vcruntime:VCRUNTIME140.dll
 0002:00008588       .idata$6                   0000000180033588     ucrt:api-ms-win-crt-string-l1-1-0.dll
 0002:000085aa       .idata$6                   00000001800335aa     ucrt:api-ms-win-crt-math-l1-1-0.dll
 0002:000085ca       .idata$6                   00000001800335ca     ucrt:api-ms-win-crt-heap-l1-1-0.dll
 0002:000085ea       .idata$6                   00000001800335ea     ucrt:api-ms-win-crt-runtime-l1-1-0.dll
 0003:00000000       ?MAXDOT_MINANG@local@@3MB  0000000180034000     ConvexHullUtils.obj
 0003:00000004       ?MAXDOT_MINANG@local@@3MB  0000000180034004     QuickHullConvexHullLib.obj
 0003:000007b0       ?maxV3Error@_VecMathTests@aos@shdfnd@physx@@3T__m128@@B 00000001800347b0     Cooking.obj
 0003:000007c0       ?minFError@_VecMathTests@aos@shdfnd@physx@@3T__m128@@B 00000001800347c0     Cooking.obj
 0003:000007d0       ?maxV4Error@_VecMathTests@aos@shdfnd@physx@@3T__m128@@B 00000001800347d0     Cooking.obj
 0003:000007e0       ?minV4Error@_VecMathTests@aos@shdfnd@physx@@3T__m128@@B 00000001800347e0     Cooking.obj
 0003:000007f0       ?minV3Error@_VecMathTests@aos@shdfnd@physx@@3T__m128@@B 00000001800347f0     Cooking.obj
 0003:00000800       ?maxFError@_VecMathTests@aos@shdfnd@physx@@3T__m128@@B 0000000180034800     Cooking.obj
 0003:00000810       ?maxV3Error@_VecMathTests@aos@shdfnd@physx@@3T__m128@@B 0000000180034810     BVHStructureBuilder.obj
 0003:00000820       ?minFError@_VecMathTests@aos@shdfnd@physx@@3T__m128@@B 0000000180034820     BVHStructureBuilder.obj
 0003:00000830       ?maxV4Error@_VecMathTests@aos@shdfnd@physx@@3T__m128@@B 0000000180034830     BVHStructureBuilder.obj
 0003:00000840       ?minV4Error@_VecMathTests@aos@shdfnd@physx@@3T__m128@@B 0000000180034840     BVHStructureBuilder.obj
 0003:00000850       ?minV3Error@_VecMathTests@aos@shdfnd@physx@@3T__m128@@B 0000000180034850     BVHStructureBuilder.obj
 0003:00000860       ?maxFError@_VecMathTests@aos@shdfnd@physx@@3T__m128@@B 0000000180034860     BVHStructureBuilder.obj
 0003:00000870       ?maxV3Error@_VecMathTests@aos@shdfnd@physx@@3T__m128@@B 0000000180034870     RTreeCooking.obj
 0003:00000880       ?minFError@_VecMathTests@aos@shdfnd@physx@@3T__m128@@B 0000000180034880     RTreeCooking.obj
 0003:00000890       ?maxV4Error@_VecMathTests@aos@shdfnd@physx@@3T__m128@@B 0000000180034890     RTreeCooking.obj
 0003:000008a0       ?minV4Error@_VecMathTests@aos@shdfnd@physx@@3T__m128@@B 00000001800348a0     RTreeCooking.obj
 0003:000008b0       ?minV3Error@_VecMathTests@aos@shdfnd@physx@@3T__m128@@B 00000001800348b0     RTreeCooking.obj
 0003:000008c0       ?maxFError@_VecMathTests@aos@shdfnd@physx@@3T__m128@@B 00000001800348c0     RTreeCooking.obj
 0003:000008d0       ?maxV3Error@_VecMathTests@aos@shdfnd@physx@@3T__m128@@B 00000001800348d0     MeshBuilder.obj
 0003:000008e0       ?minFError@_VecMathTests@aos@shdfnd@physx@@3T__m128@@B 00000001800348e0     MeshBuilder.obj
 0003:000008f0       ?maxV4Error@_VecMathTests@aos@shdfnd@physx@@3T__m128@@B 00000001800348f0     MeshBuilder.obj
 0003:00000900       ?minV4Error@_VecMathTests@aos@shdfnd@physx@@3T__m128@@B 0000000180034900     MeshBuilder.obj
 0003:00000910       ?minV3Error@_VecMathTests@aos@shdfnd@physx@@3T__m128@@B 0000000180034910     MeshBuilder.obj
 0003:00000920       ?maxFError@_VecMathTests@aos@shdfnd@physx@@3T__m128@@B 0000000180034920     MeshBuilder.obj
 0003:00000930       ?maxV3Error@_VecMathTests@aos@shdfnd@physx@@3T__m128@@B 0000000180034930     TriangleMeshBuilder.obj
 0003:00000940       ?minFError@_VecMathTests@aos@shdfnd@physx@@3T__m128@@B 0000000180034940     TriangleMeshBuilder.obj
 0003:00000950       ?maxV4Error@_VecMathTests@aos@shdfnd@physx@@3T__m128@@B 0000000180034950     TriangleMeshBuilder.obj
 0003:00000960       ?minV4Error@_VecMathTests@aos@shdfnd@physx@@3T__m128@@B 0000000180034960     TriangleMeshBuilder.obj
 0003:00000970       ?minV3Error@_VecMathTests@aos@shdfnd@physx@@3T__m128@@B 0000000180034970     TriangleMeshBuilder.obj
 0003:00000980       ?maxFError@_VecMathTests@aos@shdfnd@physx@@3T__m128@@B 0000000180034980     TriangleMeshBuilder.obj
 0003:00000990       ?maxV3Error@_VecMathTests@aos@shdfnd@physx@@3T__m128@@B 0000000180034990     BigConvexDataBuilder.obj
 0003:000009a0       ?minFError@_VecMathTests@aos@shdfnd@physx@@3T__m128@@B 00000001800349a0     BigConvexDataBuilder.obj
 0003:000009b0       ?maxV4Error@_VecMathTests@aos@shdfnd@physx@@3T__m128@@B 00000001800349b0     BigConvexDataBuilder.obj
 0003:000009c0       ?minV4Error@_VecMathTests@aos@shdfnd@physx@@3T__m128@@B 00000001800349c0     BigConvexDataBuilder.obj
 0003:000009d0       ?minV3Error@_VecMathTests@aos@shdfnd@physx@@3T__m128@@B 00000001800349d0     BigConvexDataBuilder.obj
 0003:000009e0       ?maxFError@_VecMathTests@aos@shdfnd@physx@@3T__m128@@B 00000001800349e0     BigConvexDataBuilder.obj
 0003:000009f0       ?maxV3Error@_VecMathTests@aos@shdfnd@physx@@3T__m128@@B 00000001800349f0     ConvexHullBuilder.obj
 0003:00000a00       ?minFError@_VecMathTests@aos@shdfnd@physx@@3T__m128@@B 0000000180034a00     ConvexHullBuilder.obj
 0003:00000a10       ?maxV4Error@_VecMathTests@aos@shdfnd@physx@@3T__m128@@B 0000000180034a10     ConvexHullBuilder.obj
 0003:00000a20       ?minV4Error@_VecMathTests@aos@shdfnd@physx@@3T__m128@@B 0000000180034a20     ConvexHullBuilder.obj
 0003:00000a30       ?minV3Error@_VecMathTests@aos@shdfnd@physx@@3T__m128@@B 0000000180034a30     ConvexHullBuilder.obj
 0003:00000a40       ?maxFError@_VecMathTests@aos@shdfnd@physx@@3T__m128@@B 0000000180034a40     ConvexHullBuilder.obj
 0003:00000a50       ?maxV3Error@_VecMathTests@aos@shdfnd@physx@@3T__m128@@B 0000000180034a50     ConvexHullUtils.obj
 0003:00000a60       ?minFError@_VecMathTests@aos@shdfnd@physx@@3T__m128@@B 0000000180034a60     ConvexHullUtils.obj
 0003:00000a70       ?maxV4Error@_VecMathTests@aos@shdfnd@physx@@3T__m128@@B 0000000180034a70     ConvexHullUtils.obj
 0003:00000a80       ?minV4Error@_VecMathTests@aos@shdfnd@physx@@3T__m128@@B 0000000180034a80     ConvexHullUtils.obj
 0003:00000a90       ?minV3Error@_VecMathTests@aos@shdfnd@physx@@3T__m128@@B 0000000180034a90     ConvexHullUtils.obj
 0003:00000aa0       ?maxFError@_VecMathTests@aos@shdfnd@physx@@3T__m128@@B 0000000180034aa0     ConvexHullUtils.obj
 0003:00000ab0       ?maxV3Error@_VecMathTests@aos@shdfnd@physx@@3T__m128@@B 0000000180034ab0     ConvexMeshBuilder.obj
 0003:00000ac0       ?minFError@_VecMathTests@aos@shdfnd@physx@@3T__m128@@B 0000000180034ac0     ConvexMeshBuilder.obj
 0003:00000ad0       ?maxV4Error@_VecMathTests@aos@shdfnd@physx@@3T__m128@@B 0000000180034ad0     ConvexMeshBuilder.obj
 0003:00000ae0       ?minV4Error@_VecMathTests@aos@shdfnd@physx@@3T__m128@@B 0000000180034ae0     ConvexMeshBuilder.obj
 0003:00000af0       ?minV3Error@_VecMathTests@aos@shdfnd@physx@@3T__m128@@B 0000000180034af0     ConvexMeshBuilder.obj
 0003:00000b00       ?maxFError@_VecMathTests@aos@shdfnd@physx@@3T__m128@@B 0000000180034b00     ConvexMeshBuilder.obj
 0003:00000b10       ?maxV3Error@_VecMathTests@aos@shdfnd@physx@@3T__m128@@B 0000000180034b10     VolumeIntegration.obj
 0003:00000b20       ?minFError@_VecMathTests@aos@shdfnd@physx@@3T__m128@@B 0000000180034b20     VolumeIntegration.obj
 0003:00000b30       ?maxV4Error@_VecMathTests@aos@shdfnd@physx@@3T__m128@@B 0000000180034b30     VolumeIntegration.obj
 0003:00000b40       ?minV4Error@_VecMathTests@aos@shdfnd@physx@@3T__m128@@B 0000000180034b40     VolumeIntegration.obj
 0003:00000b50       ?minV3Error@_VecMathTests@aos@shdfnd@physx@@3T__m128@@B 0000000180034b50     VolumeIntegration.obj
 0003:00000b60       ?maxFError@_VecMathTests@aos@shdfnd@physx@@3T__m128@@B 0000000180034b60     VolumeIntegration.obj
 0003:00000b70       ?gCookingDelayLoadHook@@3PEBVPxDelayLoadHook@physx@@EB 0000000180034b70     WindowsCookingDelayLoadHook.obj
 0003:00000bd0       ?__proc_attached@@3HA      0000000180034bd0     MSVCRT:dll_dllmain.obj
 0003:00000bf8       ?is_initialized_as_dll@@3_NA 0000000180034bf8     MSVCRT:utility.obj
 0003:00000bf9       ?module_local_atexit_table_initialized@@3_NA 0000000180034bf9     MSVCRT:utility.obj
 0003:00000c00       ?module_local_atexit_table@@3U_onexit_table_t@@A 0000000180034c00     MSVCRT:utility.obj
 0003:00000c18       ?module_local_at_quick_exit_table@@3U_onexit_table_t@@A 0000000180034c18     MSVCRT:utility.obj
 0005:00000000       _2il0floatpacket$19        0000000180037000     MSVCRT:svml_ssinf4_sse2.obj
 0005:00002200       _vmlsSinHATab              0000000180039200     MSVCRT:svml_s_sin_cout.obj
 0006:000000a0       $R000000                   000000018003a0a0     PhysXCooking.res
 0006:000003d0       $R000330                   000000018003a3d0     PhysXCooking.res
